Component: ARM Compiler 5.06 update 4 (build 422) Tool: armlink [4d35d2]

==============================================================================

Section Cross References

    startup_stm32l452xx.o(RESET) refers to startup_stm32l452xx.o(STACK) for __initial_sp
    startup_stm32l452xx.o(RESET) refers to startup_stm32l452xx.o(.text) for Reset_Handler
    startup_stm32l452xx.o(RESET) refers to stm32l4xx_it.o(i.NMI_Handler) for NMI_Handler
    startup_stm32l452xx.o(RESET) refers to stm32l4xx_it.o(i.HardFault_Handler) for HardFault_Handler
    startup_stm32l452xx.o(RESET) refers to stm32l4xx_it.o(i.MemManage_Handler) for MemManage_Handler
    startup_stm32l452xx.o(RESET) refers to stm32l4xx_it.o(i.BusFault_Handler) for BusFault_Handler
    startup_stm32l452xx.o(RESET) refers to stm32l4xx_it.o(i.UsageFault_Handler) for UsageFault_Handler
    startup_stm32l452xx.o(RESET) refers to stm32l4xx_it.o(i.SVC_Handler) for SVC_Handler
    startup_stm32l452xx.o(RESET) refers to stm32l4xx_it.o(i.DebugMon_Handler) for DebugMon_Handler
    startup_stm32l452xx.o(RESET) refers to stm32l4xx_it.o(i.PendSV_Handler) for PendSV_Handler
    startup_stm32l452xx.o(RESET) refers to stm32l4xx_it.o(i.SysTick_Handler) for SysTick_Handler
    startup_stm32l452xx.o(RESET) refers to stm32l4xx_it.o(i.DMA1_Channel2_IRQHandler) for DMA1_Channel2_IRQHandler
    startup_stm32l452xx.o(RESET) refers to stm32l4xx_it.o(i.DMA1_Channel3_IRQHandler) for DMA1_Channel3_IRQHandler
    startup_stm32l452xx.o(RESET) refers to stm32l4xx_it.o(i.USB_IRQHandler) for USB_IRQHandler
    startup_stm32l452xx.o(.text) refers to system_stm32l4xx.o(i.SystemInit) for SystemInit
    startup_stm32l452xx.o(.text) refers to entry.o(.ARM.Collect$$$$00000000) for __main
    comm.o(i.Connection_RecieveCallback) refers to queue.o(i.queue_push) for queue_push
    comm.o(i.Connection_RecieveCallback) refers to main.o(.bss) for q_from_tx
    queue.o(i.queue_clear) refers to queue.o(i.queue_pop) for queue_pop
    queue.o(i.queue_get_front) refers to memcpya.o(.text) for __aeabi_memcpy
    queue.o(i.queue_pop) refers to malloc.o(i.free) for free
    queue.o(i.queue_push) refers to malloc.o(i.malloc) for malloc
    queue.o(i.queue_push) refers to memseta.o(.text) for __aeabi_memclr
    queue.o(i.queue_push) refers to memcpya.o(.text) for __aeabi_memcpy
    main.o(i.HAL_SPI_TxRxCpltCallback) refers to queue.o(i.queue_push) for queue_push
    main.o(i.HAL_SPI_TxRxCpltCallback) refers to stm32l4xx_hal_gpio.o(i.HAL_GPIO_WritePin) for HAL_GPIO_WritePin
    main.o(i.HAL_SPI_TxRxCpltCallback) refers to main.o(.data) for exchanged
    main.o(i.HAL_SPI_TxRxCpltCallback) refers to main.o(.bss) for receive_buff
    main.o(i.SystemClock_Config) refers to memseta.o(.text) for __aeabi_memclr4
    main.o(i.SystemClock_Config) refers to stm32l4xx_hal_rcc.o(i.HAL_RCC_OscConfig) for HAL_RCC_OscConfig
    main.o(i.SystemClock_Config) refers to main.o(i.Error_Handler) for Error_Handler
    main.o(i.SystemClock_Config) refers to stm32l4xx_hal_rcc.o(i.HAL_RCC_ClockConfig) for HAL_RCC_ClockConfig
    main.o(i.SystemClock_Config) refers to stm32l4xx_hal_rcc_ex.o(i.HAL_RCCEx_PeriphCLKConfig) for HAL_RCCEx_PeriphCLKConfig
    main.o(i.SystemClock_Config) refers to stm32l4xx_hal_pwr_ex.o(i.HAL_PWREx_ControlVoltageScaling) for HAL_PWREx_ControlVoltageScaling
    main.o(i.main) refers to stm32l4xx_hal.o(i.HAL_Init) for HAL_Init
    main.o(i.main) refers to main.o(i.SystemClock_Config) for SystemClock_Config
    main.o(i.main) refers to gpio.o(i.MX_GPIO_Init) for MX_GPIO_Init
    main.o(i.main) refers to dma.o(i.MX_DMA_Init) for MX_DMA_Init
    main.o(i.main) refers to spi.o(i.MX_SPI1_Init) for MX_SPI1_Init
    main.o(i.main) refers to usart.o(i.MX_USART1_UART_Init) for MX_USART1_UART_Init
    main.o(i.main) refers to usb_device.o(i.MX_USB_DEVICE_Init) for MX_USB_DEVICE_Init
    main.o(i.main) refers to queue.o(i.queue_init) for queue_init
    main.o(i.main) refers to stm32l4xx_hal_gpio.o(i.HAL_GPIO_WritePin) for HAL_GPIO_WritePin
    main.o(i.main) refers to stm32l4xx_hal.o(i.HAL_Delay) for HAL_Delay
    main.o(i.main) refers to queue.o(i.queue_push) for queue_push
    main.o(i.main) refers to queue.o(i.queue_isempty) for queue_isempty
    main.o(i.main) refers to memseta.o(.text) for __aeabi_memclr4
    main.o(i.main) refers to queue.o(i.queue_get_frontl) for queue_get_frontl
    main.o(i.main) refers to queue.o(i.queue_get_front) for queue_get_front
    main.o(i.main) refers to stm32l4xx_hal_spi.o(i.HAL_SPI_TransmitReceive_DMA) for HAL_SPI_TransmitReceive_DMA
    main.o(i.main) refers to main.o(i.Error_Handler) for Error_Handler
    main.o(i.main) refers to queue.o(i.queue_pop) for queue_pop
    main.o(i.main) refers to usbd_cdc_if.o(i.CDC_Transmit_FS) for CDC_Transmit_FS
    main.o(i.main) refers to main.o(.bss) for q_from_rx
    main.o(i.main) refers to main.o(.data) for exchanged
    main.o(i.main) refers to spi.o(.bss) for hspi1
[...]
    .ARM.Collect$$$$00002712                 0x080001a4   Section        4  entry2.o(.ARM.Collect$$$$00002712)
    __lit__00000000                          0x080001a4   Data           4  entry2.o(.ARM.Collect$$$$00002712)
    .text                                    0x080001a8   Section       36  startup_stm32l452xx.o(.text)
    $v0                                      0x080001a8   Number         0  startup_stm32l452xx.o(.text)
    .text                                    0x080001cc   Section        0  uldiv.o(.text)
    .text                                    0x08000234   Section        0  memcpya.o(.text)
    .text                                    0x08000258   Section        0  memseta.o(.text)
    .text                                    0x0800027c   Section        0  llshl.o(.text)
    .text                                    0x0800029a   Section        0  llushr.o(.text)
    .text                                    0x080002bc   Section       36  init.o(.text)
    .text                                    0x080002e0   Section        0  __dczerorl2.o(.text)
    i.BusFault_Handler                       0x08000336   Section        0  stm32l4xx_it.o(i.BusFault_Handler)
    i.CDC_Control_FS                         0x0800033a   Section        0  usbd_cdc_if.o(i.CDC_Control_FS)
    CDC_Control_FS                           0x0800033b   Thumb Code    68  usbd_cdc_if.o(i.CDC_Control_FS)
    i.CDC_DeInit_FS                          0x0800037e   Section        0  usbd_cdc_if.o(i.CDC_DeInit_FS)
    CDC_DeInit_FS                            0x0800037f   Thumb Code     4  usbd_cdc_if.o(i.CDC_DeInit_FS)
    i.CDC_Init_FS                            0x08000384   Section        0  usbd_cdc_if.o(i.CDC_Init_FS)
    CDC_Init_FS                              0x08000385   Thumb Code    24  usbd_cdc_if.o(i.CDC_Init_FS)
    i.CDC_Receive_FS                         0x080003a8   Section        0  usbd_cdc_if.o(i.CDC_Receive_FS)
    CDC_Receive_FS                           0x080003a9   Thumb Code    32  usbd_cdc_if.o(i.CDC_Receive_FS)
    i.CDC_Transmit_FS                        0x080003cc   Section        0  usbd_cdc_if.o(i.CDC_Transmit_FS)
    i.Connection_RecieveCallback             0x08000408   Section        0  comm.o(i.Connection_RecieveCallback)
    i.Connection_TransmitCallback            0x08000420   Section        0  comm.o(i.Connection_TransmitCallback)
    i.DMA1_Channel2_IRQHandler               0x08000424   Section        0  stm32l4xx_it.o(i.DMA1_Channel2_IRQHandler)
    i.DMA1_Channel3_IRQHandler               0x08000434   Section        0  stm32l4xx_it.o(i.DMA1_Channel3_IRQHandler)
    i.DMA_SetConfig                          0x08000444   Section        0  stm32l4xx_hal_dma.o(i.DMA_SetConfig)
    DMA_SetConfig                            0x08000445   Thumb Code    48  stm32l4xx_hal_dma.o(i.DMA_SetConfig)
    i.DebugMon_Handler                       0x08000474   Section        0  stm32l4xx_it.o(i.DebugMon_Handler)
    i.Error_Handler                          0x08000476   Section        0  main.o(i.Error_Handler)
    i.Get_SerialNum                          0x08000478   Section        0  usbd_desc.o(i.Get_SerialNum)
    Get_SerialNum                            0x08000479   Thumb Code    42  usbd_desc.o(i.Get_SerialNum)
    i.HAL_DMA_IRQHandler                     0x080004ac   Section        0  stm32l4xx_hal_dma.o(i.HAL_DMA_IRQHandler)
    i.HAL_DMA_Init                           0x080005ac   Section        0  stm32l4xx_hal_dma.o(i.HAL_DMA_Init)
    i.HAL_DMA_Start_IT                       0x080006b8   Section        0  stm32l4xx_hal_dma.o(i.HAL_DMA_Start_IT)
    i.HAL_Delay                              0x08000754   Section        0  stm32l4xx_hal.o(i.HAL_Delay)
    i.HAL_GPIO_Init                          0x0800077c   Section        0  stm32l4xx_hal_gpio.o(i.HAL_GPIO_Init)
    i.HAL_GPIO_WritePin                      0x08000944   Section        0  stm32l4xx_hal_gpio.o(i.HAL_GPIO_WritePin)
    i.HAL_GetTick                            0x08000950   Section        0  stm32l4xx_hal.o(i.HAL_GetTick)
    i.HAL_IncTick                            0x0800095c   Section        0  stm32l4xx_hal.o(i.HAL_IncTick)
    i.HAL_Init                               0x08000974   Section        0  stm32l4xx_hal.o(i.HAL_Init)
    i.HAL_InitTick                           0x08000994   Section        0  stm32l4xx_hal.o(i.HAL_InitTick)
    i.HAL_MspInit                            0x080009ec   Section        0  stm32l4xx_hal_msp.o(i.HAL_MspInit)
    i.HAL_NVIC_EnableIRQ                     0x08000a2c   Section        0  stm32l4xx_hal_cortex.o(i.HAL_NVIC_EnableIRQ)
    i.HAL_NVIC_SetPriority                   0x08000a4c   Section        0  stm32l4xx_hal_cortex.o(i.HAL_NVIC_SetPriority)
    i.HAL_NVIC_SetPriorityGrouping           0x08000ad0   Section        0  stm32l4xx_hal_cortex.o(i.HAL_NVIC_SetPriorityGrouping)
    i.HAL_PCDEx_ActivateLPM                  0x08000af8   Section        0  stm32l4xx_hal_pcd_ex.o(i.HAL_PCDEx_ActivateLPM)
    i.HAL_PCDEx_LPM_Callback                 0x08000b20   Section        0  usbd_conf.o(i.HAL_PCDEx_LPM_Callback)
    i.HAL_PCDEx_PMAConfig                    0x08000b70   Section        0  stm32l4xx_hal_pcd_ex.o(i.HAL_PCDEx_PMAConfig)
    i.HAL_PCD_DataInStageCallback            0x08000bac   Section        0  usbd_conf.o(i.HAL_PCD_DataInStageCallback)
    i.HAL_PCD_DataOutStageCallback           0x08000bc8   Section        0  usbd_conf.o(i.HAL_PCD_DataOutStageCallback)
    i.HAL_PCD_EP_Close                       0x08000be4   Section        0  stm32l4xx_hal_pcd.o(i.HAL_PCD_EP_Close)
    i.HAL_PCD_EP_ClrStall                    0x08000c46   Section        0  stm32l4xx_hal_pcd.o(i.HAL_PCD_EP_ClrStall)
    i.HAL_PCD_EP_GetRxCount                  0x08000cba   Section        0  stm32l4xx_hal_pcd.o(i.HAL_PCD_EP_GetRxCount)
    i.HAL_PCD_EP_Open                        0x08000ccc   Section        0  stm32l4xx_hal_pcd.o(i.HAL_PCD_EP_Open)
    i.HAL_PCD_EP_Receive                     0x08000d50   Section        0  stm32l4xx_hal_pcd.o(i.HAL_PCD_EP_Receive)
    i.HAL_PCD_EP_SetStall                    0x08000d98   Section        0  stm32l4xx_hal_pcd.o(i.HAL_PCD_EP_SetStall)
    i.HAL_PCD_EP_Transmit                    0x08000e18   Section        0  stm32l4xx_hal_pcd.o(i.HAL_PCD_EP_Transmit)
    i.HAL_PCD_IRQHandler                     0x08000e62   Section        0  stm32l4xx_hal_pcd.o(i.HAL_PCD_IRQHandler)
    i.HAL_PCD_Init                           0x08001052   Section        0  stm32l4xx_hal_pcd.o(i.HAL_PCD_Init)
    i.HAL_PCD_MspInit                        0x0800118c   Section        0  usbd_conf.o(i.HAL_PCD_MspInit)
    i.HAL_PCD_ResetCallback                  0x08001218   Section        0  usbd_conf.o(i.HAL_PCD_ResetCallback)
    i.HAL_PCD_ResumeCallback                 0x0800123c   Section        0  usbd_conf.o(i.HAL_PCD_ResumeCallback)
    i.HAL_PCD_SOFCallback                    0x08001264   Section        0  usbd_conf.o(i.HAL_PCD_SOFCallback)
    i.HAL_PCD_SetAddress                     0x08001272   Section        0  stm32l4xx_hal_pcd.o(i.HAL_PCD_SetAddress)
    i.HAL_PCD_SetupStageCallback             0x080012a8   Section        0  usbd_conf.o(i.HAL_PCD_SetupStageCallback)
    i.HAL_PCD_Start                          0x080012ba   Section        0  stm32l4xx_hal_pcd.o(i.HAL_PCD_Start)
    i.HAL_PCD_SuspendCallback                0x080012f0   Section        0  usbd_conf.o(i.HAL_PCD_SuspendCallback)
    i.HAL_PWREx_ControlVoltageScaling        0x08001314   Section        0  stm32l4xx_hal_pwr_ex.o(i.HAL_PWREx_ControlVoltageScaling)
    i.HAL_PWREx_EnableVddUSB                 0x080013a0   Section        0  stm32l4xx_hal_pwr_ex.o(i.HAL_PWREx_EnableVddUSB)
    i.HAL_PWREx_GetVoltageRange              0x080013b4   Section        0  stm32l4xx_hal_pwr_ex.o(i.HAL_PWREx_GetVoltageRange)
    i.HAL_RCCEx_PeriphCLKConfig              0x080013c4   Section        0  stm32l4xx_hal_rcc_ex.o(i.HAL_RCCEx_PeriphCLKConfig)
    i.HAL_RCC_ClockConfig                    0x080017d4   Section        0  stm32l4xx_hal_rcc.o(i.HAL_RCC_ClockConfig)
    i.HAL_RCC_GetHCLKFreq                    0x08001950   Section        0  stm32l4xx_hal_rcc.o(i.HAL_RCC_GetHCLKFreq)
    i.HAL_RCC_GetPCLK1Freq                   0x0800195c   Section        0  stm32l4xx_hal_rcc.o(i.HAL_RCC_GetPCLK1Freq)
    i.HAL_RCC_GetPCLK2Freq                   0x08001980   Section        0  stm32l4xx_hal_rcc.o(i.HAL_RCC_GetPCLK2Freq)
    i.HAL_RCC_GetSysClockFreq                0x080019a4   Section        0  stm32l4xx_hal_rcc.o(i.HAL_RCC_GetSysClockFreq)
    i.HAL_RCC_OscConfig                      0x08001a90   Section        0  stm32l4xx_hal_rcc.o(i.HAL_RCC_OscConfig)
    i.HAL_SPI_ErrorCallback                  0x080021f8   Section        0  stm32l4xx_hal_spi.o(i.HAL_SPI_ErrorCallback)
    i.HAL_SPI_Init                           0x080021fa   Section        0  stm32l4xx_hal_spi.o(i.HAL_SPI_Init)
    i.HAL_SPI_MspInit                        0x080022bc   Section        0  spi.o(i.HAL_SPI_MspInit)
    i.HAL_SPI_RxCpltCallback                 0x080023ac   Section        0  stm32l4xx_hal_spi.o(i.HAL_SPI_RxCpltCallback)
    i.HAL_SPI_RxHalfCpltCallback             0x080023ae   Section        0  stm32l4xx_hal_spi.o(i.HAL_SPI_RxHalfCpltCallback)
    i.HAL_SPI_TransmitReceive_DMA            0x080023b0   Section        0  stm32l4xx_hal_spi.o(i.HAL_SPI_TransmitReceive_DMA)
    i.HAL_SPI_TxRxCpltCallback               0x080025e0   Section        0  main.o(i.HAL_SPI_TxRxCpltCallback)
    i.HAL_SPI_TxRxHalfCpltCallback           0x08002610   Section        0  stm32l4xx_hal_spi.o(i.HAL_SPI_TxRxHalfCpltCallback)
    i.HAL_SYSTICK_Config                     0x08002612   Section        0  stm32l4xx_hal_cortex.o(i.HAL_SYSTICK_Config)
    i.HAL_UART_Init                          0x08002646   Section        0  stm32l4xx_hal_uart.o(i.HAL_UART_Init)
    i.HAL_UART_MspInit                       0x080026bc   Section        0  usart.o(i.HAL_UART_MspInit)
    i.HardFault_Handler                      0x08002734   Section        0  stm32l4xx_it.o(i.HardFault_Handler)
    i.IntToUnicode                           0x08002738   Section        0  usbd_desc.o(i.IntToUnicode)
    IntToUnicode                             0x08002739   Thumb Code    62  usbd_desc.o(i.IntToUnicode)
    i.MX_DMA_Init                            0x08002778   Section        0  dma.o(i.MX_DMA_Init)
    i.MX_GPIO_Init                           0x080027bc   Section        0  gpio.o(i.MX_GPIO_Init)
    i.MX_SPI1_Init                           0x08002830   Section        0  spi.o(i.MX_SPI1_Init)
    i.MX_USART1_UART_Init                    0x08002880   Section        0  usart.o(i.MX_USART1_UART_Init)
    i.MX_USB_DEVICE_Init                     0x080028c0   Section        0  usb_device.o(i.MX_USB_DEVICE_Init)
    i.MemManage_Handler                      0x0800290c   Section        0  stm32l4xx_it.o(i.MemManage_Handler)
    i.NMI_Handler                            0x08002910   Section        0  stm32l4xx_it.o(i.NMI_Handler)
    i.PCD_EP_ISR_Handler                     0x08002912   Section        0  stm32l4xx_hal_pcd.o(i.PCD_EP_ISR_Handler)
    PCD_EP_ISR_Handler                       0x08002913   Thumb Code   906  stm32l4xx_hal_pcd.o(i.PCD_EP_ISR_Handler)
    i.PendSV_Handler                         0x08002c9c   Section        0  stm32l4xx_it.o(i.PendSV_Handler)
    i.RCCEx_PLLSAI1_Config                   0x08002ca0   Section        0  stm32l4xx_hal_rcc_ex.o(i.RCCEx_PLLSAI1_Config)
    RCCEx_PLLSAI1_Config                     0x08002ca1   Thumb Code   376  stm32l4xx_hal_rcc_ex.o(i.RCCEx_PLLSAI1_Config)
    i.RCC_SetFlashLatencyFromMSIRange        0x08002e28   Section        0  stm32l4xx_hal_rcc.o(i.RCC_SetFlashLatencyFromMSIRange)
    RCC_SetFlashLatencyFromMSIRange          0x08002e29   Thumb Code   148  stm32l4xx_hal_rcc.o(i.RCC_SetFlashLatencyFromMSIRange)
    i.SPI_DMAError                           0x08002ec4   Section        0  stm32l4xx_hal_spi.o(i.SPI_DMAError)
    SPI_DMAError                             0x08002ec5   Thumb Code    40  stm32l4xx_hal_spi.o(i.SPI_DMAError)
    i.SPI_DMAHalfReceiveCplt                 0x08002eec   Section        0  stm32l4xx_hal_spi.o(i.SPI_DMAHalfReceiveCplt)
    SPI_DMAHalfReceiveCplt                   0x08002eed   Thumb Code    14  stm32l4xx_hal_spi.o(i.SPI_DMAHalfReceiveCplt)
    i.SPI_DMAHalfTransmitReceiveCplt         0x08002efa   Section        0  stm32l4xx_hal_spi.o(i.SPI_DMAHalfTransmitReceiveCplt)
    SPI_DMAHalfTransmitReceiveCplt           0x08002efb   Thumb Code    14  stm32l4xx_hal_spi.o(i.SPI_DMAHalfTransmitReceiveCplt)
    i.SPI_DMAReceiveCplt                     0x08002f08   Section        0  stm32l4xx_hal_spi.o(i.SPI_DMAReceiveCplt)
    SPI_DMAReceiveCplt                       0x08002f09   Thumb Code    98  stm32l4xx_hal_spi.o(i.SPI_DMAReceiveCplt)
    i.SPI_DMATransmitReceiveCplt             0x08002f6a   Section        0  stm32l4xx_hal_spi.o(i.SPI_DMATransmitReceiveCplt)
    SPI_DMATransmitReceiveCplt               0x08002f6b   Thumb Code   104  stm32l4xx_hal_spi.o(i.SPI_DMATransmitReceiveCplt)
    i.SPI_EndRxTransaction                   0x08002fd2   Section        0  stm32l4xx_hal_spi.o(i.SPI_EndRxTransaction)
    SPI_EndRxTransaction                     0x08002fd3   Thumb Code   130  stm32l4xx_hal_spi.o(i.SPI_EndRxTransaction)
    i.SPI_EndRxTxTransaction                 0x08003054   Section        0  stm32l4xx_hal_spi.o(i.SPI_EndRxTxTransaction)
    SPI_EndRxTxTransaction                   0x08003055   Thumb Code   100  stm32l4xx_hal_spi.o(i.SPI_EndRxTxTransaction)
    i.SPI_WaitFifoStateUntilTimeout          0x080030b8   Section        0  stm32l4xx_hal_spi.o(i.SPI_WaitFifoStateUntilTimeout)
    SPI_WaitFifoStateUntilTimeout            0x080030b9   Thumb Code   170  stm32l4xx_hal_spi.o(i.SPI_WaitFifoStateUntilTimeout)
    i.SPI_WaitFlagStateUntilTimeout          0x08003162   Section        0  stm32l4xx_hal_spi.o(i.SPI_WaitFlagStateUntilTimeout)
    SPI_WaitFlagStateUntilTimeout            0x08003163   Thumb Code   168  stm32l4xx_hal_spi.o(i.SPI_WaitFlagStateUntilTimeout)
    i.SVC_Handler                            0x0800320a   Section        0  stm32l4xx_it.o(i.SVC_Handler)
    i.SysTick_Handler                        0x0800320c   Section        0  stm32l4xx_it.o(i.SysTick_Handler)
    i.SystemClockConfig_Resume               0x08003214   Section        0  usbd_conf.o(i.SystemClockConfig_Resume)
    SystemClockConfig_Resume                 0x08003215   Thumb Code     8  usbd_conf.o(i.SystemClockConfig_Resume)
    i.SystemClock_Config                     0x0800321c   Section        0  main.o(i.SystemClock_Config)
    i.SystemInit                             0x080032d8   Section        0  system_stm32l4xx.o(i.SystemInit)
    i.UART_AdvFeatureConfig                  0x08003328   Section        0  stm32l4xx_hal_uart.o(i.UART_AdvFeatureConfig)
    i.UART_CheckIdleState                    0x08003420   Section        0  stm32l4xx_hal_uart.o(i.UART_CheckIdleState)
    i.UART_SetConfig                         0x08003490   Section        0  stm32l4xx_hal_uart.o(i.UART_SetConfig)
    i.UART_WaitOnFlagUntilTimeout            0x080038c2   Section        0  stm32l4xx_hal_uart.o(i.UART_WaitOnFlagUntilTimeout)
    i.USBD_CDC_DataIn                        0x08003976   Section        0  usbd_cdc.o(i.USBD_CDC_DataIn)
    USBD_CDC_DataIn                          0x08003977   Thumb Code   118  usbd_cdc.o(i.USBD_CDC_DataIn)
    i.USBD_CDC_DataOut                       0x080039ec   Section        0  usbd_cdc.o(i.USBD_CDC_DataOut)
    USBD_CDC_DataOut                         0x080039ed   Thumb Code    52  usbd_cdc.o(i.USBD_CDC_DataOut)
    i.USBD_CDC_DeInit                        0x08003a20   Section        0  usbd_cdc.o(i.USBD_CDC_DeInit)
    USBD_CDC_DeInit                          0x08003a21   Thumb Code    78  usbd_cdc.o(i.USBD_CDC_DeInit)
    i.USBD_CDC_EP0_RxReady                   0x08003a6e   Section        0  usbd_cdc.o(i.USBD_CDC_EP0_RxReady)
    USBD_CDC_EP0_RxReady                     0x08003a6f   Thumb Code    50  usbd_cdc.o(i.USBD_CDC_EP0_RxReady)
    i.USBD_CDC_GetDeviceQualifierDescriptor  0x08003aa0   Section        0  usbd_cdc.o(i.USBD_CDC_GetDeviceQualifierDescriptor)
    i.USBD_CDC_GetFSCfgDesc                  0x08003ab0   Section        0  usbd_cdc.o(i.USBD_CDC_GetFSCfgDesc)
    USBD_CDC_GetFSCfgDesc                    0x08003ab1   Thumb Code    10  usbd_cdc.o(i.USBD_CDC_GetFSCfgDesc)
    i.USBD_CDC_GetHSCfgDesc                  0x08003ac0   Section        0  usbd_cdc.o(i.USBD_CDC_GetHSCfgDesc)
    USBD_CDC_GetHSCfgDesc                    0x08003ac1   Thumb Code    10  usbd_cdc.o(i.USBD_CDC_GetHSCfgDesc)
    i.USBD_CDC_GetOtherSpeedCfgDesc          0x08003ad0   Section        0  usbd_cdc.o(i.USBD_CDC_GetOtherSpeedCfgDesc)
    USBD_CDC_GetOtherSpeedCfgDesc            0x08003ad1   Thumb Code    10  usbd_cdc.o(i.USBD_CDC_GetOtherSpeedCfgDesc)
    i.USBD_CDC_Init                          0x08003ae0   Section        0  usbd_cdc.o(i.USBD_CDC_Init)
    USBD_CDC_Init                            0x08003ae1   Thumb Code   184  usbd_cdc.o(i.USBD_CDC_Init)
    i.USBD_CDC_ReceivePacket                 0x08003b98   Section        0  usbd_cdc.o(i.USBD_CDC_ReceivePacket)
    i.USBD_CDC_RegisterInterface             0x08003bd2   Section        0  usbd_cdc.o(i.USBD_CDC_RegisterInterface)
    i.USBD_CDC_SetRxBuffer                   0x08003be0   Section        0  usbd_cdc.o(i.USBD_CDC_SetRxBuffer)
    i.USBD_CDC_SetTxBuffer                   0x08003bee   Section        0  usbd_cdc.o(i.USBD_CDC_SetTxBuffer)
    i.USBD_CDC_Setup                         0x08003c02   Section        0  usbd_cdc.o(i.USBD_CDC_Setup)
    USBD_CDC_Setup                           0x08003c03   Thumb Code   244  usbd_cdc.o(i.USBD_CDC_Setup)
    i.USBD_CDC_TransmitPacket                0x08003cf6   Section        0  usbd_cdc.o(i.USBD_CDC_TransmitPacket)
    i.USBD_ClrClassConfig                    0x08003d34   Section        0  usbd_core.o(i.USBD_ClrClassConfig)
    i.USBD_ClrFeature                        0x08003d4a   Section        0  usbd_ctlreq.o(i.USBD_ClrFeature)
    USBD_ClrFeature                          0x08003d4b   Thumb Code    62  usbd_ctlreq.o(i.USBD_ClrFeature)
    i.USBD_CtlContinueRx                     0x08003d88   Section        0  usbd_ioreq.o(i.USBD_CtlContinueRx)
    i.USBD_CtlContinueSendData               0x08003da0   Section        0  usbd_ioreq.o(i.USBD_CtlContinueSendData)
    i.USBD_CtlError                          0x08003db8   Section        0  usbd_ctlreq.o(i.USBD_CtlError)
    i.USBD_CtlPrepareRx                      0x08003dd0   Section        0  usbd_ioreq.o(i.USBD_CtlPrepareRx)
    i.USBD_CtlReceiveStatus                  0x08003df8   Section        0  usbd_ioreq.o(i.USBD_CtlReceiveStatus)
    i.USBD_CtlSendData                       0x08003e12   Section        0  usbd_ioreq.o(i.USBD_CtlSendData)
    i.USBD_CtlSendStatus                     0x08003e34   Section        0  usbd_ioreq.o(i.USBD_CtlSendStatus)
    i.USBD_FS_ConfigStrDescriptor            0x08003e50   Section        0  usbd_desc.o(i.USBD_FS_ConfigStrDescriptor)
    i.USBD_FS_DeviceDescriptor               0x08003e84   Section        0  usbd_desc.o(i.USBD_FS_DeviceDescriptor)
    i.USBD_FS_InterfaceStrDescriptor         0x08003e94   Section        0  usbd_desc.o(i.USBD_FS_InterfaceStrDescriptor)
    i.USBD_FS_LangIDStrDescriptor            0x08003ecc   Section        0  usbd_desc.o(i.USBD_FS_LangIDStrDescriptor)
    i.USBD_FS_ManufacturerStrDescriptor      0x08003edc   Section        0  usbd_desc.o(i.USBD_FS_ManufacturerStrDescriptor)
    i.USBD_FS_ProductStrDescriptor           0x08003f08   Section        0  usbd_desc.o(i.USBD_FS_ProductStrDescriptor)
    i.USBD_FS_SerialStrDescriptor            0x08003f48   Section        0  usbd_desc.o(i.USBD_FS_SerialStrDescriptor)
    i.USBD_FS_USR_BOSDescriptor              0x08003f60   Section        0  usbd_desc.o(i.USBD_FS_USR_BOSDescriptor)
    i.USBD_GetConfig                         0x08003f70   Section        0  usbd_ctlreq.o(i.USBD_GetConfig)
    USBD_GetConfig                           0x08003f71   Thumb Code    86  usbd_ctlreq.o(i.USBD_GetConfig)
    i.USBD_GetDescriptor                     0x08003fc6   Section        0  usbd_ctlreq.o(i.USBD_GetDescriptor)
    USBD_GetDescriptor                       0x08003fc7   Thumb Code   554  usbd_ctlreq.o(i.USBD_GetDescriptor)
    i.USBD_GetLen                            0x080041f0   Section        0  usbd_ctlreq.o(i.USBD_GetLen)
    USBD_GetLen                              0x080041f1   Thumb Code    20  usbd_ctlreq.o(i.USBD_GetLen)
    i.USBD_GetStatus                         0x08004204   Section        0  usbd_ctlreq.o(i.USBD_GetStatus)
    USBD_GetStatus                           0x08004205   Thumb Code    90  usbd_ctlreq.o(i.USBD_GetStatus)
    i.USBD_GetString                         0x0800425e   Section        0  usbd_ctlreq.o(i.USBD_GetString)
    i.USBD_Init                              0x080042b0   Section        0  usbd_core.o(i.USBD_Init)
    i.USBD_LL_ClearStallEP                   0x080042e2   Section        0  usbd_conf.o(i.USBD_LL_ClearStallEP)
    i.USBD_LL_CloseEP                        0x08004326   Section        0  usbd_conf.o(i.USBD_LL_CloseEP)
    i.USBD_LL_DataInStage                    0x0800436a   Section        0  usbd_core.o(i.USBD_LL_DataInStage)
    i.USBD_LL_DataOutStage                   0x0800446a   Section        0  usbd_core.o(i.USBD_LL_DataOutStage)
    i.USBD_LL_GetRxDataSize                  0x08004510   Section        0  usbd_conf.o(i.USBD_LL_GetRxDataSize)
    i.USBD_LL_Init                           0x08004524   Section        0  usbd_conf.o(i.USBD_LL_Init)
    i.USBD_LL_IsStallEP                      0x080045b0   Section        0  usbd_conf.o(i.USBD_LL_IsStallEP)
    i.USBD_LL_OpenEP                         0x080045e0   Section        0  usbd_conf.o(i.USBD_LL_OpenEP)
    i.USBD_LL_PrepareReceive                 0x08004642   Section        0  usbd_conf.o(i.USBD_LL_PrepareReceive)
    i.USBD_LL_Reset                          0x080046a4   Section        0  usbd_core.o(i.USBD_LL_Reset)
    i.USBD_LL_Resume                         0x08004700   Section        0  usbd_core.o(i.USBD_LL_Resume)
    i.USBD_LL_SOF                            0x08004716   Section        0  usbd_core.o(i.USBD_LL_SOF)
    i.USBD_LL_SetSpeed                       0x08004738   Section        0  usbd_core.o(i.USBD_LL_SetSpeed)
    i.USBD_LL_SetUSBAddress                  0x08004740   Section        0  usbd_conf.o(i.USBD_LL_SetUSBAddress)
    i.USBD_LL_SetupStage                     0x08004784   Section        0  usbd_core.o(i.USBD_LL_SetupStage)
    i.USBD_LL_StallEP                        0x080047f2   Section        0  usbd_conf.o(i.USBD_LL_StallEP)
    i.USBD_LL_Start                          0x08004836   Section        0  usbd_conf.o(i.USBD_LL_Start)
    i.USBD_LL_Suspend                        0x08004872   Section        0  usbd_core.o(i.USBD_LL_Suspend)
    i.USBD_LL_Transmit                       0x08004886   Section        0  usbd_conf.o(i.USBD_LL_Transmit)
    i.USBD_ParseSetupRequest                 0x080048e8   Section        0  usbd_ctlreq.o(i.USBD_ParseSetupRequest)
    i.USBD_RegisterClass                     0x08004910   Section        0  usbd_core.o(i.USBD_RegisterClass)
    i.USBD_RunTestMode                       0x08004920   Section        0  usbd_core.o(i.USBD_RunTestMode)
    i.USBD_SetAddress                        0x08004926   Section        0  usbd_ctlreq.o(i.USBD_SetAddress)
    USBD_SetAddress                          0x08004927   Thumb Code    90  usbd_ctlreq.o(i.USBD_SetAddress)
    i.USBD_SetClassConfig                    0x08004980   Section        0  usbd_core.o(i.USBD_SetClassConfig)
    i.USBD_SetConfig                         0x080049a4   Section        0  usbd_ctlreq.o(i.USBD_SetConfig)
    USBD_SetConfig                           0x080049a5   Thumb Code   228  usbd_ctlreq.o(i.USBD_SetConfig)
    i.USBD_SetFeature                        0x08004a8c   Section        0  usbd_ctlreq.o(i.USBD_SetFeature)
    USBD_SetFeature                          0x08004a8d   Thumb Code    24  usbd_ctlreq.o(i.USBD_SetFeature)
    i.USBD_Start                             0x08004aa4   Section        0  usbd_core.o(i.USBD_Start)
    i.USBD_StdDevReq                         0x08004ab2   Section        0  usbd_ctlreq.o(i.USBD_StdDevReq)
    i.USBD_StdEPReq                          0x08004b54   Section        0  usbd_ctlreq.o(i.USBD_StdEPReq)
    i.USBD_StdItfReq                         0x08004d8c   Section        0  usbd_ctlreq.o(i.USBD_StdItfReq)
    i.USBD_static_free                       0x08004e0a   Section        0  usbd_conf.o(i.USBD_static_free)
    i.USBD_static_malloc                     0x08004e0c   Section        0  usbd_conf.o(i.USBD_static_malloc)
    i.USB_ActivateEndpoint                   0x08004e18   Section        0  stm32l4xx_ll_usb.o(i.USB_ActivateEndpoint)
    i.USB_CoreInit                           0x080052a8   Section        0  stm32l4xx_ll_usb.o(i.USB_CoreInit)
    i.USB_DeactivateEndpoint                 0x080052b0   Section        0  stm32l4xx_ll_usb.o(i.USB_DeactivateEndpoint)
    i.USB_DevConnect                         0x0800552c   Section        0  stm32l4xx_ll_usb.o(i.USB_DevConnect)
    i.USB_DevDisconnect                      0x0800553e   Section        0  stm32l4xx_ll_usb.o(i.USB_DevDisconnect)
    i.USB_DevInit                            0x08005550   Section        0  stm32l4xx_ll_usb.o(i.USB_DevInit)
    i.USB_DisableGlobalInt                   0x0800556e   Section        0  stm32l4xx_ll_usb.o(i.USB_DisableGlobalInt)
    i.USB_EP0_OutStart                       0x08005582   Section        0  stm32l4xx_ll_usb.o(i.USB_EP0_OutStart)
    i.USB_EPClearStall                       0x08005588   Section        0  stm32l4xx_ll_usb.o(i.USB_EPClearStall)
    i.USB_EPSetStall                         0x08005662   Section        0  stm32l4xx_ll_usb.o(i.USB_EPSetStall)
    i.USB_EPStartXfer                        0x080056be   Section        0  stm32l4xx_ll_usb.o(i.USB_EPStartXfer)
    i.USB_EnableGlobalInt                    0x08005b02   Section        0  stm32l4xx_ll_usb.o(i.USB_EnableGlobalInt)
    i.USB_IRQHandler                         0x08005b18   Section        0  stm32l4xx_it.o(i.USB_IRQHandler)
    i.USB_ReadInterrupts                     0x08005b28   Section        0  stm32l4xx_ll_usb.o(i.USB_ReadInterrupts)
    i.USB_ReadPMA                            0x08005b30   Section        0  stm32l4xx_ll_usb.o(i.USB_ReadPMA)
    i.USB_SetCurrentMode                     0x08005b76   Section        0  stm32l4xx_ll_usb.o(i.USB_SetCurrentMode)
    i.USB_SetDevAddress                      0x08005b7c   Section        0  stm32l4xx_ll_usb.o(i.USB_SetDevAddress)
    i.USB_WritePMA                           0x08005b8a   Section        0  stm32l4xx_ll_usb.o(i.USB_WritePMA)
    i.UsageFault_Handler                     0x08005bca   Section        0  stm32l4xx_it.o(i.UsageFault_Handler)
    i.__NVIC_GetPriorityGrouping             0x08005bd0   Section        0  stm32l4xx_hal_cortex.o(i.__NVIC_GetPriorityGrouping)
    __NVIC_GetPriorityGrouping               0x08005bd1   Thumb Code    10  stm32l4xx_hal_cortex.o(i.__NVIC_GetPriorityGrouping)
    i.__NVIC_SetPriority                     0x08005be0   Section        0  stm32l4xx_hal_cortex.o(i.__NVIC_SetPriority)
    __NVIC_SetPriority                       0x08005be1   Thumb Code    32  stm32l4xx_hal_cortex.o(i.__NVIC_SetPriority)
    i.__scatterload_copy                     0x08005c08   Section       14  handlers.o(i.__scatterload_copy)
    i.__scatterload_null                     0x08005c16   Section        2  handlers.o(i.__scatterload_null)
    i.__scatterload_zeroinit                 0x08005c18   Section       14  handlers.o(i.__scatterload_zeroinit)
    i.free                                   0x08005c28   Section        0  malloc.o(i.free)
    i.main                                   0x08005c78   Section        0  main.o(i.main)
    i.malloc                                 0x08005da8   Section        0  malloc.o(i.malloc)
    i.queue_get_front                        0x08005e14   Section        0  queue.o(i.queue_get_front)
    i.queue_get_frontl                       0x08005e50   Section        0  queue.o(i.queue_get_frontl)
    i.queue_init                             0x08005e58   Section        0  queue.o(i.queue_init)
    i.queue_isempty                          0x08005e62   Section        0  queue.o(i.queue_isempty)
    i.queue_pop                              0x08005e70   Section        0  queue.o(i.queue_pop)
    i.queue_push                             0x08005e8a   Section        0  queue.o(i.queue_push)
    .constdata                               0x08005f04   Section       72  system_stm32l4xx.o(.constdata)
    .data                                    0x20000000   Section        3  main.o(.data)
    .data                                    0x20000004   Section       94  usbd_desc.o(.data)
    .data                                    0x20000064   Section       16  usbd_cdc_if.o(.data)
    .data                                    0x20000074   Section       12  stm32l4xx_hal.o(.data)
    .data                                    0x20000080   Section        4  system_stm32l4xx.o(.data)
    .data                                    0x20000084   Section        1  usbd_ctlreq.o(.data)
    cfgidx                                   0x20000084   Data           1  usbd_ctlreq.o(.data)
    .data                                    0x20000088   Section      271  usbd_cdc.o(.data)
    USBD_CDC_DeviceQualifierDesc             0x20000088   Data          10  usbd_cdc.o(.data)
    .data                                    0x20000198   Section        4  mvars.o(.data)
    .data                                    0x2000019c   Section        4  mvars.o(.data)
    .bss                                     0x200001a0   Section      536  main.o(.bss)
    .bss                                     0x200003b8   Section      244  spi.o(.bss)
    .bss                                     0x200004ac   Section      128  usart.o(.bss)
    .bss                                     0x2000052c   Section      708  usb_device.o(.bss)
    .bss                                     0x200007f0   Section     1024  usbd_desc.o(.bss)
    .bss                                     0x20000bf0   Section     4096  usbd_cdc_if.o(.bss)
    .bss                                     0x20001bf0   Section     1172  usbd_conf.o(.bss)
    mem                                      0x20001e64   Data         544  usbd_conf.o(.bss)
    HEAP                                     0x20002088   Section      512  startup_stm32l452xx.o(HEAP)
    STACK                                    0x20002288   Section     1024  startup_stm32l452xx.o(STACK)

    Global Symbols

    Symbol Name                              Value     Ov Type        Size  Object(Section)

    BuildAttributes$$THM_ISAv4$E$P$D$K$B$S$7EM$VFPi3$EXTD16$VFPS$VFMA$PE$A:L22UL41UL21$X:L11$S22US41US21$IEEE1$IW$USESV6$~STKCKD$USESV7$~SHL$OSPACE$EBA8$MICROLIB$REQ8$PRES8$EABIv2 0x00000000   Number         0  anon$$obj.o ABSOLUTE
    __ARM_use_no_argv                        0x00000000   Number         0  main.o ABSOLUTE
    __cpp_initialize__aeabi_                  - Undefined Weak Reference
    __cxa_finalize                            - Undefined Weak Reference
    _clock_init                               - Undefined Weak Reference
    _microlib_exit                            - Undefined Weak Reference
    __Vectors_Size                           0x00000194   Number         0  startup_stm32l452xx.o ABSOLUTE
    __Vectors                                0x08000000   Data           4  startup_stm32l452xx.o(RESET)
    __Vectors_End                            0x08000194   Data           0  startup_stm32l452xx.o(RESET)
    __main                                   0x08000195   Thumb Code     0  entry.o(.ARM.Collect$$$$00000000)
    _main_stk                                0x08000195   Thumb Code     0  entry2.o(.ARM.Collect$$$$00000001)
    _main_scatterload                        0x08000199   Thumb Code     0  entry5.o(.ARM.Collect$$$$00000004)
    __main_after_scatterload                 0x0800019d   Thumb Code     0  entry5.o(.ARM.Collect$$$$00000004)
    _main_clock                              0x0800019d   Thumb Code     0  entry7b.o(.ARM.Collect$$$$00000008)
    _main_cpp_init                           0x0800019d   Thumb Code     0  entry8b.o(.ARM.Collect$$$$0000000A)
    _main_init                               0x0800019d   Thumb Code     0  entry9a.o(.ARM.Collect$$$$0000000B)
    __rt_final_cpp                           0x080001a5   Thumb Code     0  entry10a.o(.ARM.Collect$$$$0000000D)
    __rt_final_exit                          0x080001a5   Thumb Code     0  entry11a.o(.ARM.Collect$$$$0000000F)
    Reset_Handler                            0x080001a9   Thumb Code     8  startup_stm32l452xx.o(.text)
    ADC1_IRQHandler                          0x080001c3   Thumb Code     0  startup_stm32l452xx.o(.text)
    CAN1_RX0_IRQHandler                      0x080001c3   Thumb Code     0  startup_stm32l452xx.o(.text)
    CAN1_RX1_IRQHandler                      0x080001c3   Thumb Code     0  startup_stm32l452xx.o(.text)
    CAN1_SCE_IRQHandler                      0x080001c3   Thumb Code     0  startup_stm32l452xx.o(.text)
    CAN1_TX_IRQHandler                       0x080001c3   Thumb Code     0  startup_stm32l452xx.o(.text)
    COMP_IRQHandler                          0x080001c3   Thumb Code     0  startup_stm32l452xx.o(.text)
    CRS_IRQHandler                           0x080001c3   Thumb Code     0  startup_stm32l452xx.o(.text)
    DFSDM1_FLT0_IRQHandler                   0x080001c3   Thumb Code     0  startup_stm32l452xx.o(.text)
    DFSDM1_FLT1_IRQHandler                   0x080001c3   Thumb Code     0  startup_stm32l452xx.o(.text)
    DMA1_Channel1_IRQHandler                 0x080001c3   Thumb Code     0  startup_stm32l452xx.o(.text)
    DMA1_Channel4_IRQHandler                 0x080001c3   Thumb Code     0  startup_stm32l452xx.o(.text)
    DMA1_Channel5_IRQHandler                 0x080001c3   Thumb Code     0  startup_stm32l452xx.o(.text)
    DMA1_Channel6_IRQHandler                 0x080001c3   Thumb Code     0  startup_stm32l452xx.o(.text)
    DMA1_Channel7_IRQHandler                 0x080001c3   Thumb Code     0  startup_stm32l452xx.o(.text)
    DMA2_Channel1_IRQHandler                 0x080001c3   Thumb Code     0  startup_stm32l452xx.o(.text)
    DMA2_Channel2_IRQHandler                 0x080001c3   Thumb Code     0  startup_stm32l452xx.o(.text)
    DMA2_Channel3_IRQHandler                 0x080001c3   Thumb Code     0  startup_stm32l452xx.o(.text)
    DMA2_Channel4_IRQHandler                 0x080001c3   Thumb Code     0  startup_stm32l452xx.o(.text)
    DMA2_Channel5_IRQHandler                 0x080001c3   Thumb Code     0  startup_stm32l452xx.o(.text)
    DMA2_Channel6_IRQHandler                 0x080001c3   Thumb Code     0  startup_stm32l452xx.o(.text)
    DMA2_Channel7_IRQHandler                 0x080001c3   Thumb Code     0  startup_stm32l452xx.o(.text)
    EXTI0_IRQHandler                         0x080001c3   Thumb Code     0  startup_stm32l452xx.o(.text)
    EXTI15_10_IRQHandler                     0x080001c3   Thumb Code     0  startup_stm32l452xx.o(.text)
    EXTI1_IRQHandler                         0x080001c3   Thumb Code     0  startup_stm32l452xx.o(.text)
    EXTI2_IRQHandler                         0x080001c3   Thumb Code     0  startup_stm32l452xx.o(.text)
    EXTI3_IRQHandler                         0x080001c3   Thumb Code     0  startup_stm32l452xx.o(.text)
    EXTI4_IRQHandler                         0x080001c3   Thumb Code     0  startup_stm32l452xx.o(.text)
    EXTI9_5_IRQHandler                       0x080001c3   Thumb Code     0  startup_stm32l452xx.o(.text)
    FLASH_IRQHandler                         0x080001c3   Thumb Code     0  startup_stm32l452xx.o(.text)
    FPU_IRQHandler                           0x080001c3   Thumb Code     0  startup_stm32l452xx.o(.text)
    I2C1_ER_IRQHandler                       0x080001c3   Thumb Code     0  startup_stm32l452xx.o(.text)
    I2C1_EV_IRQHandler                       0x080001c3   Thumb Code     0  startup_stm32l452xx.o(.text)
    I2C2_ER_IRQHandler                       0x080001c3   Thumb Code     0  startup_stm32l452xx.o(.text)
    I2C2_EV_IRQHandler                       0x080001c3   Thumb Code     0  startup_stm32l452xx.o(.text)
    I2C3_ER_IRQHandler                       0x080001c3   Thumb Code     0  startup_stm32l452xx.o(.text)
    I2C3_EV_IRQHandler                       0x080001c3   Thumb Code     0  startup_stm32l452xx.o(.text)
    I2C4_ER_IRQHandler                       0x080001c3   Thumb Code     0  startup_stm32l452xx.o(.text)
    I2C4_EV_IRQHandler                       0x080001c3   Thumb Code     0  startup_stm32l452xx.o(.text)
    LPTIM1_IRQHandler                        0x080001c3   Thumb Code     0  startup_stm32l452xx.o(.text)
    LPTIM2_IRQHandler                        0x080001c3   Thumb Code     0  startup_stm32l452xx.o(.text)
    LPUART1_IRQHandler                       0x080001c3   Thumb Code     0  startup_stm32l452xx.o(.text)
    PVD_PVM_IRQHandler                       0x080001c3   Thumb Code     0  startup_stm32l452xx.o(.text)
    QUADSPI_IRQHandler                       0x080001c3   Thumb Code     0  startup_stm32l452xx.o(.text)
    RCC_IRQHandler                           0x080001c3   Thumb Code     0  startup_stm32l452xx.o(.text)
    RNG_IRQHandler                           0x080001c3   Thumb Code     0  startup_stm32l452xx.o(.text)
    RTC_Alarm_IRQHandler                     0x080001c3   Thumb Code     0  startup_stm32l452xx.o(.text)
    RTC_WKUP_IRQHandler                      0x080001c3   Thumb Code     0  startup_stm32l452xx.o(.text)
    SAI1_IRQHandler                          0x080001c3   Thumb Code     0  startup_stm32l452xx.o(.text)
    SDMMC1_IRQHandler                        0x080001c3   Thumb Code     0  startup_stm32l452xx.o(.text)
    SPI1_IRQHandler                          0x080001c3   Thumb Code     0  startup_stm32l452xx.o(.text)
    SPI2_IRQHandler                          0x080001c3   Thumb Code     0  startup_stm32l452xx.o(.text)
    SPI3_IRQHandler                          0x080001c3   Thumb Code     0  startup_stm32l452xx.o(.text)
    TAMP_STAMP_IRQHandler                    0x080001c3   Thumb Code     0  startup_stm32l452xx.o(.text)
    TIM1_BRK_TIM15_IRQHandler                0x080001c3   Thumb Code     0  startup_stm32l452xx.o(.text)
    TIM1_CC_IRQHandler                       0x080001c3   Thumb Code     0  startup_stm32l452xx.o(.text)
    TIM1_TRG_COM_IRQHandler                  0x080001c3   Thumb Code     0  startup_stm32l452xx.o(.text)
    TIM1_UP_TIM16_IRQHandler                 0x080001c3   Thumb Code     0  startup_stm32l452xx.o(.text)
    TIM2_IRQHandler                          0x080001c3   Thumb Code     0  startup_stm32l452xx.o(.text)
    TIM3_IRQHandler                          0x080001c3   Thumb Code     0  startup_stm32l452xx.o(.text)
    TIM6_DAC_IRQHandler                      0x080001c3   Thumb Code     0  startup_stm32l452xx.o(.text)
    TSC_IRQHandler                           0x080001c3   Thumb Code     0  startup_stm32l452xx.o(.text)
    UART4_IRQHandler                         0x080001c3   Thumb Code     0  startup_stm32l452xx.o(.text)
    USART1_IRQHandler                        0x080001c3   Thumb Code     0  startup_stm32l452xx.o(.text)
    USART2_IRQHandler                        0x080001c3   Thumb Code     0  startup_stm32l452xx.o(.text)
    USART3_IRQHandler                        0x080001c3   Thumb Code     0  startup_stm32l452xx.o(.text)
    WWDG_IRQHandler                          0x080001c3   Thumb Code     0  startup_stm32l452xx.o(.text)
    __aeabi_uldivmod                         0x080001cd   Thumb Code    98  uldiv.o(.text)
    __aeabi_memcpy                           0x08000235   Thumb Code    36  memcpya.o(.text)
    __aeabi_memcpy4                          0x08000235   Thumb Code     0  memcpya.o(.text)
    __aeabi_memcpy8                          0x08000235   Thumb Code     0  memcpya.o(.text)
    __aeabi_memset                           0x08000259   Thumb Code    14  memseta.o(.text)
    __aeabi_memset4                          0x08000259   Thumb Code     0  memseta.o(.text)
    __aeabi_memset8                          0x08000259   Thumb Code     0  memseta.o(.text)
    __aeabi_memclr                           0x08000267   Thumb Code     4  memseta.o(.text)
    __aeabi_memclr4                          0x08000267   Thumb Code     0  memseta.o(.text)
    __aeabi_memclr8                          0x08000267   Thumb Code     0  memseta.o(.text)
    _memset$wrapper                          0x0800026b   Thumb Code    18  memseta.o(.text)
    __aeabi_llsl                             0x0800027d   Thumb Code    30  llshl.o(.text)
    _ll_shift_l                              0x0800027d   Thumb Code     0  llshl.o(.text)
    __aeabi_llsr                             0x0800029b   Thumb Code    32  llushr.o(.text)
    _ll_ushift_r                             0x0800029b   Thumb Code     0  llushr.o(.text)
    __scatterload                            0x080002bd   Thumb Code    28  init.o(.text)
    __scatterload_rt2                        0x080002bd   Thumb Code     0  init.o(.text)
    __decompress                             0x080002e1   Thumb Code     0  __dczerorl2.o(.text)
    __decompress1                            0x080002e1   Thumb Code    86  __dczerorl2.o(.text)
    BusFault_Handler                         0x08000337   Thumb Code     4  stm32l4xx_it.o(i.BusFault_Handler)
    CDC_Transmit_FS                          0x080003cd   Thumb Code    54  usbd_cdc_if.o(i.CDC_Transmit_FS)
    Connection_RecieveCallback               0x08000409   Thumb Code    18  comm.o(i.Connection_RecieveCallback)
    Connection_TransmitCallback              0x08000421   Thumb Code     2  comm.o(i.Connection_TransmitCallback)
    DMA1_Channel2_IRQHandler                 0x08000425   Thumb Code    10  stm32l4xx_it.o(i.DMA1_Channel2_IRQHandler)
    DMA1_Channel3_IRQHandler                 0x08000435   Thumb Code    10  stm32l4xx_it.o(i.DMA1_Channel3_IRQHandler)
    DebugMon_Handler                         0x08000475   Thumb Code     2  stm32l4xx_it.o(i.DebugMon_Handler)
    Error_Handler                            0x08000477   Thumb Code     2  main.o(i.Error_Handler)
    HAL_DMA_IRQHandler                       0x080004ad   Thumb Code   254  stm32l4xx_hal_dma.o(i.HAL_DMA_IRQHandler)
    HAL_DMA_Init                             0x080005ad   Thumb Code   258  stm32l4xx_hal_dma.o(i.HAL_DMA_Init)
    HAL_DMA_Start_IT                         0x080006b9   Thumb Code   156  stm32l4xx_hal_dma.o(i.HAL_DMA_Start_IT)
    HAL_Delay                                0x08000755   Thumb Code    36  stm32l4xx_hal.o(i.HAL_Delay)
    HAL_GPIO_Init                            0x0800077d   Thumb Code   428  stm32l4xx_hal_gpio.o(i.HAL_GPIO_Init)
    HAL_GPIO_WritePin                        0x08000945   Thumb Code    10  stm32l4xx_hal_gpio.o(i.HAL_GPIO_WritePin)
    HAL_GetTick                              0x08000951   Thumb Code     6  stm32l4xx_hal.o(i.HAL_GetTick)
    HAL_IncTick                              0x0800095d   Thumb Code    16  stm32l4xx_hal.o(i.HAL_IncTick)
    HAL_Init                                 0x08000975   Thumb Code    30  stm32l4xx_hal.o(i.HAL_Init)
    HAL_InitTick                             0x08000995   Thumb Code    74  stm32l4xx_hal.o(i.HAL_InitTick)
    HAL_MspInit                              0x080009ed   Thumb Code    58  stm32l4xx_hal_msp.o(i.HAL_MspInit)
    HAL_NVIC_EnableIRQ                       0x08000a2d   Thumb Code    32  stm32l4xx_hal_cortex.o(i.HAL_NVIC_EnableIRQ)
    HAL_NVIC_SetPriority                     0x08000a4d   Thumb Code   124  stm32l4xx_hal_cortex.o(i.HAL_NVIC_SetPriority)
    HAL_NVIC_SetPriorityGrouping             0x08000ad1   Thumb Code    32  stm32l4xx_hal_cortex.o(i.HAL_NVIC_SetPriorityGrouping)
    HAL_PCDEx_ActivateLPM                    0x08000af9   Thumb Code    40  stm32l4xx_hal_pcd_ex.o(i.HAL_PCDEx_ActivateLPM)
    HAL_PCDEx_LPM_Callback                   0x08000b21   Thumb Code    74  usbd_conf.o(i.HAL_PCDEx_LPM_Callback)
    HAL_PCDEx_PMAConfig                      0x08000b71   Thumb Code    60  stm32l4xx_hal_pcd_ex.o(i.HAL_PCDEx_PMAConfig)
    HAL_PCD_DataInStageCallback              0x08000bad   Thumb Code    28  usbd_conf.o(i.HAL_PCD_DataInStageCallback)
    HAL_PCD_DataOutStageCallback             0x08000bc9   Thumb Code    28  usbd_conf.o(i.HAL_PCD_DataOutStageCallback)
    HAL_PCD_EP_Close                         0x08000be5   Thumb Code    98  stm32l4xx_hal_pcd.o(i.HAL_PCD_EP_Close)
    HAL_PCD_EP_ClrStall                      0x08000c47   Thumb Code   116  stm32l4xx_hal_pcd.o(i.HAL_PCD_EP_ClrStall)
    HAL_PCD_EP_GetRxCount                    0x08000cbb   Thumb Code    18  stm32l4xx_hal_pcd.o(i.HAL_PCD_EP_GetRxCount)
    HAL_PCD_EP_Open                          0x08000ccd   Thumb Code   132  stm32l4xx_hal_pcd.o(i.HAL_PCD_EP_Open)
    HAL_PCD_EP_Receive                       0x08000d51   Thumb Code    72  stm32l4xx_hal_pcd.o(i.HAL_PCD_EP_Receive)
    HAL_PCD_EP_SetStall                      0x08000d99   Thumb Code   128  stm32l4xx_hal_pcd.o(i.HAL_PCD_EP_SetStall)
    HAL_PCD_EP_Transmit                      0x08000e19   Thumb Code    74  stm32l4xx_hal_pcd.o(i.HAL_PCD_EP_Transmit)
    HAL_PCD_IRQHandler                       0x08000e63   Thumb Code   496  stm32l4xx_hal_pcd.o(i.HAL_PCD_IRQHandler)
    HAL_PCD_Init                             0x08001053   Thumb Code   314  stm32l4xx_hal_pcd.o(i.HAL_PCD_Init)
    HAL_PCD_MspInit                          0x0800118d   Thumb Code   130  usbd_conf.o(i.HAL_PCD_MspInit)
    HAL_PCD_ResetCallback                    0x08001219   Thumb Code    36  usbd_conf.o(i.HAL_PCD_ResetCallback)
    HAL_PCD_ResumeCallback                   0x0800123d   Thumb Code    34  usbd_conf.o(i.HAL_PCD_ResumeCallback)
    HAL_PCD_SOFCallback                      0x08001265   Thumb Code    14  usbd_conf.o(i.HAL_PCD_SOFCallback)
    HAL_PCD_SetAddress                       0x08001273   Thumb Code    54  stm32l4xx_hal_pcd.o(i.HAL_PCD_SetAddress)
    HAL_PCD_SetupStageCallback               0x080012a9   Thumb Code    18  usbd_conf.o(i.HAL_PCD_SetupStageCallback)
    HAL_PCD_Start                            0x080012bb   Thumb Code    52  stm32l4xx_hal_pcd.o(i.HAL_PCD_Start)
    HAL_PCD_SuspendCallback                  0x080012f1   Thumb Code    30  usbd_conf.o(i.HAL_PCD_SuspendCallback)
    HAL_PWREx_ControlVoltageScaling          0x08001315   Thumb Code   128  stm32l4xx_hal_pwr_ex.o(i.HAL_PWREx_ControlVoltageScaling)
    HAL_PWREx_EnableVddUSB                   0x080013a1   Thumb Code    14  stm32l4xx_hal_pwr_ex.o(i.HAL_PWREx_EnableVddUSB)
    HAL_PWREx_GetVoltageRange                0x080013b5   Thumb Code    10  stm32l4xx_hal_pwr_ex.o(i.HAL_PWREx_GetVoltageRange)
    HAL_RCCEx_PeriphCLKConfig                0x080013c5   Thumb Code  1040  stm32l4xx_hal_rcc_ex.o(i.HAL_RCCEx_PeriphCLKConfig)
    HAL_RCC_ClockConfig                      0x080017d5   Thumb Code   360  stm32l4xx_hal_rcc.o(i.HAL_RCC_ClockConfig)
    HAL_RCC_GetHCLKFreq                      0x08001951   Thumb Code     6  stm32l4xx_hal_rcc.o(i.HAL_RCC_GetHCLKFreq)
    HAL_RCC_GetPCLK1Freq                     0x0800195d   Thumb Code    26  stm32l4xx_hal_rcc.o(i.HAL_RCC_GetPCLK1Freq)
    HAL_RCC_GetPCLK2Freq                     0x08001981   Thumb Code    26  stm32l4xx_hal_rcc.o(i.HAL_RCC_GetPCLK2Freq)
    HAL_RCC_GetSysClockFreq                  0x080019a5   Thumb Code   220  stm32l4xx_hal_rcc.o(i.HAL_RCC_GetSysClockFreq)
    HAL_RCC_OscConfig                        0x08001a91   Thumb Code  1878  stm32l4xx_hal_rcc.o(i.HAL_RCC_OscConfig)
    HAL_SPI_ErrorCallback                    0x080021f9   Thumb Code     2  stm32l4xx_hal_spi.o(i.HAL_SPI_ErrorCallback)
    HAL_SPI_Init                             0x080021fb   Thumb Code   192  stm32l4xx_hal_spi.o(i.HAL_SPI_Init)
    HAL_SPI_MspInit                          0x080022bd   Thumb Code   218  spi.o(i.HAL_SPI_MspInit)
    HAL_SPI_RxCpltCallback                   0x080023ad   Thumb Code     2  stm32l4xx_hal_spi.o(i.HAL_SPI_RxCpltCallback)
    HAL_SPI_RxHalfCpltCallback               0x080023af   Thumb Code     2  stm32l4xx_hal_spi.o(i.HAL_SPI_RxHalfCpltCallback)
    HAL_SPI_TransmitReceive_DMA              0x080023b1   Thumb Code   538  stm32l4xx_hal_spi.o(i.HAL_SPI_TransmitReceive_DMA)
    HAL_SPI_TxRxCpltCallback                 0x080025e1   Thumb Code    34  main.o(i.HAL_SPI_TxRxCpltCallback)
    HAL_SPI_TxRxHalfCpltCallback             0x08002611   Thumb Code     2  stm32l4xx_hal_spi.o(i.HAL_SPI_TxRxHalfCpltCallback)
    HAL_SYSTICK_Config                       0x08002613   Thumb Code    52  stm32l4xx_hal_cortex.o(i.HAL_SYSTICK_Config)
    HAL_UART_Init                            0x08002647   Thumb Code   116  stm32l4xx_hal_uart.o(i.HAL_UART_Init)
    HAL_UART_MspInit                         0x080026bd   Thumb Code   108  usart.o(i.HAL_UART_MspInit)
    HardFault_Handler                        0x08002735   Thumb Code     4  stm32l4xx_it.o(i.HardFault_Handler)
    MX_DMA_Init                              0x08002779   Thumb Code    64  dma.o(i.MX_DMA_Init)
    MX_GPIO_Init                             0x080027bd   Thumb Code   110  gpio.o(i.MX_GPIO_Init)
    MX_SPI1_Init                             0x08002831   Thumb Code    72  spi.o(i.MX_SPI1_Init)
    MX_USART1_UART_Init                      0x08002881   Thumb Code    56  usart.o(i.MX_USART1_UART_Init)
    MX_USB_DEVICE_Init                       0x080028c1   Thumb Code    60  usb_device.o(i.MX_USB_DEVICE_Init)
    MemManage_Handler                        0x0800290d   Thumb Code     4  stm32l4xx_it.o(i.MemManage_Handler)
    NMI_Handler                              0x08002911   Thumb Code     2  stm32l4xx_it.o(i.NMI_Handler)
    PendSV_Handler                           0x08002c9d   Thumb Code     2  stm32l4xx_it.o(i.PendSV_Handler)
    SVC_Handler                              0x0800320b   Thumb Code     2  stm32l4xx_it.o(i.SVC_Handler)
    SysTick_Handler                          0x0800320d   Thumb Code     8  stm32l4xx_it.o(i.SysTick_Handler)
    SystemClock_Config                       0x0800321d   Thumb Code   186  main.o(i.SystemClock_Config)
    SystemInit                               0x080032d9   Thumb Code    68  system_stm32l4xx.o(i.SystemInit)
    UART_AdvFeatureConfig                    0x08003329   Thumb Code   248  stm32l4xx_hal_uart.o(i.UART_AdvFeatureConfig)
    UART_CheckIdleState                      0x08003421   Thumb Code   110  stm32l4xx_hal_uart.o(i.UART_CheckIdleState)
    UART_SetConfig                           0x08003491   Thumb Code  1068  stm32l4xx_hal_uart.o(i.UART_SetConfig)
    UART_WaitOnFlagUntilTimeout              0x080038c3   Thumb Code   180  stm32l4xx_hal_uart.o(i.UART_WaitOnFlagUntilTimeout)
    USBD_CDC_GetDeviceQualifierDescriptor    0x08003aa1   Thumb Code    10  usbd_cdc.o(i.USBD_CDC_GetDeviceQualifierDescriptor)
    USBD_CDC_ReceivePacket                   0x08003b99   Thumb Code    58  usbd_cdc.o(i.USBD_CDC_ReceivePacket)
    USBD_CDC_RegisterInterface               0x08003bd3   Thumb Code    14  usbd_cdc.o(i.USBD_CDC_RegisterInterface)
    USBD_CDC_SetRxBuffer                     0x08003be1   Thumb Code    14  usbd_cdc.o(i.USBD_CDC_SetRxBuffer)
    USBD_CDC_SetTxBuffer                     0x08003bef   Thumb Code    20  usbd_cdc.o(i.USBD_CDC_SetTxBuffer)
    USBD_CDC_TransmitPacket                  0x08003cf7   Thumb Code    62  usbd_cdc.o(i.USBD_CDC_TransmitPacket)
    USBD_ClrClassConfig                      0x08003d35   Thumb Code    22  usbd_core.o(i.USBD_ClrClassConfig)
    USBD_CtlContinueRx                       0x08003d89   Thumb Code    24  usbd_ioreq.o(i.USBD_CtlContinueRx)
    USBD_CtlContinueSendData                 0x08003da1   Thumb Code    24  usbd_ioreq.o(i.USBD_CtlContinueSendData)
    USBD_CtlError                            0x08003db9   Thumb Code    24  usbd_ctlreq.o(i.USBD_CtlError)
    USBD_CtlPrepareRx                        0x08003dd1   Thumb Code    40  usbd_ioreq.o(i.USBD_CtlPrepareRx)
    USBD_CtlReceiveStatus                    0x08003df9   Thumb Code    26  usbd_ioreq.o(i.USBD_CtlReceiveStatus)
    USBD_CtlSendData                         0x08003e13   Thumb Code    34  usbd_ioreq.o(i.USBD_CtlSendData)
    USBD_CtlSendStatus                       0x08003e35   Thumb Code    26  usbd_ioreq.o(i.USBD_CtlSendStatus)
    USBD_FS_ConfigStrDescriptor              0x08003e51   Thumb Code    34  usbd_desc.o(i.USBD_FS_ConfigStrDescriptor)
    USBD_FS_DeviceDescriptor                 0x08003e85   Thumb Code    10  usbd_desc.o(i.USBD_FS_DeviceDescriptor)
    USBD_FS_InterfaceStrDescriptor           0x08003e95   Thumb Code    34  usbd_desc.o(i.USBD_FS_InterfaceStrDescriptor)
    USBD_FS_LangIDStrDescriptor              0x08003ecd   Thumb Code    10  usbd_desc.o(i.USBD_FS_LangIDStrDescriptor)
    USBD_FS_ManufacturerStrDescriptor        0x08003edd   Thumb Code    20  usbd_desc.o(i.USBD_FS_ManufacturerStrDescriptor)
    USBD_FS_ProductStrDescriptor             0x08003f09   Thumb Code    34  usbd_desc.o(i.USBD_FS_ProductStrDescriptor)
    USBD_FS_SerialStrDescriptor              0x08003f49   Thumb Code    18  usbd_desc.o(i.USBD_FS_SerialStrDescriptor)
    USBD_FS_USR_BOSDescriptor                0x08003f61   Thumb Code    10  usbd_desc.o(i.USBD_FS_USR_BOSDescriptor)
    USBD_GetString                           0x0800425f   Thumb Code    82  usbd_ctlreq.o(i.USBD_GetString)
    USBD_Init                                0x080042b1   Thumb Code    50  usbd_core.o(i.USBD_Init)
    USBD_LL_ClearStallEP                     0x080042e3   Thumb Code    68  usbd_conf.o(i.USBD_LL_ClearStallEP)
    USBD_LL_CloseEP                          0x08004327   Thumb Code    68  usbd_conf.o(i.USBD_LL_CloseEP)
    USBD_LL_DataInStage                      0x0800436b   Thumb Code   256  usbd_core.o(i.USBD_LL_DataInStage)
    USBD_LL_DataOutStage                     0x0800446b   Thumb Code   166  usbd_core.o(i.USBD_LL_DataOutStage)
    USBD_LL_GetRxDataSize                    0x08004511   Thumb Code    18  usbd_conf.o(i.USBD_LL_GetRxDataSize)
    USBD_LL_Init                             0x08004525   Thumb Code   132  usbd_conf.o(i.USBD_LL_Init)
    USBD_LL_IsStallEP                        0x080045b1   Thumb Code    48  usbd_conf.o(i.USBD_LL_IsStallEP)
    USBD_LL_OpenEP                           0x080045e1   Thumb Code    98  usbd_conf.o(i.USBD_LL_OpenEP)
    USBD_LL_PrepareReceive                   0x08004643   Thumb Code    98  usbd_conf.o(i.USBD_LL_PrepareReceive)
    USBD_LL_Reset                            0x080046a5   Thumb Code    92  usbd_core.o(i.USBD_LL_Reset)
    USBD_LL_Resume                           0x08004701   Thumb Code    22  usbd_core.o(i.USBD_LL_Resume)
    USBD_LL_SOF                              0x08004717   Thumb Code    34  usbd_core.o(i.USBD_LL_SOF)
    USBD_LL_SetSpeed                         0x08004739   Thumb Code     8  usbd_core.o(i.USBD_LL_SetSpeed)
    USBD_LL_SetUSBAddress                    0x08004741   Thumb Code    68  usbd_conf.o(i.USBD_LL_SetUSBAddress)
    USBD_LL_SetupStage                       0x08004785   Thumb Code   110  usbd_core.o(i.USBD_LL_SetupStage)
    USBD_LL_StallEP                          0x080047f3   Thumb Code    68  usbd_conf.o(i.USBD_LL_StallEP)
    USBD_LL_Start                            0x08004837   Thumb Code    60  usbd_conf.o(i.USBD_LL_Start)
    USBD_LL_Suspend                          0x08004873   Thumb Code    20  usbd_core.o(i.USBD_LL_Suspend)
    USBD_LL_Transmit                         0x08004887   Thumb Code    98  usbd_conf.o(i.USBD_LL_Transmit)
    USBD_ParseSetupRequest                   0x080048e9   Thumb Code    40  usbd_ctlreq.o(i.USBD_ParseSetupRequest)
    USBD_RegisterClass                       0x08004911   Thumb Code    16  usbd_core.o(i.USBD_RegisterClass)
    USBD_RunTestMode                         0x08004921   Thumb Code     6  usbd_core.o(i.USBD_RunTestMode)
    USBD_SetClassConfig                      0x08004981   Thumb Code    34  usbd_core.o(i.USBD_SetClassConfig)
    USBD_Start                               0x08004aa5   Thumb Code    14  usbd_core.o(i.USBD_Start)
    USBD_StdDevReq                           0x08004ab3   Thumb Code   162  usbd_ctlreq.o(i.USBD_StdDevReq)
    USBD_StdEPReq                            0x08004b55   Thumb Code   568  usbd_ctlreq.o(i.USBD_StdEPReq)
    USBD_StdItfReq                           0x08004d8d   Thumb Code   126  usbd_ctlreq.o(i.USBD_StdItfReq)
    USBD_static_free                         0x08004e0b   Thumb Code     2  usbd_conf.o(i.USBD_static_free)
    USBD_static_malloc                       0x08004e0d   Thumb Code     6  usbd_conf.o(i.USBD_static_malloc)
    USB_ActivateEndpoint                     0x08004e19   Thumb Code  1168  stm32l4xx_ll_usb.o(i.USB_ActivateEndpoint)
    USB_CoreInit                             0x080052a9   Thumb Code     8  stm32l4xx_ll_usb.o(i.USB_CoreInit)
    USB_DeactivateEndpoint                   0x080052b1   Thumb Code   636  stm32l4xx_ll_usb.o(i.USB_DeactivateEndpoint)
    USB_DevConnect                           0x0800552d   Thumb Code    18  stm32l4xx_ll_usb.o(i.USB_DevConnect)
    USB_DevDisconnect                        0x0800553f   Thumb Code    18  stm32l4xx_ll_usb.o(i.USB_DevDisconnect)
    USB_DevInit                              0x08005551   Thumb Code    30  stm32l4xx_ll_usb.o(i.USB_DevInit)
    USB_DisableGlobalInt                     0x0800556f   Thumb Code    20  stm32l4xx_ll_usb.o(i.USB_DisableGlobalInt)
    USB_EP0_OutStart                         0x08005583   Thumb Code     6  stm32l4xx_ll_usb.o(i.USB_EP0_OutStart)
    USB_EPClearStall                         0x08005589   Thumb Code   218  stm32l4xx_ll_usb.o(i.USB_EPClearStall)
    USB_EPSetStall                           0x08005663   Thumb Code    92  stm32l4xx_ll_usb.o(i.USB_EPSetStall)
    USB_EPStartXfer                          0x080056bf   Thumb Code  1092  stm32l4xx_ll_usb.o(i.USB_EPStartXfer)
    USB_EnableGlobalInt                      0x08005b03   Thumb Code    20  stm32l4xx_ll_usb.o(i.USB_EnableGlobalInt)
    USB_IRQHandler                           0x08005b19   Thumb Code    10  stm32l4xx_it.o(i.USB_IRQHandler)
    USB_ReadInterrupts                       0x08005b29   Thumb Code     8  stm32l4xx_ll_usb.o(i.USB_ReadInterrupts)
    USB_ReadPMA                              0x08005b31   Thumb Code    70  stm32l4xx_ll_usb.o(i.USB_ReadPMA)
    USB_SetCurrentMode                       0x08005b77   Thumb Code     6  stm32l4xx_ll_usb.o(i.USB_SetCurrentMode)
    USB_SetDevAddress                        0x08005b7d   Thumb Code    14  stm32l4xx_ll_usb.o(i.USB_SetDevAddress)
    USB_WritePMA                             0x08005b8b   Thumb Code    64  stm32l4xx_ll_usb.o(i.USB_WritePMA)
    UsageFault_Handler                       0x08005bcb   Thumb Code     4  stm32l4xx_it.o(i.UsageFault_Handler)
    __scatterload_copy                       0x08005c09   Thumb Code    14  handlers.o(i.__scatterload_copy)
    __scatterload_null                       0x08005c17   Thumb Code     2  handlers.o(i.__scatterload_null)
    __scatterload_zeroinit                   0x08005c19   Thumb Code    14  handlers.o(i.__scatterload_zeroinit)
    free                                     0x08005c29   Thumb Code    76  malloc.o(i.free)
    main                                     0x08005c79   Thumb Code   272  main.o(i.main)
    malloc                                   0x08005da9   Thumb Code    92  malloc.o(i.malloc)
    queue_get_front                          0x08005e15   Thumb Code    60  queue.o(i.queue_get_front)
    queue_get_frontl                         0x08005e51   Thumb Code     8  queue.o(i.queue_get_frontl)
    queue_init                               0x08005e59   Thumb Code    10  queue.o(i.queue_init)
    queue_isempty                            0x08005e63   Thumb Code    14  queue.o(i.queue_isempty)
    queue_pop                                0x08005e71   Thumb Code    26  queue.o(i.queue_pop)
    queue_push                               0x08005e8b   Thumb Code   122  queue.o(i.queue_push)
    AHBPrescTable                            0x08005f04   Data          16  system_stm32l4xx.o(.constdata)
    APBPrescTable                            0x08005f14   Data           8  system_stm32l4xx.o(.constdata)
    MSIRangeTable                            0x08005f1c   Data          48  system_stm32l4xx.o(.constdata)
    Region$$Table$$Base                      0x08005f4c   Number         0  anon$$obj.o(Region$$Table)
    Region$$Table$$Limit                     0x08005f6c   Number         0  anon$$obj.o(Region$$Table)
    received                                 0x20000000   Data           1  main.o(.data)
    transmitted                              0x20000001   Data           1  main.o(.data)
    exchanged                                0x20000002   Data           1  main.o(.data)
    FS_Desc                                  0x20000004   Data          32  usbd_desc.o(.data)
    USBD_FS_DeviceDesc                       0x20000024   Data          18  usbd_desc.o(.data)
    USBD_FS_BOSDesc                          0x20000038   Data          12  usbd_desc.o(.data)
    USBD_LangIDDesc                          0x20000044   Data           4  usbd_desc.o(.data)
    USBD_StringSerial                        0x20000048   Data          26  usbd_desc.o(.data)
    USBD_Interface_fops_FS                   0x20000064   Data          16  usbd_cdc_if.o(.data)
    uwTick                                   0x20000074   Data           4  stm32l4xx_hal.o(.data)
    uwTickPrio                               0x20000078   Data           4  stm32l4xx_hal.o(.data)
    uwTickFreq                               0x2000007c   Data           4  stm32l4xx_hal.o(.data)
    SystemCoreClock                          0x20000080   Data           4  system_stm32l4xx.o(.data)
    USBD_CDC                                 0x20000094   Data          56  usbd_cdc.o(.data)
    USBD_CDC_CfgHSDesc                       0x200000cc   Data          67  usbd_cdc.o(.data)
    USBD_CDC_CfgFSDesc                       0x20000110   Data          67  usbd_cdc.o(.data)
    USBD_CDC_OtherSpeedCfgDesc               0x20000154   Data          67  usbd_cdc.o(.data)
    __microlib_freelist                      0x20000198   Data           4  mvars.o(.data)
    __microlib_freelist_initialised          0x2000019c   Data           4  mvars.o(.data)
    q_from_tx                                0x200001a0   Data          12  main.o(.bss)
    q_from_rx                                0x200001ac   Data          12  main.o(.bss)
    test_buf                                 0x200001b8   Data         128  main.o(.bss)
    transmit_buff                            0x20000238   Data         128  main.o(.bss)
    usb_transmit_buff                        0x200002b8   Data         128  main.o(.bss)
    receive_buff                             0x20000338   Data         128  main.o(.bss)
    hspi1                                    0x200003b8   Data         100  spi.o(.bss)
    hdma_spi1_tx                             0x2000041c   Data          72  spi.o(.bss)
    hdma_spi1_rx                             0x20000464   Data          72  spi.o(.bss)
    huart1                                   0x200004ac   Data         128  usart.o(.bss)
    hUsbDeviceFS                             0x2000052c   Data         708  usb_device.o(.bss)
    USBD_StrDesc                             0x200007f0   Data        1024  usbd_desc.o(.bss)
    UserRxBufferFS                           0x20000bf0   Data        2048  usbd_cdc_if.o(.bss)
    UserTxBufferFS                           0x200013f0   Data        2048  usbd_cdc_if.o(.bss)
    hpcd_USB_FS                              0x20001bf0   Data         628  usbd_conf.o(.bss)
    __heap_base                              0x20002088   Data           0  startup_stm32l452xx.o(HEAP)
    __heap_limit                             0x20002288   Data           0  startup_stm32l452xx.o(HEAP)
    __initial_sp                             0x20002688   Data           0  startup_stm32l452xx.o(STACK)



==============================================================================

Memory Map of the image

  Image Entry point : 0x08000195

  Load Region LR_IROM1 (Base: 0x08000000, Size: 0x0000610c, Max: 0x00080000, ABSOLUTE, COMPRESSED[0x00006040])

    Execution Region ER_IROM1 (Base: 0x08000000, Size: 0x00005f6c, Max: 0x00080000, ABSOLUTE)

    Base Addr    Size         Type   Attr      Idx    E Section Name        Object

    0x08000000   0x00000194   Data   RO            3    RESET               startup_stm32l452xx.o
    0x08000194   0x00000000   Code   RO         4717  * .ARM.Collect$$$$00000000  mc_w.l(entry.o)
    0x08000194   0x00000004   Code   RO         4756    .ARM.Collect$$$$00000001  mc_w.l(entry2.o)
    0x08000198   0x00000004   Code   RO         4759    .ARM.Collect$$$$00000004  mc_w.l(entry5.o)
    0x0800019c   0x00000000   Code   RO         4761    .ARM.Collect$$$$00000008  mc_w.l(entry7b.o)
    0x0800019c   0x00000000   Code   RO         4763    .ARM.Collect$$$$0000000A  mc_w.l(entry8b.o)
    0x0800019c   0x00000008   Code   RO         4764    .ARM.Collect$$$$0000000B  mc_w.l(entry9a.o)
    0x080001a4   0x00000000   Code   RO         4766    .ARM.Collect$$$$0000000D  mc_w.l(entry10a.o)
    0x080001a4   0x00000000   Code   RO         4768    .ARM.Collect$$$$0000000F  mc_w.l(entry11a.o)
    0x080001a4   0x00000004   Code   RO         4757    .ARM.Collect$$$$00002712  mc_w.l(entry2.o)
    0x080001a8   0x00000024   Code   RO            4    .text               startup_stm32l452xx.o
    0x080001cc   0x00000068   Code   RO         4720    .text               mc_w.l(uldiv.o)
    0x08000234   0x00000024   Code   RO         4722    .text               mc_w.l(memcpya.o)
    0x08000258   0x00000024   Code   RO         4724    .text               mc_w.l(memseta.o)
    0x0800027c   0x0000001e   Code   RO         4770    .text               mc_w.l(llshl.o)
    0x0800029a   0x00000020   Code   RO         4772    .text               mc_w.l(llushr.o)
    0x080002ba   0x00000002   PAD
    0x080002bc   0x00000024   Code   RO         4776    .text               mc_w.l(init.o)
    0x080002e0   0x00000056   Code   RO         4786    .text               mc_w.l(__dczerorl2.o)
    0x08000336   0x00000004   Code   RO          471    i.BusFault_Handler  stm32l4xx_it.o
    0x0800033a   0x00000044   Code   RO          716    i.CDC_Control_FS    usbd_cdc_if.o
    0x0800037e   0x00000004   Code   RO          717    i.CDC_DeInit_FS     usbd_cdc_if.o
    0x08000382   0x00000002   PAD
    0x08000384   0x00000024   Code   RO          718    i.CDC_Init_FS       usbd_cdc_if.o
    0x080003a8   0x00000024   Code   RO          719    i.CDC_Receive_FS    usbd_cdc_if.o
    0x080003cc   0x0000003c   Code   RO          720    i.CDC_Transmit_FS   usbd_cdc_if.o
    0x08000408   0x00000018   Code   RO           13    i.Connection_RecieveCallback  comm.o
    0x08000420   0x00000002   Code   RO           14    i.Connection_TransmitCallback  comm.o
    0x08000422   0x00000002   PAD
    0x08000424   0x00000010   Code   RO          472    i.DMA1_Channel2_IRQHandler  stm32l4xx_it.o
    0x08000434   0x00000010   Code   RO          473    i.DMA1_Channel3_IRQHandler  stm32l4xx_it.o
    0x08000444   0x00000030   Code   RO         2787    i.DMA_SetConfig     stm32l4xx_hal_dma.o
    0x08000474   0x00000002   Code   RO          474    i.DebugMon_Handler  stm32l4xx_it.o
    0x08000476   0x00000002   Code   RO          243    i.Error_Handler     main.o
    0x08000478   0x00000034   Code   RO          620    i.Get_SerialNum     usbd_desc.o
    0x080004ac   0x000000fe   Code   RO         2793    i.HAL_DMA_IRQHandler  stm32l4xx_hal_dma.o
    0x080005aa   0x00000002   PAD
    0x080005ac   0x0000010c   Code   RO         2794    i.HAL_DMA_Init      stm32l4xx_hal_dma.o
    0x080006b8   0x0000009c   Code   RO         2798    i.HAL_DMA_Start_IT  stm32l4xx_hal_dma.o
    0x08000754   0x00000028   Code   RO         1466    i.HAL_Delay         stm32l4xx_hal.o
    0x0800077c   0x000001c8   Code   RO         2724    i.HAL_GPIO_Init     stm32l4xx_hal_gpio.o
    0x08000944   0x0000000a   Code   RO         2728    i.HAL_GPIO_WritePin  stm32l4xx_hal_gpio.o
    0x0800094e   0x00000002   PAD
    0x08000950   0x0000000c   Code   RO         1470    i.HAL_GetTick       stm32l4xx_hal.o
    0x0800095c   0x00000018   Code   RO         1476    i.HAL_IncTick       stm32l4xx_hal.o
    0x08000974   0x0000001e   Code   RO         1477    i.HAL_Init          stm32l4xx_hal.o
    0x08000992   0x00000002   PAD
    0x08000994   0x00000058   Code   RO         1478    i.HAL_InitTick      stm32l4xx_hal.o
    0x080009ec   0x00000040   Code   RO          565    i.HAL_MspInit       stm32l4xx_hal_msp.o
    0x08000a2c   0x00000020   Code   RO         3241    i.HAL_NVIC_EnableIRQ  stm32l4xx_hal_cortex.o
    0x08000a4c   0x00000082   Code   RO         3247    i.HAL_NVIC_SetPriority  stm32l4xx_hal_cortex.o
    0x08000ace   0x00000002   PAD
    0x08000ad0   0x00000028   Code   RO         3248    i.HAL_NVIC_SetPriorityGrouping  stm32l4xx_hal_cortex.o
    0x08000af8   0x00000028   Code   RO         1196    i.HAL_PCDEx_ActivateLPM  stm32l4xx_hal_pcd_ex.o
    0x08000b20   0x00000050   Code   RO          768    i.HAL_PCDEx_LPM_Callback  usbd_conf.o
    0x08000b70   0x0000003c   Code   RO         1202    i.HAL_PCDEx_PMAConfig  stm32l4xx_hal_pcd_ex.o
    0x08000bac   0x0000001c   Code   RO          770    i.HAL_PCD_DataInStageCallback  usbd_conf.o
    0x08000bc8   0x0000001c   Code   RO          771    i.HAL_PCD_DataOutStageCallback  usbd_conf.o
    0x08000be4   0x00000062   Code   RO          989    i.HAL_PCD_EP_Close  stm32l4xx_hal_pcd.o
    0x08000c46   0x00000074   Code   RO          990    i.HAL_PCD_EP_ClrStall  stm32l4xx_hal_pcd.o
    0x08000cba   0x00000012   Code   RO          992    i.HAL_PCD_EP_GetRxCount  stm32l4xx_hal_pcd.o
    0x08000ccc   0x00000084   Code   RO          993    i.HAL_PCD_EP_Open   stm32l4xx_hal_pcd.o
    0x08000d50   0x00000048   Code   RO          994    i.HAL_PCD_EP_Receive  stm32l4xx_hal_pcd.o
    0x08000d98   0x00000080   Code   RO          995    i.HAL_PCD_EP_SetStall  stm32l4xx_hal_pcd.o
    0x08000e18   0x0000004a   Code   RO          996    i.HAL_PCD_EP_Transmit  stm32l4xx_hal_pcd.o
    0x08000e62   0x000001f0   Code   RO          998    i.HAL_PCD_IRQHandler  stm32l4xx_hal_pcd.o
    0x08001052   0x0000013a   Code   RO         1001    i.HAL_PCD_Init      stm32l4xx_hal_pcd.o
    0x0800118c   0x0000008c   Code   RO          776    i.HAL_PCD_MspInit   usbd_conf.o
    0x08001218   0x00000024   Code   RO          777    i.HAL_PCD_ResetCallback  usbd_conf.o
    0x0800123c   0x00000028   Code   RO          778    i.HAL_PCD_ResumeCallback  usbd_conf.o
    0x08001264   0x0000000e   Code   RO          779    i.HAL_PCD_SOFCallback  usbd_conf.o
    0x08001272   0x00000036   Code   RO         1007    i.HAL_PCD_SetAddress  stm32l4xx_hal_pcd.o
    0x080012a8   0x00000012   Code   RO          780    i.HAL_PCD_SetupStageCallback  usbd_conf.o
    0x080012ba   0x00000034   Code   RO         1009    i.HAL_PCD_Start     stm32l4xx_hal_pcd.o
    0x080012ee   0x00000002   PAD
    0x080012f0   0x00000024   Code   RO          781    i.HAL_PCD_SuspendCallback  usbd_conf.o
    0x08001314   0x0000008c   Code   RO         3015    i.HAL_PWREx_ControlVoltageScaling  stm32l4xx_hal_pwr_ex.o
    0x080013a0   0x00000014   Code   RO         3037    i.HAL_PWREx_EnableVddUSB  stm32l4xx_hal_pwr_ex.o
    0x080013b4   0x00000010   Code   RO         3042    i.HAL_PWREx_GetVoltageRange  stm32l4xx_hal_pwr_ex.o
    0x080013c4   0x00000410   Code   RO         2327    i.HAL_RCCEx_PeriphCLKConfig  stm32l4xx_hal_rcc_ex.o
    0x080017d4   0x0000017c   Code   RO         2205    i.HAL_RCC_ClockConfig  stm32l4xx_hal_rcc.o
    0x08001950   0x0000000c   Code   RO         2209    i.HAL_RCC_GetHCLKFreq  stm32l4xx_hal_rcc.o
    0x0800195c   0x00000024   Code   RO         2211    i.HAL_RCC_GetPCLK1Freq  stm32l4xx_hal_rcc.o
    0x08001980   0x00000024   Code   RO         2212    i.HAL_RCC_GetPCLK2Freq  stm32l4xx_hal_rcc.o
    0x080019a4   0x000000ec   Code   RO         2213    i.HAL_RCC_GetSysClockFreq  stm32l4xx_hal_rcc.o
    0x08001a90   0x00000768   Code   RO         2216    i.HAL_RCC_OscConfig  stm32l4xx_hal_rcc.o
    0x080021f8   0x00000002   Code   RO         3455    i.HAL_SPI_ErrorCallback  stm32l4xx_hal_spi.o
    0x080021fa   0x000000c0   Code   RO         3459    i.HAL_SPI_Init      stm32l4xx_hal_spi.o
    0x080022ba   0x00000002   PAD
    0x080022bc   0x000000f0   Code   RO          388    i.HAL_SPI_MspInit   spi.o
    0x080023ac   0x00000002   Code   RO         3465    i.HAL_SPI_RxCpltCallback  stm32l4xx_hal_spi.o
    0x080023ae   0x00000002   Code   RO         3466    i.HAL_SPI_RxHalfCpltCallback  stm32l4xx_hal_spi.o
    0x080023b0   0x00000230   Code   RO         3469    i.HAL_SPI_TransmitReceive_DMA  stm32l4xx_hal_spi.o
    0x080025e0   0x00000030   Code   RO          244    i.HAL_SPI_TxRxCpltCallback  main.o
    0x08002610   0x00000002   Code   RO         3476    i.HAL_SPI_TxRxHalfCpltCallback  stm32l4xx_hal_spi.o
    0x08002612   0x00000034   Code   RO         3252    i.HAL_SYSTICK_Config  stm32l4xx_hal_cortex.o
    0x08002646   0x00000074   Code   RO         3863    i.HAL_UART_Init     stm32l4xx_hal_uart.o
    0x080026ba   0x00000002   PAD
    0x080026bc   0x00000078   Code   RO          430    i.HAL_UART_MspInit  usart.o
    0x08002734   0x00000004   Code   RO          475    i.HardFault_Handler  stm32l4xx_it.o
    0x08002738   0x0000003e   Code   RO          621    i.IntToUnicode      usbd_desc.o
    0x08002776   0x00000002   PAD
    0x08002778   0x00000044   Code   RO          363    i.MX_DMA_Init       dma.o
    0x080027bc   0x00000074   Code   RO          339    i.MX_GPIO_Init      gpio.o
    0x08002830   0x00000050   Code   RO          389    i.MX_SPI1_Init      spi.o
    0x08002880   0x00000040   Code   RO          431    i.MX_USART1_UART_Init  usart.o
    0x080028c0   0x0000004c   Code   RO          589    i.MX_USB_DEVICE_Init  usb_device.o
    0x0800290c   0x00000004   Code   RO          476    i.MemManage_Handler  stm32l4xx_it.o
    0x08002910   0x00000002   Code   RO          477    i.NMI_Handler       stm32l4xx_it.o
    0x08002912   0x0000038a   Code   RO         1012    i.PCD_EP_ISR_Handler  stm32l4xx_hal_pcd.o
    0x08002c9c   0x00000002   Code   RO          478    i.PendSV_Handler    stm32l4xx_it.o
    0x08002c9e   0x00000002   PAD
    0x08002ca0   0x00000188   Code   RO         2331    i.RCCEx_PLLSAI1_Config  stm32l4xx_hal_rcc_ex.o
    0x08002e28   0x0000009c   Code   RO         2217    i.RCC_SetFlashLatencyFromMSIRange  stm32l4xx_hal_rcc.o
    0x08002ec4   0x00000028   Code   RO         3487    i.SPI_DMAError      stm32l4xx_hal_spi.o
    0x08002eec   0x0000000e   Code   RO         3488    i.SPI_DMAHalfReceiveCplt  stm32l4xx_hal_spi.o
    0x08002efa   0x0000000e   Code   RO         3490    i.SPI_DMAHalfTransmitReceiveCplt  stm32l4xx_hal_spi.o
    0x08002f08   0x00000062   Code   RO         3491    i.SPI_DMAReceiveCplt  stm32l4xx_hal_spi.o
    0x08002f6a   0x00000068   Code   RO         3494    i.SPI_DMATransmitReceiveCplt  stm32l4xx_hal_spi.o
    0x08002fd2   0x00000082   Code   RO         3496    i.SPI_EndRxTransaction  stm32l4xx_hal_spi.o
    0x08003054   0x00000064   Code   RO         3497    i.SPI_EndRxTxTransaction  stm32l4xx_hal_spi.o
    0x080030b8   0x000000aa   Code   RO         3502    i.SPI_WaitFifoStateUntilTimeout  stm32l4xx_hal_spi.o
    0x08003162   0x000000a8   Code   RO         3503    i.SPI_WaitFlagStateUntilTimeout  stm32l4xx_hal_spi.o
    0x0800320a   0x00000002   Code   RO          479    i.SVC_Handler       stm32l4xx_it.o
    0x0800320c   0x00000008   Code   RO          480    i.SysTick_Handler   stm32l4xx_it.o
    0x08003214   0x00000008   Code   RO          782    i.SystemClockConfig_Resume  usbd_conf.o
    0x0800321c   0x000000ba   Code   RO          245    i.SystemClock_Config  main.o
    0x080032d6   0x00000002   PAD
    0x080032d8   0x00000050   Code   RO         4286    i.SystemInit        system_stm32l4xx.o
    0x08003328   0x000000f8   Code   RO         3877    i.UART_AdvFeatureConfig  stm32l4xx_hal_uart.o
    0x08003420   0x0000006e   Code   RO         3878    i.UART_CheckIdleState  stm32l4xx_hal_uart.o
    0x0800348e   0x00000002   PAD
    0x08003490   0x00000432   Code   RO         3894    i.UART_SetConfig    stm32l4xx_hal_uart.o
    0x080038c2   0x000000b4   Code   RO         3897    i.UART_WaitOnFlagUntilTimeout  stm32l4xx_hal_uart.o
    0x08003976   0x00000076   Code   RO         4615    i.USBD_CDC_DataIn   usbd_cdc.o
    0x080039ec   0x00000034   Code   RO         4616    i.USBD_CDC_DataOut  usbd_cdc.o
    0x08003a20   0x0000004e   Code   RO         4617    i.USBD_CDC_DeInit   usbd_cdc.o
    0x08003a6e   0x00000032   Code   RO         4618    i.USBD_CDC_EP0_RxReady  usbd_cdc.o
    0x08003aa0   0x00000010   Code   RO         4619    i.USBD_CDC_GetDeviceQualifierDescriptor  usbd_cdc.o
    0x08003ab0   0x00000010   Code   RO         4620    i.USBD_CDC_GetFSCfgDesc  usbd_cdc.o
    0x08003ac0   0x00000010   Code   RO         4621    i.USBD_CDC_GetHSCfgDesc  usbd_cdc.o
    0x08003ad0   0x00000010   Code   RO         4622    i.USBD_CDC_GetOtherSpeedCfgDesc  usbd_cdc.o
    0x08003ae0   0x000000b8   Code   RO         4623    i.USBD_CDC_Init     usbd_cdc.o
    0x08003b98   0x0000003a   Code   RO         4624    i.USBD_CDC_ReceivePacket  usbd_cdc.o
    0x08003bd2   0x0000000e   Code   RO         4625    i.USBD_CDC_RegisterInterface  usbd_cdc.o
    0x08003be0   0x0000000e   Code   RO         4626    i.USBD_CDC_SetRxBuffer  usbd_cdc.o
    0x08003bee   0x00000014   Code   RO         4627    i.USBD_CDC_SetTxBuffer  usbd_cdc.o
    0x08003c02   0x000000f4   Code   RO         4628    i.USBD_CDC_Setup    usbd_cdc.o
    0x08003cf6   0x0000003e   Code   RO         4629    i.USBD_CDC_TransmitPacket  usbd_cdc.o
    0x08003d34   0x00000016   Code   RO         4322    i.USBD_ClrClassConfig  usbd_core.o
    0x08003d4a   0x0000003e   Code   RO         4460    i.USBD_ClrFeature   usbd_ctlreq.o
    0x08003d88   0x00000018   Code   RO         4555    i.USBD_CtlContinueRx  usbd_ioreq.o
    0x08003da0   0x00000018   Code   RO         4556    i.USBD_CtlContinueSendData  usbd_ioreq.o
    0x08003db8   0x00000018   Code   RO         4461    i.USBD_CtlError     usbd_ctlreq.o
    0x08003dd0   0x00000028   Code   RO         4557    i.USBD_CtlPrepareRx  usbd_ioreq.o
    0x08003df8   0x0000001a   Code   RO         4558    i.USBD_CtlReceiveStatus  usbd_ioreq.o
    0x08003e12   0x00000022   Code   RO         4559    i.USBD_CtlSendData  usbd_ioreq.o
    0x08003e34   0x0000001a   Code   RO         4560    i.USBD_CtlSendStatus  usbd_ioreq.o
    0x08003e4e   0x00000002   PAD
    0x08003e50   0x00000034   Code   RO          622    i.USBD_FS_ConfigStrDescriptor  usbd_desc.o
    0x08003e84   0x00000010   Code   RO          623    i.USBD_FS_DeviceDescriptor  usbd_desc.o
    0x08003e94   0x00000038   Code   RO          624    i.USBD_FS_InterfaceStrDescriptor  usbd_desc.o
    0x08003ecc   0x00000010   Code   RO          625    i.USBD_FS_LangIDStrDescriptor  usbd_desc.o
    0x08003edc   0x0000002c   Code   RO          626    i.USBD_FS_ManufacturerStrDescriptor  usbd_desc.o
    0x08003f08   0x00000040   Code   RO          627    i.USBD_FS_ProductStrDescriptor  usbd_desc.o
    0x08003f48   0x00000018   Code   RO          628    i.USBD_FS_SerialStrDescriptor  usbd_desc.o
    0x08003f60   0x00000010   Code   RO          629    i.USBD_FS_USR_BOSDescriptor  usbd_desc.o
    0x08003f70   0x00000056   Code   RO         4462    i.USBD_GetConfig    usbd_ctlreq.o
    0x08003fc6   0x0000022a   Code   RO         4463    i.USBD_GetDescriptor  usbd_ctlreq.o
    0x080041f0   0x00000014   Code   RO         4464    i.USBD_GetLen       usbd_ctlreq.o
    0x08004204   0x0000005a   Code   RO         4465    i.USBD_GetStatus    usbd_ctlreq.o
    0x0800425e   0x00000052   Code   RO         4466    i.USBD_GetString    usbd_ctlreq.o
    0x080042b0   0x00000032   Code   RO         4324    i.USBD_Init         usbd_core.o
    0x080042e2   0x00000044   Code   RO          783    i.USBD_LL_ClearStallEP  usbd_conf.o
    0x08004326   0x00000044   Code   RO          784    i.USBD_LL_CloseEP   usbd_conf.o
    0x0800436a   0x00000100   Code   RO         4325    i.USBD_LL_DataInStage  usbd_core.o
    0x0800446a   0x000000a6   Code   RO         4326    i.USBD_LL_DataOutStage  usbd_core.o
    0x08004510   0x00000012   Code   RO          788    i.USBD_LL_GetRxDataSize  usbd_conf.o
    0x08004522   0x00000002   PAD
    0x08004524   0x0000008c   Code   RO          789    i.USBD_LL_Init      usbd_conf.o
    0x080045b0   0x00000030   Code   RO          790    i.USBD_LL_IsStallEP  usbd_conf.o
    0x080045e0   0x00000062   Code   RO          791    i.USBD_LL_OpenEP    usbd_conf.o
    0x08004642   0x00000062   Code   RO          792    i.USBD_LL_PrepareReceive  usbd_conf.o
    0x080046a4   0x0000005c   Code   RO         4331    i.USBD_LL_Reset     usbd_core.o
    0x08004700   0x00000016   Code   RO         4332    i.USBD_LL_Resume    usbd_core.o
    0x08004716   0x00000022   Code   RO         4333    i.USBD_LL_SOF       usbd_core.o
    0x08004738   0x00000008   Code   RO         4334    i.USBD_LL_SetSpeed  usbd_core.o
    0x08004740   0x00000044   Code   RO          793    i.USBD_LL_SetUSBAddress  usbd_conf.o
    0x08004784   0x0000006e   Code   RO         4335    i.USBD_LL_SetupStage  usbd_core.o
    0x080047f2   0x00000044   Code   RO          794    i.USBD_LL_StallEP   usbd_conf.o
    0x08004836   0x0000003c   Code   RO          795    i.USBD_LL_Start     usbd_conf.o
    0x08004872   0x00000014   Code   RO         4336    i.USBD_LL_Suspend   usbd_core.o
    0x08004886   0x00000062   Code   RO          797    i.USBD_LL_Transmit  usbd_conf.o
    0x080048e8   0x00000028   Code   RO         4467    i.USBD_ParseSetupRequest  usbd_ctlreq.o
    0x08004910   0x00000010   Code   RO         4337    i.USBD_RegisterClass  usbd_core.o
    0x08004920   0x00000006   Code   RO         4338    i.USBD_RunTestMode  usbd_core.o
    0x08004926   0x0000005a   Code   RO         4468    i.USBD_SetAddress   usbd_ctlreq.o
    0x08004980   0x00000022   Code   RO         4339    i.USBD_SetClassConfig  usbd_core.o
    0x080049a2   0x00000002   PAD
    0x080049a4   0x000000e8   Code   RO         4469    i.USBD_SetConfig    usbd_ctlreq.o
    0x08004a8c   0x00000018   Code   RO         4470    i.USBD_SetFeature   usbd_ctlreq.o
    0x08004aa4   0x0000000e   Code   RO         4340    i.USBD_Start        usbd_core.o
    0x08004ab2   0x000000a2   Code   RO         4471    i.USBD_StdDevReq    usbd_ctlreq.o
    0x08004b54   0x00000238   Code   RO         4472    i.USBD_StdEPReq     usbd_ctlreq.o
    0x08004d8c   0x0000007e   Code   RO         4473    i.USBD_StdItfReq    usbd_ctlreq.o
    0x08004e0a   0x00000002   Code   RO          798    i.USBD_static_free  usbd_conf.o
    0x08004e0c   0x0000000c   Code   RO          799    i.USBD_static_malloc  usbd_conf.o
    0x08004e18   0x00000490   Code   RO         1261    i.USB_ActivateEndpoint  stm32l4xx_ll_usb.o
    0x080052a8   0x00000008   Code   RO         1264    i.USB_CoreInit      stm32l4xx_ll_usb.o
    0x080052b0   0x0000027c   Code   RO         1266    i.USB_DeactivateEndpoint  stm32l4xx_ll_usb.o
    0x0800552c   0x00000012   Code   RO         1267    i.USB_DevConnect    stm32l4xx_ll_usb.o
    0x0800553e   0x00000012   Code   RO         1268    i.USB_DevDisconnect  stm32l4xx_ll_usb.o
    0x08005550   0x0000001e   Code   RO         1269    i.USB_DevInit       stm32l4xx_ll_usb.o
    0x0800556e   0x00000014   Code   RO         1270    i.USB_DisableGlobalInt  stm32l4xx_ll_usb.o
    0x08005582   0x00000006   Code   RO         1271    i.USB_EP0_OutStart  stm32l4xx_ll_usb.o
    0x08005588   0x000000da   Code   RO         1272    i.USB_EPClearStall  stm32l4xx_ll_usb.o
    0x08005662   0x0000005c   Code   RO         1273    i.USB_EPSetStall    stm32l4xx_ll_usb.o
    0x080056be   0x00000444   Code   RO         1274    i.USB_EPStartXfer   stm32l4xx_ll_usb.o
    0x08005b02   0x00000014   Code   RO         1275    i.USB_EnableGlobalInt  stm32l4xx_ll_usb.o
    0x08005b16   0x00000002   PAD
    0x08005b18   0x00000010   Code   RO          481    i.USB_IRQHandler    stm32l4xx_it.o
    0x08005b28   0x00000008   Code   RO         1282    i.USB_ReadInterrupts  stm32l4xx_ll_usb.o
    0x08005b30   0x00000046   Code   RO         1283    i.USB_ReadPMA       stm32l4xx_ll_usb.o
    0x08005b76   0x00000006   Code   RO         1285    i.USB_SetCurrentMode  stm32l4xx_ll_usb.o
    0x08005b7c   0x0000000e   Code   RO         1286    i.USB_SetDevAddress  stm32l4xx_ll_usb.o
    0x08005b8a   0x00000040   Code   RO         1289    i.USB_WritePMA      stm32l4xx_ll_usb.o
    0x08005bca   0x00000004   Code   RO          482    i.UsageFault_Handler  stm32l4xx_it.o
    0x08005bce   0x00000002   PAD
    0x08005bd0   0x00000010   Code   RO         3254    i.__NVIC_GetPriorityGrouping  stm32l4xx_hal_cortex.o
    0x08005be0   0x00000028   Code   RO         3255    i.__NVIC_SetPriority  stm32l4xx_hal_cortex.o
    0x08005c08   0x0000000e   Code   RO         4780    i.__scatterload_copy  mc_w.l(handlers.o)
    0x08005c16   0x00000002   Code   RO         4781    i.__scatterload_null  mc_w.l(handlers.o)
    0x08005c18   0x0000000e   Code   RO         4782    i.__scatterload_zeroinit  mc_w.l(handlers.o)
    0x08005c26   0x00000002   PAD
    0x08005c28   0x00000050   Code   RO         4728    i.free              mc_w.l(malloc.o)
    0x08005c78   0x00000130   Code   RO          246    i.main              main.o
    0x08005da8   0x0000006c   Code   RO         4729    i.malloc            mc_w.l(malloc.o)
    0x08005e14   0x0000003c   Code   RO          169    i.queue_get_front   queue.o
    0x08005e50   0x00000008   Code   RO          170    i.queue_get_frontl  queue.o
    0x08005e58   0x0000000a   Code   RO          171    i.queue_init        queue.o
    0x08005e62   0x0000000e   Code   RO          172    i.queue_isempty     queue.o
    0x08005e70   0x0000001a   Code   RO          173    i.queue_pop         queue.o
    0x08005e8a   0x0000007a   Code   RO          174    i.queue_push        queue.o
    0x08005f04   0x00000048   Data   RO         4287    .constdata          system_stm32l4xx.o
    0x08005f4c   0x00000020   Data   RO         4778    Region$$Table       anon$$obj.o


    Execution Region RW_IRAM1 (Base: 0x20000000, Size: 0x00002688, Max: 0x00028000, ABSOLUTE, COMPRESSED[0x000000d4])

    Base Addr    Size         Type   Attr      Idx    E Section Name        Object

    0x20000000   0x00000003   Data   RW          248    .data               main.o
    0x20000003   0x00000001   PAD
    0x20000004   0x0000005e   Data   RW          631    .data               usbd_desc.o
    0x20000062   0x00000002   PAD
    0x20000064   0x00000010   Data   RW          722    .data               usbd_cdc_if.o
    0x20000074   0x0000000c   Data   RW         1494    .data               stm32l4xx_hal.o
    0x20000080   0x00000004   Data   RW         4288    .data               system_stm32l4xx.o
    0x20000084   0x00000001   Data   RW         4474    .data               usbd_ctlreq.o
    0x20000085   0x00000003   PAD
    0x20000088   0x0000010f   Data   RW         4630    .data               usbd_cdc.o
    0x20000197   0x00000001   PAD
    0x20000198   0x00000004   Data   RW         4774    .data               mc_w.l(mvars.o)
    0x2000019c   0x00000004   Data   RW         4775    .data               mc_w.l(mvars.o)
    0x200001a0   0x00000218   Zero   RW          247    .bss                main.o
    0x200003b8   0x000000f4   Zero   RW          390    .bss                spi.o
    0x200004ac   0x00000080   Zero   RW          432    .bss                usart.o
    0x2000052c   0x000002c4   Zero   RW          590    .bss                usb_device.o
    0x200007f0   0x00000400   Zero   RW          630    .bss                usbd_desc.o
    0x20000bf0   0x00001000   Zero   RW          721    .bss                usbd_cdc_if.o
    0x20001bf0   0x00000494   Zero   RW          800    .bss                usbd_conf.o
    0x20002084   0x00000004   PAD
    0x20002088   0x00000200   Zero   RW            2    HEAP                startup_stm32l452xx.o
    0x20002288   0x00000400   Zero   RW            1    STACK               startup_stm32l452xx.o


==============================================================================

Image component sizes


      Code (inc. data)   RO Data    RW Data    ZI Data      Debug   Object Name

        26          6          0          0          0     699491   comm.o
        68          4          0          0          0        830   dma.o
       116          6          0          0          0        947   gpio.o
       540         46          0          3        536      10001   main.o
       240          0          0          0          0       4167   queue.o
       320         30          0          0        244       1975   spi.o
        36          8        404          0       1536        868   startup_stm32l452xx.o
       194         32          0         12          0       4505   stm32l4xx_hal.o
       310         22          0          0          0      34675   stm32l4xx_hal_cortex.o
       726         10          0          0          0       3751   stm32l4xx_hal_dma.o
       466         28          0          0          0       2376   stm32l4xx_hal_gpio.o
        64          6          0          0          0        910   stm32l4xx_hal_msp.o
      2460          0          0          0          0      11261   stm32l4xx_hal_pcd.o
       100          0          0          0          0       1942   stm32l4xx_hal_pcd_ex.o
       176         24          0          0          0       1995   stm32l4xx_hal_pwr_ex.o
      2752        108          0          0          0       7648   stm32l4xx_hal_rcc.o
      1432         24          0          0          0       3068   stm32l4xx_hal_rcc_ex.o
      1598         22          0          0          0      11910   stm32l4xx_hal_spi.o
      1728         60          0          0          0       5277   stm32l4xx_hal_uart.o
        80         18          0          0          0       6105   stm32l4xx_it.o
      3488          0          0          0          0      17895   stm32l4xx_ll_usb.o
        80         12         72          4          0       1333   system_stm32l4xx.o
       184         20          0          0        128       1810   usart.o
        76         16          0          0        708        840   usb_device.o
       958         24          0        271          0      13994   usbd_cdc.o
       204         22          0         16       4096       3936   usbd_cdc_if.o
      1274         42          0          0       1172      16827   usbd_conf.o
       850          0          0          0          0      10835   usbd_core.o
      2160         20          0          1          0      11600   usbd_ctlreq.o
       402        128          0         94       1024       7937   usbd_desc.o
       174          0          0          0          0       4936   usbd_ioreq.o

    ----------------------------------------------------------------------
     23318        738        508        408       9448     905645   Object Totals
         0          0         32          0          0          0   (incl. Generated)
        36          0          0          7          4          0   (incl. Padding)

    ----------------------------------------------------------------------

      Code (inc. data)   RO Data    RW Data    ZI Data      Debug   Library Member Name

        86          0          0          0          0          0   __dczerorl2.o
         0          0          0          0          0          0   entry.o
         0          0          0          0          0          0   entry10a.o
         0          0          0          0          0          0   entry11a.o
         8          4          0          0          0          0   entry2.o
         4          0          0          0          0          0   entry5.o
         0          0          0          0          0          0   entry7b.o
         0          0          0          0          0          0   entry8b.o
         8          4          0          0          0          0   entry9a.o
        30          0          0          0          0          0   handlers.o
        36          8          0          0          0         68   init.o
        30          0          0          0          0         68   llshl.o
        32          0          0          0          0         68   llushr.o
       188         20          0          0          0        160   malloc.o
        36          0          0          0          0         68   memcpya.o
        36          0          0          0          0        108   memseta.o
         0          0          0          8          0          0   mvars.o
       104          0          0          0          0         92   uldiv.o

    ----------------------------------------------------------------------
       602         36          0          8          0        632   Library Totals
         4          0          0          0          0          0   (incl. Padding)

    ----------------------------------------------------------------------

      Code (inc. data)   RO Data    RW Data    ZI Data      Debug   Library Name

       598         36          0          8          0        632   mc_w.l

    ----------------------------------------------------------------------
       602         36          0          8          0        632   Library Totals

    ----------------------------------------------------------------------

==============================================================================


      Code (inc. data)   RO Data    RW Data    ZI Data      Debug   

     23920        774        508        416       9448     887001   Grand Totals
     23920        774        508        212       9448     887001   ELF Image Totals (compressed)
     23920        774        508        212          0          0   ROM Totals

==============================================================================

    Total RO  Size (Code + RO Data)                24428 (  23.86kB)
    Total RW  Size (RW Data + ZI Data)              9864 (   9.63kB)
    Total ROM Size (Code + RO Data + RW Data)      24640 (  24.06kB)

==============================================================================

