Component: ARM Compiler 5.06 update 4 (build 422) Tool: armlink [4d35d2]

==============================================================================

Section Cross References

    startup_stm32l452xx.o(RESET) refers to startup_stm32l452xx.o(STACK) for __initial_sp
    startup_stm32l452xx.o(RESET) refers to startup_stm32l452xx.o(.text) for Reset_Handler
    startup_stm32l452xx.o(RESET) refers to stm32l4xx_it.o(i.NMI_Handler) for NMI_Handler
    startup_stm32l452xx.o(RESET) refers to stm32l4xx_it.o(i.HardFault_Handler) for HardFault_Handler
    startup_stm32l452xx.o(RESET) refers to stm32l4xx_it.o(i.MemManage_Handler) for MemManage_Handler
    startup_stm32l452xx.o(RESET) refers to stm32l4xx_it.o(i.BusFault_Handler) for BusFault_Handler
    startup_stm32l452xx.o(RESET) refers to stm32l4xx_it.o(i.UsageFault_Handler) for UsageFault_Handler
    startup_stm32l452xx.o(RESET) refers to stm32l4xx_it.o(i.SVC_Handler) for SVC_Handler
    startup_stm32l452xx.o(RESET) refers to stm32l4xx_it.o(i.DebugMon_Handler) for DebugMon_Handler
    startup_stm32l452xx.o(RESET) refers to stm32l4xx_it.o(i.PendSV_Handler) for PendSV_Handler
    startup_stm32l452xx.o(RESET) refers to stm32l4xx_it.o(i.SysTick_Handler) for SysTick_Handler
    startup_stm32l452xx.o(RESET) refers to stm32l4xx_it.o(i.DMA1_Channel2_IRQHandler) for DMA1_Channel2_IRQHandler
    startup_stm32l452xx.o(RESET) refers to stm32l4xx_it.o(i.DMA1_Channel3_IRQHandler) for DMA1_Channel3_IRQHandler
    startup_stm32l452xx.o(RESET) refers to stm32l4xx_it.o(i.USB_IRQHandler) for USB_IRQHandler
    startup_stm32l452xx.o(.text) refers to system_stm32l4xx.o(i.SystemInit) for SystemInit
    startup_stm32l452xx.o(.text) refers to entry.o(.ARM.Collect$$$$00000000) for __main
    comm.o(i.Connection_RecieveCallback) refers to queue.o(i.queue_push) for queue_push
    comm.o(i.Connection_RecieveCallback) refers to main.o(.bss) for q_from_tx
    queue.o(i.queue_clear) refers to queue.o(i.queue_pop) for queue_pop
    queue.o(i.queue_get_front) refers to memcpya.o(.text) for __aeabi_memcpy
    queue.o(i.queue_pop) refers to malloc.o(i.free) for free
    queue.o(i.queue_push) refers to malloc.o(i.malloc) for malloc
    queue.o(i.queue_push) refers to memseta.o(.text) for __aeabi_memclr
    queue.o(i.queue_push) refers to memcpya.o(.text) for __aeabi_memcpy
    main.o(i.HAL_SPI_RxCpltCallback) refers to main.o(.bss) for hspi1
    main.o(i.HAL_SPI_RxCpltCallback) refers to main.o(.data) for received
    main.o(i.HAL_SPI_TxCpltCallback) refers to main.o(.bss) for hspi1
    main.o(i.HAL_SPI_TxCpltCallback) refers to main.o(.data) for transmitted
    main.o(i.MX_DMA_Init) refers to stm32l4xx_hal_cortex.o(i.HAL_NVIC_SetPriority) for HAL_NVIC_SetPriority
    main.o(i.MX_DMA_Init) refers to stm32l4xx_hal_cortex.o(i.HAL_NVIC_EnableIRQ) for HAL_NVIC_EnableIRQ
    main.o(i.MX_GPIO_Init) refers to memseta.o(.text) for __aeabi_memclr4
    main.o(i.MX_GPIO_Init) refers to stm32l4xx_hal_gpio.o(i.HAL_GPIO_WritePin) for HAL_GPIO_WritePin
    main.o(i.MX_GPIO_Init) refers to stm32l4xx_hal_gpio.o(i.HAL_GPIO_Init) for HAL_GPIO_Init
    main.o(i.MX_SPI1_Init) refers to stm32l4xx_hal_spi.o(i.HAL_SPI_Init) for HAL_SPI_Init
    main.o(i.MX_SPI1_Init) refers to main.o(i.Error_Handler) for Error_Handler
    main.o(i.MX_SPI1_Init) refers to main.o(.bss) for hspi1
    main.o(i.MX_USART1_UART_Init) refers to stm32l4xx_hal_uart.o(i.HAL_UART_Init) for HAL_UART_Init
    main.o(i.MX_USART1_UART_Init) refers to main.o(i.Error_Handler) for Error_Handler
    main.o(i.MX_USART1_UART_Init) refers to main.o(.bss) for huart1
    main.o(i.SystemClock_Config) refers to memseta.o(.text) for __aeabi_memclr4
    main.o(i.SystemClock_Config) refers to stm32l4xx_hal_rcc.o(i.HAL_RCC_OscConfig) for HAL_RCC_OscConfig
    main.o(i.SystemClock_Config) refers to main.o(i.Error_Handler) for Error_Handler
    main.o(i.SystemClock_Config) refers to stm32l4xx_hal_rcc.o(i.HAL_RCC_ClockConfig) for HAL_RCC_ClockConfig
    main.o(i.SystemClock_Config) refers to stm32l4xx_hal_rcc_ex.o(i.HAL_RCCEx_PeriphCLKConfig) for HAL_RCCEx_PeriphCLKConfig
    main.o(i.SystemClock_Config) refers to stm32l4xx_hal_pwr_ex.o(i.HAL_PWREx_ControlVoltageScaling) for HAL_PWREx_ControlVoltageScaling
    main.o(i.main) refers to stm32l4xx_hal.o(i.HAL_Init) for HAL_Init
    main.o(i.main) refers to main.o(i.SystemClock_Config) for SystemClock_Config
    main.o(i.main) refers to main.o(i.MX_GPIO_Init) for MX_GPIO_Init
    main.o(i.main) refers to main.o(i.MX_DMA_Init) for MX_DMA_Init
    main.o(i.main) refers to main.o(i.MX_SPI1_Init) for MX_SPI1_Init
    main.o(i.main) refers to main.o(i.MX_USART1_UART_Init) for MX_USART1_UART_Init
    main.o(i.main) refers to usb_device.o(i.MX_USB_DEVICE_Init) for MX_USB_DEVICE_Init
    main.o(i.main) refers to stm32l4xx_hal_gpio.o(i.HAL_GPIO_WritePin) for HAL_GPIO_WritePin
    main.o(i.main) refers to queue.o(i.queue_init) for queue_init
    main.o(i.main) refers to queue.o(i.queue_push) for queue_push
[...]
    ..\\Core\\Src\\comm.c                    0x00000000   Number         0  comm.o ABSOLUTE
    cdrcmple.s                               0x00000000   Number         0  cdrcmple.o ABSOLUTE
    dc.s                                     0x00000000   Number         0  dc.o ABSOLUTE
    handlers.s                               0x00000000   Number         0  handlers.o ABSOLUTE
    init.s                                   0x00000000   Number         0  init.o ABSOLUTE
    startup_stm32l452xx.s                    0x00000000   Number         0  startup_stm32l452xx.o ABSOLUTE
    RESET                                    0x08000000   Section      404  startup_stm32l452xx.o(RESET)
    .ARM.Collect$$$$00000000                 0x08000194   Section        0  entry.o(.ARM.Collect$$$$00000000)
    .ARM.Collect$$$$00000001                 0x08000194   Section        4  entry2.o(.ARM.Collect$$$$00000001)
    .ARM.Collect$$$$00000004                 0x08000198   Section        4  entry5.o(.ARM.Collect$$$$00000004)
    .ARM.Collect$$$$00000008                 0x0800019c   Section        0  entry7b.o(.ARM.Collect$$$$00000008)
    .ARM.Collect$$$$0000000A                 0x0800019c   Section        0  entry8b.o(.ARM.Collect$$$$0000000A)
    .ARM.Collect$$$$0000000B                 0x0800019c   Section        8  entry9a.o(.ARM.Collect$$$$0000000B)
    .ARM.Collect$$$$0000000D                 0x080001a4   Section        0  entry10a.o(.ARM.Collect$$$$0000000D)
    .ARM.Collect$$$$0000000F                 0x080001a4   Section        0  entry11a.o(.ARM.Collect$$$$0000000F)
    .ARM.Collect$$$$00002712                 0x080001a4   Section        4  entry2.o(.ARM.Collect$$$$00002712)
    __lit__00000000                          0x080001a4   Data           4  entry2.o(.ARM.Collect$$$$00002712)
    .text                                    0x080001a8   Section       36  startup_stm32l452xx.o(.text)
    $v0                                      0x080001a8   Number         0  startup_stm32l452xx.o(.text)
    .text                                    0x080001cc   Section        0  uldiv.o(.text)
    .text                                    0x08000234   Section        0  memcpya.o(.text)
    .text                                    0x08000258   Section        0  memseta.o(.text)
    .text                                    0x0800027c   Section        0  llshl.o(.text)
    .text                                    0x0800029a   Section        0  llushr.o(.text)
    .text                                    0x080002bc   Section       36  init.o(.text)
    .text                                    0x080002e0   Section        0  iusesemip.o(.text)
    .text                                    0x080002e0   Section        0  __dczerorl2.o(.text)
    .text                                    0x080002e0   Section        0  semi.o(.text)
    i.BusFault_Handler                       0x08000336   Section        0  stm32l4xx_it.o(i.BusFault_Handler)
    i.CDC_Control_FS                         0x0800033a   Section        0  usbd_cdc_if.o(i.CDC_Control_FS)
    CDC_Control_FS                           0x0800033b   Thumb Code    68  usbd_cdc_if.o(i.CDC_Control_FS)
    i.CDC_DeInit_FS                          0x0800037e   Section        0  usbd_cdc_if.o(i.CDC_DeInit_FS)
    CDC_DeInit_FS                            0x0800037f   Thumb Code     4  usbd_cdc_if.o(i.CDC_DeInit_FS)
    i.CDC_Init_FS                            0x08000384   Section        0  usbd_cdc_if.o(i.CDC_Init_FS)
    CDC_Init_FS                              0x08000385   Thumb Code    24  usbd_cdc_if.o(i.CDC_Init_FS)
    i.CDC_Receive_FS                         0x080003a8   Section        0  usbd_cdc_if.o(i.CDC_Receive_FS)
    CDC_Receive_FS                           0x080003a9   Thumb Code    32  usbd_cdc_if.o(i.CDC_Receive_FS)
    i.Connection_RecieveCallback             0x080003cc   Section        0  comm.o(i.Connection_RecieveCallback)
    i.DMA1_Channel2_IRQHandler               0x080003e4   Section        0  stm32l4xx_it.o(i.DMA1_Channel2_IRQHandler)
    i.DMA1_Channel3_IRQHandler               0x080003f4   Section        0  stm32l4xx_it.o(i.DMA1_Channel3_IRQHandler)
    i.DMA_SetConfig                          0x08000404   Section        0  stm32l4xx_hal_dma.o(i.DMA_SetConfig)
    DMA_SetConfig                            0x08000405   Thumb Code    48  stm32l4xx_hal_dma.o(i.DMA_SetConfig)
    i.DebugMon_Handler                       0x08000434   Section        0  stm32l4xx_it.o(i.DebugMon_Handler)
    i.Error_Handler                          0x08000436   Section        0  main.o(i.Error_Handler)
    i.Get_SerialNum                          0x08000438   Section        0  usbd_desc.o(i.Get_SerialNum)
    Get_SerialNum                            0x08000439   Thumb Code    42  usbd_desc.o(i.Get_SerialNum)
    i.HAL_DMA_IRQHandler                     0x0800046c   Section        0  stm32l4xx_hal_dma.o(i.HAL_DMA_IRQHandler)
    i.HAL_DMA_Init                           0x0800056c   Section        0  stm32l4xx_hal_dma.o(i.HAL_DMA_Init)
    i.HAL_DMA_Start_IT                       0x08000678   Section        0  stm32l4xx_hal_dma.o(i.HAL_DMA_Start_IT)
    i.HAL_GPIO_Init                          0x08000714   Section        0  stm32l4xx_hal_gpio.o(i.HAL_GPIO_Init)
    i.HAL_GPIO_WritePin                      0x080008dc   Section        0  stm32l4xx_hal_gpio.o(i.HAL_GPIO_WritePin)
    i.HAL_GetTick                            0x080008e8   Section        0  stm32l4xx_hal.o(i.HAL_GetTick)
    i.HAL_IncTick                            0x080008f4   Section        0  stm32l4xx_hal.o(i.HAL_IncTick)
    i.HAL_Init                               0x0800090c   Section        0  stm32l4xx_hal.o(i.HAL_Init)
    i.HAL_InitTick                           0x0800092c   Section        0  stm32l4xx_hal.o(i.HAL_InitTick)
    i.HAL_MspInit                            0x08000984   Section        0  stm32l4xx_hal_msp.o(i.HAL_MspInit)
    i.HAL_NVIC_EnableIRQ                     0x080009c4   Section        0  stm32l4xx_hal_cortex.o(i.HAL_NVIC_EnableIRQ)
    i.HAL_NVIC_SetPriority                   0x080009e4   Section        0  stm32l4xx_hal_cortex.o(i.HAL_NVIC_SetPriority)
    i.HAL_NVIC_SetPriorityGrouping           0x08000a68   Section        0  stm32l4xx_hal_cortex.o(i.HAL_NVIC_SetPriorityGrouping)
    i.HAL_PCDEx_ActivateLPM                  0x08000a90   Section        0  stm32l4xx_hal_pcd_ex.o(i.HAL_PCDEx_ActivateLPM)
    i.HAL_PCDEx_LPM_Callback                 0x08000ab8   Section        0  usbd_conf.o(i.HAL_PCDEx_LPM_Callback)
    i.HAL_PCDEx_PMAConfig                    0x08000b08   Section        0  stm32l4xx_hal_pcd_ex.o(i.HAL_PCDEx_PMAConfig)
    i.HAL_PCD_DataInStageCallback            0x08000b44   Section        0  usbd_conf.o(i.HAL_PCD_DataInStageCallback)
    i.HAL_PCD_DataOutStageCallback           0x08000b60   Section        0  usbd_conf.o(i.HAL_PCD_DataOutStageCallback)
    i.HAL_PCD_EP_Close                       0x08000b7c   Section        0  stm32l4xx_hal_pcd.o(i.HAL_PCD_EP_Close)
    i.HAL_PCD_EP_ClrStall                    0x08000bde   Section        0  stm32l4xx_hal_pcd.o(i.HAL_PCD_EP_ClrStall)
    i.HAL_PCD_EP_GetRxCount                  0x08000c52   Section        0  stm32l4xx_hal_pcd.o(i.HAL_PCD_EP_GetRxCount)
    i.HAL_PCD_EP_Open                        0x08000c64   Section        0  stm32l4xx_hal_pcd.o(i.HAL_PCD_EP_Open)
    i.HAL_PCD_EP_Receive                     0x08000ce8   Section        0  stm32l4xx_hal_pcd.o(i.HAL_PCD_EP_Receive)
    i.HAL_PCD_EP_SetStall                    0x08000d30   Section        0  stm32l4xx_hal_pcd.o(i.HAL_PCD_EP_SetStall)
    i.HAL_PCD_EP_Transmit                    0x08000db0   Section        0  stm32l4xx_hal_pcd.o(i.HAL_PCD_EP_Transmit)
    i.HAL_PCD_IRQHandler                     0x08000dfa   Section        0  stm32l4xx_hal_pcd.o(i.HAL_PCD_IRQHandler)
    i.HAL_PCD_Init                           0x08000fea   Section        0  stm32l4xx_hal_pcd.o(i.HAL_PCD_Init)
    i.HAL_PCD_MspInit                        0x08001124   Section        0  usbd_conf.o(i.HAL_PCD_MspInit)
    i.HAL_PCD_ResetCallback                  0x080011b0   Section        0  usbd_conf.o(i.HAL_PCD_ResetCallback)
    i.HAL_PCD_ResumeCallback                 0x080011d4   Section        0  usbd_conf.o(i.HAL_PCD_ResumeCallback)
    i.HAL_PCD_SOFCallback                    0x080011fc   Section        0  usbd_conf.o(i.HAL_PCD_SOFCallback)
    i.HAL_PCD_SetAddress                     0x0800120a   Section        0  stm32l4xx_hal_pcd.o(i.HAL_PCD_SetAddress)
    i.HAL_PCD_SetupStageCallback             0x08001240   Section        0  usbd_conf.o(i.HAL_PCD_SetupStageCallback)
    i.HAL_PCD_Start                          0x08001252   Section        0  stm32l4xx_hal_pcd.o(i.HAL_PCD_Start)
    i.HAL_PCD_SuspendCallback                0x08001288   Section        0  usbd_conf.o(i.HAL_PCD_SuspendCallback)
    i.HAL_PWREx_ControlVoltageScaling        0x080012ac   Section        0  stm32l4xx_hal_pwr_ex.o(i.HAL_PWREx_ControlVoltageScaling)
    i.HAL_PWREx_EnableVddUSB                 0x08001338   Section        0  stm32l4xx_hal_pwr_ex.o(i.HAL_PWREx_EnableVddUSB)
    i.HAL_PWREx_GetVoltageRange              0x0800134c   Section        0  stm32l4xx_hal_pwr_ex.o(i.HAL_PWREx_GetVoltageRange)
    i.HAL_RCCEx_PeriphCLKConfig              0x0800135c   Section        0  stm32l4xx_hal_rcc_ex.o(i.HAL_RCCEx_PeriphCLKConfig)
    i.HAL_RCC_ClockConfig                    0x0800176c   Section        0  stm32l4xx_hal_rcc.o(i.HAL_RCC_ClockConfig)
    i.HAL_RCC_GetHCLKFreq                    0x080018e8   Section        0  stm32l4xx_hal_rcc.o(i.HAL_RCC_GetHCLKFreq)
    i.HAL_RCC_GetPCLK1Freq                   0x080018f4   Section        0  stm32l4xx_hal_rcc.o(i.HAL_RCC_GetPCLK1Freq)
    i.HAL_RCC_GetPCLK2Freq                   0x08001918   Section        0  stm32l4xx_hal_rcc.o(i.HAL_RCC_GetPCLK2Freq)
    i.HAL_RCC_GetSysClockFreq                0x0800193c   Section        0  stm32l4xx_hal_rcc.o(i.HAL_RCC_GetSysClockFreq)
    i.HAL_RCC_OscConfig                      0x08001a28   Section        0  stm32l4xx_hal_rcc.o(i.HAL_RCC_OscConfig)
    i.HAL_SPI_ErrorCallback                  0x08002190   Section        0  stm32l4xx_hal_spi.o(i.HAL_SPI_ErrorCallback)
    i.HAL_SPI_Init                           0x08002192   Section        0  stm32l4xx_hal_spi.o(i.HAL_SPI_Init)
    i.HAL_SPI_MspInit                        0x08002254   Section        0  stm32l4xx_hal_msp.o(i.HAL_SPI_MspInit)
    i.HAL_SPI_Transmit_DMA                   0x08002344   Section        0  stm32l4xx_hal_spi.o(i.HAL_SPI_Transmit_DMA)
    i.HAL_SPI_TxCpltCallback                 0x08002488   Section        0  main.o(i.HAL_SPI_TxCpltCallback)
    i.HAL_SPI_TxHalfCpltCallback             0x080024a4   Section        0  stm32l4xx_hal_spi.o(i.HAL_SPI_TxHalfCpltCallback)
    i.HAL_SYSTICK_Config                     0x080024a6   Section        0  stm32l4xx_hal_cortex.o(i.HAL_SYSTICK_Config)
    i.HAL_UART_Init                          0x080024da   Section        0  stm32l4xx_hal_uart.o(i.HAL_UART_Init)
    i.HAL_UART_MspInit                       0x08002550   Section        0  stm32l4xx_hal_msp.o(i.HAL_UART_MspInit)
    i.HardFault_Handler                      0x080025c8   Section        0  stm32l4xx_it.o(i.HardFault_Handler)
    i.IntToUnicode                           0x080025cc   Section        0  usbd_desc.o(i.IntToUnicode)
    IntToUnicode                             0x080025cd   Thumb Code    62  usbd_desc.o(i.IntToUnicode)
    i.MX_DMA_Init                            0x0800260c   Section        0  main.o(i.MX_DMA_Init)
    MX_DMA_Init                              0x0800260d   Thumb Code    64  main.o(i.MX_DMA_Init)
    i.MX_GPIO_Init                           0x08002650   Section        0  main.o(i.MX_GPIO_Init)
    MX_GPIO_Init                             0x08002651   Thumb Code   172  main.o(i.MX_GPIO_Init)
    i.MX_SPI1_Init                           0x08002704   Section        0  main.o(i.MX_SPI1_Init)
    MX_SPI1_Init                             0x08002705   Thumb Code    72  main.o(i.MX_SPI1_Init)
    i.MX_USART1_UART_Init                    0x08002754   Section        0  main.o(i.MX_USART1_UART_Init)
    MX_USART1_UART_Init                      0x08002755   Thumb Code    56  main.o(i.MX_USART1_UART_Init)
    i.MX_USB_DEVICE_Init                     0x08002794   Section        0  usb_device.o(i.MX_USB_DEVICE_Init)
    i.MemManage_Handler                      0x080027e0   Section        0  stm32l4xx_it.o(i.MemManage_Handler)
    i.NMI_Handler                            0x080027e4   Section        0  stm32l4xx_it.o(i.NMI_Handler)
    i.PCD_EP_ISR_Handler                     0x080027e6   Section        0  stm32l4xx_hal_pcd.o(i.PCD_EP_ISR_Handler)
    PCD_EP_ISR_Handler                       0x080027e7   Thumb Code   906  stm32l4xx_hal_pcd.o(i.PCD_EP_ISR_Handler)
    i.PendSV_Handler                         0x08002b70   Section        0  stm32l4xx_it.o(i.PendSV_Handler)
    i.RCCEx_PLLSAI1_Config                   0x08002b74   Section        0  stm32l4xx_hal_rcc_ex.o(i.RCCEx_PLLSAI1_Config)
    RCCEx_PLLSAI1_Config                     0x08002b75   Thumb Code   376  stm32l4xx_hal_rcc_ex.o(i.RCCEx_PLLSAI1_Config)
    i.RCC_SetFlashLatencyFromMSIRange        0x08002cfc   Section        0  stm32l4xx_hal_rcc.o(i.RCC_SetFlashLatencyFromMSIRange)
    RCC_SetFlashLatencyFromMSIRange          0x08002cfd   Thumb Code   148  stm32l4xx_hal_rcc.o(i.RCC_SetFlashLatencyFromMSIRange)
    i.SPI_DMAError                           0x08002d98   Section        0  stm32l4xx_hal_spi.o(i.SPI_DMAError)
    SPI_DMAError                             0x08002d99   Thumb Code    40  stm32l4xx_hal_spi.o(i.SPI_DMAError)
    i.SPI_DMAHalfTransmitCplt                0x08002dc0   Section        0  stm32l4xx_hal_spi.o(i.SPI_DMAHalfTransmitCplt)
    SPI_DMAHalfTransmitCplt                  0x08002dc1   Thumb Code    14  stm32l4xx_hal_spi.o(i.SPI_DMAHalfTransmitCplt)
    i.SPI_DMATransmitCplt                    0x08002dce   Section        0  stm32l4xx_hal_spi.o(i.SPI_DMATransmitCplt)
    SPI_DMATransmitCplt                      0x08002dcf   Thumb Code   126  stm32l4xx_hal_spi.o(i.SPI_DMATransmitCplt)
    i.SPI_EndRxTxTransaction                 0x08002e4c   Section        0  stm32l4xx_hal_spi.o(i.SPI_EndRxTxTransaction)
    SPI_EndRxTxTransaction                   0x08002e4d   Thumb Code   100  stm32l4xx_hal_spi.o(i.SPI_EndRxTxTransaction)
    i.SPI_WaitFifoStateUntilTimeout          0x08002eb0   Section        0  stm32l4xx_hal_spi.o(i.SPI_WaitFifoStateUntilTimeout)
    SPI_WaitFifoStateUntilTimeout            0x08002eb1   Thumb Code   170  stm32l4xx_hal_spi.o(i.SPI_WaitFifoStateUntilTimeout)
    i.SPI_WaitFlagStateUntilTimeout          0x08002f5a   Section        0  stm32l4xx_hal_spi.o(i.SPI_WaitFlagStateUntilTimeout)
    SPI_WaitFlagStateUntilTimeout            0x08002f5b   Thumb Code   168  stm32l4xx_hal_spi.o(i.SPI_WaitFlagStateUntilTimeout)
    i.SVC_Handler                            0x08003002   Section        0  stm32l4xx_it.o(i.SVC_Handler)
    i.SysTick_Handler                        0x08003004   Section        0  stm32l4xx_it.o(i.SysTick_Handler)
    i.SystemClockConfig_Resume               0x0800300c   Section        0  usbd_conf.o(i.SystemClockConfig_Resume)
    SystemClockConfig_Resume                 0x0800300d   Thumb Code     8  usbd_conf.o(i.SystemClockConfig_Resume)
    i.SystemClock_Config                     0x08003014   Section        0  main.o(i.SystemClock_Config)
    i.SystemInit                             0x080030cc   Section        0  system_stm32l4xx.o(i.SystemInit)
    i.UART_AdvFeatureConfig                  0x0800311c   Section        0  stm32l4xx_hal_uart.o(i.UART_AdvFeatureConfig)
    i.UART_CheckIdleState                    0x08003214   Section        0  stm32l4xx_hal_uart.o(i.UART_CheckIdleState)
    i.UART_SetConfig                         0x08003284   Section        0  stm32l4xx_hal_uart.o(i.UART_SetConfig)
    i.UART_WaitOnFlagUntilTimeout            0x080036b6   Section        0  stm32l4xx_hal_uart.o(i.UART_WaitOnFlagUntilTimeout)
    i.USBD_CDC_DataIn                        0x0800376a   Section        0  usbd_cdc.o(i.USBD_CDC_DataIn)
    USBD_CDC_DataIn                          0x0800376b   Thumb Code   118  usbd_cdc.o(i.USBD_CDC_DataIn)
    i.USBD_CDC_DataOut                       0x080037e0   Section        0  usbd_cdc.o(i.USBD_CDC_DataOut)
    USBD_CDC_DataOut                         0x080037e1   Thumb Code    52  usbd_cdc.o(i.USBD_CDC_DataOut)
    i.USBD_CDC_DeInit                        0x08003814   Section        0  usbd_cdc.o(i.USBD_CDC_DeInit)
    USBD_CDC_DeInit                          0x08003815   Thumb Code    78  usbd_cdc.o(i.USBD_CDC_DeInit)
    i.USBD_CDC_EP0_RxReady                   0x08003862   Section        0  usbd_cdc.o(i.USBD_CDC_EP0_RxReady)
    USBD_CDC_EP0_RxReady                     0x08003863   Thumb Code    50  usbd_cdc.o(i.USBD_CDC_EP0_RxReady)
    i.USBD_CDC_GetDeviceQualifierDescriptor  0x08003894   Section        0  usbd_cdc.o(i.USBD_CDC_GetDeviceQualifierDescriptor)
    i.USBD_CDC_GetFSCfgDesc                  0x080038a4   Section        0  usbd_cdc.o(i.USBD_CDC_GetFSCfgDesc)
    USBD_CDC_GetFSCfgDesc                    0x080038a5   Thumb Code    10  usbd_cdc.o(i.USBD_CDC_GetFSCfgDesc)
    i.USBD_CDC_GetHSCfgDesc                  0x080038b4   Section        0  usbd_cdc.o(i.USBD_CDC_GetHSCfgDesc)
    USBD_CDC_GetHSCfgDesc                    0x080038b5   Thumb Code    10  usbd_cdc.o(i.USBD_CDC_GetHSCfgDesc)
    i.USBD_CDC_GetOtherSpeedCfgDesc          0x080038c4   Section        0  usbd_cdc.o(i.USBD_CDC_GetOtherSpeedCfgDesc)
    USBD_CDC_GetOtherSpeedCfgDesc            0x080038c5   Thumb Code    10  usbd_cdc.o(i.USBD_CDC_GetOtherSpeedCfgDesc)
    i.USBD_CDC_Init                          0x080038d4   Section        0  usbd_cdc.o(i.USBD_CDC_Init)
    USBD_CDC_Init                            0x080038d5   Thumb Code   184  usbd_cdc.o(i.USBD_CDC_Init)
    i.USBD_CDC_ReceivePacket                 0x0800398c   Section        0  usbd_cdc.o(i.USBD_CDC_ReceivePacket)
    i.USBD_CDC_RegisterInterface             0x080039c6   Section        0  usbd_cdc.o(i.USBD_CDC_RegisterInterface)
    i.USBD_CDC_SetRxBuffer                   0x080039d4   Section        0  usbd_cdc.o(i.USBD_CDC_SetRxBuffer)
    i.USBD_CDC_SetTxBuffer                   0x080039e2   Section        0  usbd_cdc.o(i.USBD_CDC_SetTxBuffer)
    i.USBD_CDC_Setup                         0x080039f6   Section        0  usbd_cdc.o(i.USBD_CDC_Setup)
    USBD_CDC_Setup                           0x080039f7   Thumb Code   244  usbd_cdc.o(i.USBD_CDC_Setup)
    i.USBD_ClrClassConfig                    0x08003aea   Section        0  usbd_core.o(i.USBD_ClrClassConfig)
    i.USBD_ClrFeature                        0x08003b00   Section        0  usbd_ctlreq.o(i.USBD_ClrFeature)
    USBD_ClrFeature                          0x08003b01   Thumb Code    62  usbd_ctlreq.o(i.USBD_ClrFeature)
    i.USBD_CtlContinueRx                     0x08003b3e   Section        0  usbd_ioreq.o(i.USBD_CtlContinueRx)
    i.USBD_CtlContinueSendData               0x08003b56   Section        0  usbd_ioreq.o(i.USBD_CtlContinueSendData)
    i.USBD_CtlError                          0x08003b6e   Section        0  usbd_ctlreq.o(i.USBD_CtlError)
    i.USBD_CtlPrepareRx                      0x08003b86   Section        0  usbd_ioreq.o(i.USBD_CtlPrepareRx)
    i.USBD_CtlReceiveStatus                  0x08003bae   Section        0  usbd_ioreq.o(i.USBD_CtlReceiveStatus)
    i.USBD_CtlSendData                       0x08003bc8   Section        0  usbd_ioreq.o(i.USBD_CtlSendData)
    i.USBD_CtlSendStatus                     0x08003bea   Section        0  usbd_ioreq.o(i.USBD_CtlSendStatus)
    i.USBD_FS_ConfigStrDescriptor            0x08003c04   Section        0  usbd_desc.o(i.USBD_FS_ConfigStrDescriptor)
    i.USBD_FS_DeviceDescriptor               0x08003c38   Section        0  usbd_desc.o(i.USBD_FS_DeviceDescriptor)
    i.USBD_FS_InterfaceStrDescriptor         0x08003c48   Section        0  usbd_desc.o(i.USBD_FS_InterfaceStrDescriptor)
    i.USBD_FS_LangIDStrDescriptor            0x08003c80   Section        0  usbd_desc.o(i.USBD_FS_LangIDStrDescriptor)
    i.USBD_FS_ManufacturerStrDescriptor      0x08003c90   Section        0  usbd_desc.o(i.USBD_FS_ManufacturerStrDescriptor)
    i.USBD_FS_ProductStrDescriptor           0x08003cb4   Section        0  usbd_desc.o(i.USBD_FS_ProductStrDescriptor)
    i.USBD_FS_SerialStrDescriptor            0x08003cf4   Section        0  usbd_desc.o(i.USBD_FS_SerialStrDescriptor)
    i.USBD_FS_USR_BOSDescriptor              0x08003d0c   Section        0  usbd_desc.o(i.USBD_FS_USR_BOSDescriptor)
    i.USBD_GetConfig                         0x08003d1c   Section        0  usbd_ctlreq.o(i.USBD_GetConfig)
    USBD_GetConfig                           0x08003d1d   Thumb Code    86  usbd_ctlreq.o(i.USBD_GetConfig)
    i.USBD_GetDescriptor                     0x08003d72   Section        0  usbd_ctlreq.o(i.USBD_GetDescriptor)
    USBD_GetDescriptor                       0x08003d73   Thumb Code   554  usbd_ctlreq.o(i.USBD_GetDescriptor)
    i.USBD_GetLen                            0x08003f9c   Section        0  usbd_ctlreq.o(i.USBD_GetLen)
    USBD_GetLen                              0x08003f9d   Thumb Code    20  usbd_ctlreq.o(i.USBD_GetLen)
    i.USBD_GetStatus                         0x08003fb0   Section        0  usbd_ctlreq.o(i.USBD_GetStatus)
    USBD_GetStatus                           0x08003fb1   Thumb Code    90  usbd_ctlreq.o(i.USBD_GetStatus)
    i.USBD_GetString                         0x0800400a   Section        0  usbd_ctlreq.o(i.USBD_GetString)
    i.USBD_Init                              0x0800405c   Section        0  usbd_core.o(i.USBD_Init)
    i.USBD_LL_ClearStallEP                   0x080040c4   Section        0  usbd_conf.o(i.USBD_LL_ClearStallEP)
    i.USBD_LL_CloseEP                        0x08004108   Section        0  usbd_conf.o(i.USBD_LL_CloseEP)
    i.USBD_LL_DataInStage                    0x0800414c   Section        0  usbd_core.o(i.USBD_LL_DataInStage)
    i.USBD_LL_DataOutStage                   0x0800424c   Section        0  usbd_core.o(i.USBD_LL_DataOutStage)
    i.USBD_LL_GetRxDataSize                  0x080042f2   Section        0  usbd_conf.o(i.USBD_LL_GetRxDataSize)
    i.USBD_LL_Init                           0x08004304   Section        0  usbd_conf.o(i.USBD_LL_Init)
    i.USBD_LL_IsStallEP                      0x08004390   Section        0  usbd_conf.o(i.USBD_LL_IsStallEP)
    i.USBD_LL_OpenEP                         0x080043c0   Section        0  usbd_conf.o(i.USBD_LL_OpenEP)
    i.USBD_LL_PrepareReceive                 0x08004422   Section        0  usbd_conf.o(i.USBD_LL_PrepareReceive)
    i.USBD_LL_Reset                          0x08004484   Section        0  usbd_core.o(i.USBD_LL_Reset)
    i.USBD_LL_Resume                         0x080044e0   Section        0  usbd_core.o(i.USBD_LL_Resume)
    i.USBD_LL_SOF                            0x080044f6   Section        0  usbd_core.o(i.USBD_LL_SOF)
    i.USBD_LL_SetSpeed                       0x08004518   Section        0  usbd_core.o(i.USBD_LL_SetSpeed)
    i.USBD_LL_SetUSBAddress                  0x08004520   Section        0  usbd_conf.o(i.USBD_LL_SetUSBAddress)
    i.USBD_LL_SetupStage                     0x08004564   Section        0  usbd_core.o(i.USBD_LL_SetupStage)
    i.USBD_LL_StallEP                        0x080045d2   Section        0  usbd_conf.o(i.USBD_LL_StallEP)
    i.USBD_LL_Start                          0x08004616   Section        0  usbd_conf.o(i.USBD_LL_Start)
    i.USBD_LL_Suspend                        0x08004652   Section        0  usbd_core.o(i.USBD_LL_Suspend)
    i.USBD_LL_Transmit                       0x08004666   Section        0  usbd_conf.o(i.USBD_LL_Transmit)
    i.USBD_ParseSetupRequest                 0x080046c8   Section        0  usbd_ctlreq.o(i.USBD_ParseSetupRequest)
    i.USBD_RegisterClass                     0x080046f0   Section        0  usbd_core.o(i.USBD_RegisterClass)
    i.USBD_RunTestMode                       0x0800473c   Section        0  usbd_core.o(i.USBD_RunTestMode)
    i.USBD_SetAddress                        0x08004742   Section        0  usbd_ctlreq.o(i.USBD_SetAddress)
    USBD_SetAddress                          0x08004743   Thumb Code    90  usbd_ctlreq.o(i.USBD_SetAddress)
    i.USBD_SetClassConfig                    0x0800479c   Section        0  usbd_core.o(i.USBD_SetClassConfig)
    i.USBD_SetConfig                         0x080047c0   Section        0  usbd_ctlreq.o(i.USBD_SetConfig)
    USBD_SetConfig                           0x080047c1   Thumb Code   228  usbd_ctlreq.o(i.USBD_SetConfig)
    i.USBD_SetFeature                        0x080048a8   Section        0  usbd_ctlreq.o(i.USBD_SetFeature)
    USBD_SetFeature                          0x080048a9   Thumb Code    24  usbd_ctlreq.o(i.USBD_SetFeature)
    i.USBD_Start                             0x080048c0   Section        0  usbd_core.o(i.USBD_Start)
    i.USBD_StdDevReq                         0x080048ce   Section        0  usbd_ctlreq.o(i.USBD_StdDevReq)
    i.USBD_StdEPReq                          0x08004970   Section        0  usbd_ctlreq.o(i.USBD_StdEPReq)
    i.USBD_StdItfReq                         0x08004ba8   Section        0  usbd_ctlreq.o(i.USBD_StdItfReq)
    i.USBD_static_free                       0x08004c26   Section        0  usbd_conf.o(i.USBD_static_free)
    i.USBD_static_malloc                     0x08004c28   Section        0  usbd_conf.o(i.USBD_static_malloc)
    i.USB_ActivateEndpoint                   0x08004c34   Section        0  stm32l4xx_ll_usb.o(i.USB_ActivateEndpoint)
    i.USB_CoreInit                           0x080050c4   Section        0  stm32l4xx_ll_usb.o(i.USB_CoreInit)
    i.USB_DeactivateEndpoint                 0x080050cc   Section        0  stm32l4xx_ll_usb.o(i.USB_DeactivateEndpoint)
    i.USB_DevConnect                         0x08005348   Section        0  stm32l4xx_ll_usb.o(i.USB_DevConnect)
    i.USB_DevDisconnect                      0x0800535a   Section        0  stm32l4xx_ll_usb.o(i.USB_DevDisconnect)
    i.USB_DevInit                            0x0800536c   Section        0  stm32l4xx_ll_usb.o(i.USB_DevInit)
    i.USB_DisableGlobalInt                   0x0800538a   Section        0  stm32l4xx_ll_usb.o(i.USB_DisableGlobalInt)
    i.USB_EP0_OutStart                       0x0800539e   Section        0  stm32l4xx_ll_usb.o(i.USB_EP0_OutStart)
    i.USB_EPClearStall                       0x080053a4   Section        0  stm32l4xx_ll_usb.o(i.USB_EPClearStall)
    i.USB_EPSetStall                         0x0800547e   Section        0  stm32l4xx_ll_usb.o(i.USB_EPSetStall)
    i.USB_EPStartXfer                        0x080054da   Section        0  stm32l4xx_ll_usb.o(i.USB_EPStartXfer)
    i.USB_EnableGlobalInt                    0x0800591e   Section        0  stm32l4xx_ll_usb.o(i.USB_EnableGlobalInt)
    i.USB_IRQHandler                         0x08005934   Section        0  stm32l4xx_it.o(i.USB_IRQHandler)
    i.USB_ReadInterrupts                     0x08005944   Section        0  stm32l4xx_ll_usb.o(i.USB_ReadInterrupts)
    i.USB_ReadPMA                            0x0800594c   Section        0  stm32l4xx_ll_usb.o(i.USB_ReadPMA)
    i.USB_SetCurrentMode                     0x08005992   Section        0  stm32l4xx_ll_usb.o(i.USB_SetCurrentMode)
    i.USB_SetDevAddress                      0x08005998   Section        0  stm32l4xx_ll_usb.o(i.USB_SetDevAddress)
    i.USB_WritePMA                           0x080059a6   Section        0  stm32l4xx_ll_usb.o(i.USB_WritePMA)
    i.UsageFault_Handler                     0x080059e6   Section        0  stm32l4xx_it.o(i.UsageFault_Handler)
    i.__0printf$bare                         0x080059ec   Section        0  printfb.o(i.__0printf$bare)
    i.__NVIC_GetPriorityGrouping             0x080059fc   Section        0  stm32l4xx_hal_cortex.o(i.__NVIC_GetPriorityGrouping)
    __NVIC_GetPriorityGrouping               0x080059fd   Thumb Code    10  stm32l4xx_hal_cortex.o(i.__NVIC_GetPriorityGrouping)
    i.__NVIC_SetPriority                     0x08005a0c   Section        0  stm32l4xx_hal_cortex.o(i.__NVIC_SetPriority)
    __NVIC_SetPriority                       0x08005a0d   Thumb Code    32  stm32l4xx_hal_cortex.o(i.__NVIC_SetPriority)
    i.__scatterload_copy                     0x08005a34   Section       14  handlers.o(i.__scatterload_copy)
    i.__scatterload_null                     0x08005a42   Section        2  handlers.o(i.__scatterload_null)
    i.__scatterload_zeroinit                 0x08005a44   Section       14  handlers.o(i.__scatterload_zeroinit)
    i._printf_core                           0x08005a52   Section        0  printfb.o(i._printf_core)
    _printf_core                             0x08005a53   Thumb Code    34  printfb.o(i._printf_core)
    i.fputc                                  0x08005a74   Section        0  fputc.o(i.fputc)
    i.free                                   0x08005a88   Section        0  malloc.o(i.free)
    i.main                                   0x08005ad8   Section        0  main.o(i.main)
    i.malloc                                 0x08005b74   Section        0  malloc.o(i.malloc)
    i.queue_get_front                        0x08005be0   Section        0  queue.o(i.queue_get_front)
    i.queue_get_frontl                       0x08005c1c   Section        0  queue.o(i.queue_get_frontl)
    i.queue_init                             0x08005c24   Section        0  queue.o(i.queue_init)
    i.queue_isempty                          0x08005c2e   Section        0  queue.o(i.queue_isempty)
    i.queue_pop                              0x08005c3c   Section        0  queue.o(i.queue_pop)
    i.queue_push                             0x08005c56   Section        0  queue.o(i.queue_push)
    .constdata                               0x08005cd0   Section       72  system_stm32l4xx.o(.constdata)
    .data                                    0x20000000   Section        6  main.o(.data)
    .data                                    0x20000008   Section       94  usbd_desc.o(.data)
    .data                                    0x20000068   Section       16  usbd_cdc_if.o(.data)
    .data                                    0x20000078   Section       12  stm32l4xx_hal.o(.data)
    .data                                    0x20000084   Section        4  system_stm32l4xx.o(.data)
    .data                                    0x20000088   Section        1  usbd_ctlreq.o(.data)
    cfgidx                                   0x20000088   Data           1  usbd_ctlreq.o(.data)
    .data                                    0x2000008c   Section      271  usbd_cdc.o(.data)
    USBD_CDC_DeviceQualifierDesc             0x2000008c   Data          10  usbd_cdc.o(.data)
    .data                                    0x2000019c   Section        4  stdout.o(.data)
    .data                                    0x200001a0   Section        4  mvars.o(.data)
    .data                                    0x200001a4   Section        4  mvars.o(.data)
    .bss                                     0x200001a8   Section      652  main.o(.bss)
    .bss                                     0x20000434   Section      708  usb_device.o(.bss)
    .bss                                     0x200006f8   Section      512  usbd_desc.o(.bss)
    .bss                                     0x200008f8   Section     4096  usbd_cdc_if.o(.bss)
    .bss                                     0x200018f8   Section     1172  usbd_conf.o(.bss)
    mem                                      0x20001b6c   Data         544  usbd_conf.o(.bss)
    HEAP                                     0x20001d90   Section      512  startup_stm32l452xx.o(HEAP)
    STACK                                    0x20001f90   Section     1024  startup_stm32l452xx.o(STACK)

    Global Symbols

    Symbol Name                              Value     Ov Type        Size  Object(Section)

    BuildAttributes$$THM_ISAv4$E$P$D$K$B$S$7EM$VFPi3$EXTD16$VFPS$VFMA$PE$A:L22UL41UL21$X:L11$S22US41US21$IEEE1$IW$USESV6$~STKCKD$USESV7$~SHL$OSPACE$ROPI$EBA8$MICROLIB$REQ8$PRES8$EABIv2 0x00000000   Number         0  anon$$obj.o ABSOLUTE
    __ARM_use_no_argv                        0x00000000   Number         0  main.o ABSOLUTE
    __cpp_initialize__aeabi_                  - Undefined Weak Reference
    __cxa_finalize                            - Undefined Weak Reference
    _clock_init                               - Undefined Weak Reference
    _microlib_exit                            - Undefined Weak Reference
    __Vectors_Size                           0x00000194   Number         0  startup_stm32l452xx.o ABSOLUTE
    __Vectors                                0x08000000   Data           4  startup_stm32l452xx.o(RESET)
    __Vectors_End                            0x08000194   Data           0  startup_stm32l452xx.o(RESET)
    __main                                   0x08000195   Thumb Code     0  entry.o(.ARM.Collect$$$$00000000)
    _main_stk                                0x08000195   Thumb Code     0  entry2.o(.ARM.Collect$$$$00000001)
    _main_scatterload                        0x08000199   Thumb Code     0  entry5.o(.ARM.Collect$$$$00000004)
    __main_after_scatterload                 0x0800019d   Thumb Code     0  entry5.o(.ARM.Collect$$$$00000004)
    _main_clock                              0x0800019d   Thumb Code     0  entry7b.o(.ARM.Collect$$$$00000008)
    _main_cpp_init                           0x0800019d   Thumb Code     0  entry8b.o(.ARM.Collect$$$$0000000A)
    _main_init                               0x0800019d   Thumb Code     0  entry9a.o(.ARM.Collect$$$$0000000B)
    __rt_final_cpp                           0x080001a5   Thumb Code     0  entry10a.o(.ARM.Collect$$$$0000000D)
    __rt_final_exit                          0x080001a5   Thumb Code     0  entry11a.o(.ARM.Collect$$$$0000000F)
    Reset_Handler                            0x080001a9   Thumb Code     8  startup_stm32l452xx.o(.text)
    ADC1_IRQHandler                          0x080001c3   Thumb Code     0  startup_stm32l452xx.o(.text)
    CAN1_RX0_IRQHandler                      0x080001c3   Thumb Code     0  startup_stm32l452xx.o(.text)
    CAN1_RX1_IRQHandler                      0x080001c3   Thumb Code     0  startup_stm32l452xx.o(.text)
    CAN1_SCE_IRQHandler                      0x080001c3   Thumb Code     0  startup_stm32l452xx.o(.text)
    CAN1_TX_IRQHandler                       0x080001c3   Thumb Code     0  startup_stm32l452xx.o(.text)
    COMP_IRQHandler                          0x080001c3   Thumb Code     0  startup_stm32l452xx.o(.text)
    CRS_IRQHandler                           0x080001c3   Thumb Code     0  startup_stm32l452xx.o(.text)
    DFSDM1_FLT0_IRQHandler                   0x080001c3   Thumb Code     0  startup_stm32l452xx.o(.text)
    DFSDM1_FLT1_IRQHandler                   0x080001c3   Thumb Code     0  startup_stm32l452xx.o(.text)
    DMA1_Channel1_IRQHandler                 0x080001c3   Thumb Code     0  startup_stm32l452xx.o(.text)
    DMA1_Channel4_IRQHandler                 0x080001c3   Thumb Code     0  startup_stm32l452xx.o(.text)
    DMA1_Channel5_IRQHandler                 0x080001c3   Thumb Code     0  startup_stm32l452xx.o(.text)
    DMA1_Channel6_IRQHandler                 0x080001c3   Thumb Code     0  startup_stm32l452xx.o(.text)
    DMA1_Channel7_IRQHandler                 0x080001c3   Thumb Code     0  startup_stm32l452xx.o(.text)
    DMA2_Channel1_IRQHandler                 0x080001c3   Thumb Code     0  startup_stm32l452xx.o(.text)
    DMA2_Channel2_IRQHandler                 0x080001c3   Thumb Code     0  startup_stm32l452xx.o(.text)
    DMA2_Channel3_IRQHandler                 0x080001c3   Thumb Code     0  startup_stm32l452xx.o(.text)
    DMA2_Channel4_IRQHandler                 0x080001c3   Thumb Code     0  startup_stm32l452xx.o(.text)
    DMA2_Channel5_IRQHandler                 0x080001c3   Thumb Code     0  startup_stm32l452xx.o(.text)
    DMA2_Channel6_IRQHandler                 0x080001c3   Thumb Code     0  startup_stm32l452xx.o(.text)
    DMA2_Channel7_IRQHandler                 0x080001c3   Thumb Code     0  startup_stm32l452xx.o(.text)
    EXTI0_IRQHandler                         0x080001c3   Thumb Code     0  startup_stm32l452xx.o(.text)
    EXTI15_10_IRQHandler                     0x080001c3   Thumb Code     0  startup_stm32l452xx.o(.text)
    EXTI1_IRQHandler                         0x080001c3   Thumb Code     0  startup_stm32l452xx.o(.text)
    EXTI2_IRQHandler                         0x080001c3   Thumb Code     0  startup_stm32l452xx.o(.text)
    EXTI3_IRQHandler                         0x080001c3   Thumb Code     0  startup_stm32l452xx.o(.text)
    EXTI4_IRQHandler                         0x080001c3   Thumb Code     0  startup_stm32l452xx.o(.text)
    EXTI9_5_IRQHandler                       0x080001c3   Thumb Code     0  startup_stm32l452xx.o(.text)
    FLASH_IRQHandler                         0x080001c3   Thumb Code     0  startup_stm32l452xx.o(.text)
    FPU_IRQHandler                           0x080001c3   Thumb Code     0  startup_stm32l452xx.o(.text)
    I2C1_ER_IRQHandler                       0x080001c3   Thumb Code     0  startup_stm32l452xx.o(.text)
    I2C1_EV_IRQHandler                       0x080001c3   Thumb Code     0  startup_stm32l452xx.o(.text)
    I2C2_ER_IRQHandler                       0x080001c3   Thumb Code     0  startup_stm32l452xx.o(.text)
    I2C2_EV_IRQHandler                       0x080001c3   Thumb Code     0  startup_stm32l452xx.o(.text)
    I2C3_ER_IRQHandler                       0x080001c3   Thumb Code     0  startup_stm32l452xx.o(.text)
    I2C3_EV_IRQHandler                       0x080001c3   Thumb Code     0  startup_stm32l452xx.o(.text)
    I2C4_ER_IRQHandler                       0x080001c3   Thumb Code     0  startup_stm32l452xx.o(.text)
    I2C4_EV_IRQHandler                       0x080001c3   Thumb Code     0  startup_stm32l452xx.o(.text)
    LPTIM1_IRQHandler                        0x080001c3   Thumb Code     0  startup_stm32l452xx.o(.text)
    LPTIM2_IRQHandler                        0x080001c3   Thumb Code     0  startup_stm32l452xx.o(.text)
    LPUART1_IRQHandler                       0x080001c3   Thumb Code     0  startup_stm32l452xx.o(.text)
    PVD_PVM_IRQHandler                       0x080001c3   Thumb Code     0  startup_stm32l452xx.o(.text)
    QUADSPI_IRQHandler                       0x080001c3   Thumb Code     0  startup_stm32l452xx.o(.text)
    RCC_IRQHandler                           0x080001c3   Thumb Code     0  startup_stm32l452xx.o(.text)
    RNG_IRQHandler                           0x080001c3   Thumb Code     0  startup_stm32l452xx.o(.text)
    RTC_Alarm_IRQHandler                     0x080001c3   Thumb Code     0  startup_stm32l452xx.o(.text)
    RTC_WKUP_IRQHandler                      0x080001c3   Thumb Code     0  startup_stm32l452xx.o(.text)
    SAI1_IRQHandler                          0x080001c3   Thumb Code     0  startup_stm32l452xx.o(.text)
    SDMMC1_IRQHandler                        0x080001c3   Thumb Code     0  startup_stm32l452xx.o(.text)
    SPI1_IRQHandler                          0x080001c3   Thumb Code     0  startup_stm32l452xx.o(.text)
    SPI2_IRQHandler                          0x080001c3   Thumb Code     0  startup_stm32l452xx.o(.text)
    SPI3_IRQHandler                          0x080001c3   Thumb Code     0  startup_stm32l452xx.o(.text)
    TAMP_STAMP_IRQHandler                    0x080001c3   Thumb Code     0  startup_stm32l452xx.o(.text)
    TIM1_BRK_TIM15_IRQHandler                0x080001c3   Thumb Code     0  startup_stm32l452xx.o(.text)
    TIM1_CC_IRQHandler                       0x080001c3   Thumb Code     0  startup_stm32l452xx.o(.text)
    TIM1_TRG_COM_IRQHandler                  0x080001c3   Thumb Code     0  startup_stm32l452xx.o(.text)
    TIM1_UP_TIM16_IRQHandler                 0x080001c3   Thumb Code     0  startup_stm32l452xx.o(.text)
    TIM2_IRQHandler                          0x080001c3   Thumb Code     0  startup_stm32l452xx.o(.text)
    TIM3_IRQHandler                          0x080001c3   Thumb Code     0  startup_stm32l452xx.o(.text)
    TIM6_DAC_IRQHandler                      0x080001c3   Thumb Code     0  startup_stm32l452xx.o(.text)
    TSC_IRQHandler                           0x080001c3   Thumb Code     0  startup_stm32l452xx.o(.text)
    UART4_IRQHandler                         0x080001c3   Thumb Code     0  startup_stm32l452xx.o(.text)
    USART1_IRQHandler                        0x080001c3   Thumb Code     0  startup_stm32l452xx.o(.text)
    USART2_IRQHandler                        0x080001c3   Thumb Code     0  startup_stm32l452xx.o(.text)
    USART3_IRQHandler                        0x080001c3   Thumb Code     0  startup_stm32l452xx.o(.text)
    WWDG_IRQHandler                          0x080001c3   Thumb Code     0  startup_stm32l452xx.o(.text)
    __aeabi_uldivmod                         0x080001cd   Thumb Code    98  uldiv.o(.text)
    __aeabi_memcpy                           0x08000235   Thumb Code    36  memcpya.o(.text)
    __aeabi_memcpy4                          0x08000235   Thumb Code     0  memcpya.o(.text)
    __aeabi_memcpy8                          0x08000235   Thumb Code     0  memcpya.o(.text)
    __aeabi_memset                           0x08000259   Thumb Code    14  memseta.o(.text)
    __aeabi_memset4                          0x08000259   Thumb Code     0  memseta.o(.text)
    __aeabi_memset8                          0x08000259   Thumb Code     0  memseta.o(.text)
    __aeabi_memclr                           0x08000267   Thumb Code     4  memseta.o(.text)
    __aeabi_memclr4                          0x08000267   Thumb Code     0  memseta.o(.text)
    __aeabi_memclr8                          0x08000267   Thumb Code     0  memseta.o(.text)
    _memset$wrapper                          0x0800026b   Thumb Code    18  memseta.o(.text)
    __aeabi_llsl                             0x0800027d   Thumb Code    30  llshl.o(.text)
    _ll_shift_l                              0x0800027d   Thumb Code     0  llshl.o(.text)
    __aeabi_llsr                             0x0800029b   Thumb Code    32  llushr.o(.text)
    _ll_ushift_r                             0x0800029b   Thumb Code     0  llushr.o(.text)
    __scatterload                            0x080002bd   Thumb Code    28  init.o(.text)
    __scatterload_rt2                        0x080002bd   Thumb Code     0  init.o(.text)
    __I$use$semihosting$fputc                0x080002e1   Thumb Code     0  iusesemip.o(.text)
    __decompress                             0x080002e1   Thumb Code     0  __dczerorl2.o(.text)
    __decompress1                            0x080002e1   Thumb Code    86  __dczerorl2.o(.text)
    __semihosting_library_function           0x080002e1   Thumb Code     0  semi.o(.text)
    BusFault_Handler                         0x08000337   Thumb Code     4  stm32l4xx_it.o(i.BusFault_Handler)
    Connection_RecieveCallback               0x080003cd   Thumb Code    18  comm.o(i.Connection_RecieveCallback)
    DMA1_Channel2_IRQHandler                 0x080003e5   Thumb Code    10  stm32l4xx_it.o(i.DMA1_Channel2_IRQHandler)
    DMA1_Channel3_IRQHandler                 0x080003f5   Thumb Code    10  stm32l4xx_it.o(i.DMA1_Channel3_IRQHandler)
    DebugMon_Handler                         0x08000435   Thumb Code     2  stm32l4xx_it.o(i.DebugMon_Handler)
    Error_Handler                            0x08000437   Thumb Code     2  main.o(i.Error_Handler)
    HAL_DMA_IRQHandler                       0x0800046d   Thumb Code   254  stm32l4xx_hal_dma.o(i.HAL_DMA_IRQHandler)
    HAL_DMA_Init                             0x0800056d   Thumb Code   258  stm32l4xx_hal_dma.o(i.HAL_DMA_Init)
    HAL_DMA_Start_IT                         0x08000679   Thumb Code   156  stm32l4xx_hal_dma.o(i.HAL_DMA_Start_IT)
    HAL_GPIO_Init                            0x08000715   Thumb Code   428  stm32l4xx_hal_gpio.o(i.HAL_GPIO_Init)
    HAL_GPIO_WritePin                        0x080008dd   Thumb Code    10  stm32l4xx_hal_gpio.o(i.HAL_GPIO_WritePin)
    HAL_GetTick                              0x080008e9   Thumb Code     6  stm32l4xx_hal.o(i.HAL_GetTick)
    HAL_IncTick                              0x080008f5   Thumb Code    16  stm32l4xx_hal.o(i.HAL_IncTick)
    HAL_Init                                 0x0800090d   Thumb Code    30  stm32l4xx_hal.o(i.HAL_Init)
    HAL_InitTick                             0x0800092d   Thumb Code    74  stm32l4xx_hal.o(i.HAL_InitTick)
    HAL_MspInit                              0x08000985   Thumb Code    58  stm32l4xx_hal_msp.o(i.HAL_MspInit)
    HAL_NVIC_EnableIRQ                       0x080009c5   Thumb Code    32  stm32l4xx_hal_cortex.o(i.HAL_NVIC_EnableIRQ)
    HAL_NVIC_SetPriority                     0x080009e5   Thumb Code   124  stm32l4xx_hal_cortex.o(i.HAL_NVIC_SetPriority)
    HAL_NVIC_SetPriorityGrouping             0x08000a69   Thumb Code    32  stm32l4xx_hal_cortex.o(i.HAL_NVIC_SetPriorityGrouping)
    HAL_PCDEx_ActivateLPM                    0x08000a91   Thumb Code    40  stm32l4xx_hal_pcd_ex.o(i.HAL_PCDEx_ActivateLPM)
    HAL_PCDEx_LPM_Callback                   0x08000ab9   Thumb Code    74  usbd_conf.o(i.HAL_PCDEx_LPM_Callback)
    HAL_PCDEx_PMAConfig                      0x08000b09   Thumb Code    60  stm32l4xx_hal_pcd_ex.o(i.HAL_PCDEx_PMAConfig)
    HAL_PCD_DataInStageCallback              0x08000b45   Thumb Code    28  usbd_conf.o(i.HAL_PCD_DataInStageCallback)
    HAL_PCD_DataOutStageCallback             0x08000b61   Thumb Code    28  usbd_conf.o(i.HAL_PCD_DataOutStageCallback)
    HAL_PCD_EP_Close                         0x08000b7d   Thumb Code    98  stm32l4xx_hal_pcd.o(i.HAL_PCD_EP_Close)
    HAL_PCD_EP_ClrStall                      0x08000bdf   Thumb Code   116  stm32l4xx_hal_pcd.o(i.HAL_PCD_EP_ClrStall)
    HAL_PCD_EP_GetRxCount                    0x08000c53   Thumb Code    18  stm32l4xx_hal_pcd.o(i.HAL_PCD_EP_GetRxCount)
    HAL_PCD_EP_Open                          0x08000c65   Thumb Code   132  stm32l4xx_hal_pcd.o(i.HAL_PCD_EP_Open)
    HAL_PCD_EP_Receive                       0x08000ce9   Thumb Code    72  stm32l4xx_hal_pcd.o(i.HAL_PCD_EP_Receive)
    HAL_PCD_EP_SetStall                      0x08000d31   Thumb Code   128  stm32l4xx_hal_pcd.o(i.HAL_PCD_EP_SetStall)
    HAL_PCD_EP_Transmit                      0x08000db1   Thumb Code    74  stm32l4xx_hal_pcd.o(i.HAL_PCD_EP_Transmit)
    HAL_PCD_IRQHandler                       0x08000dfb   Thumb Code   496  stm32l4xx_hal_pcd.o(i.HAL_PCD_IRQHandler)
    HAL_PCD_Init                             0x08000feb   Thumb Code   314  stm32l4xx_hal_pcd.o(i.HAL_PCD_Init)
    HAL_PCD_MspInit                          0x08001125   Thumb Code   130  usbd_conf.o(i.HAL_PCD_MspInit)
    HAL_PCD_ResetCallback                    0x080011b1   Thumb Code    36  usbd_conf.o(i.HAL_PCD_ResetCallback)
    HAL_PCD_ResumeCallback                   0x080011d5   Thumb Code    34  usbd_conf.o(i.HAL_PCD_ResumeCallback)
    HAL_PCD_SOFCallback                      0x080011fd   Thumb Code    14  usbd_conf.o(i.HAL_PCD_SOFCallback)
    HAL_PCD_SetAddress                       0x0800120b   Thumb Code    54  stm32l4xx_hal_pcd.o(i.HAL_PCD_SetAddress)
    HAL_PCD_SetupStageCallback               0x08001241   Thumb Code    18  usbd_conf.o(i.HAL_PCD_SetupStageCallback)
    HAL_PCD_Start                            0x08001253   Thumb Code    52  stm32l4xx_hal_pcd.o(i.HAL_PCD_Start)
    HAL_PCD_SuspendCallback                  0x08001289   Thumb Code    30  usbd_conf.o(i.HAL_PCD_SuspendCallback)
    HAL_PWREx_ControlVoltageScaling          0x080012ad   Thumb Code   128  stm32l4xx_hal_pwr_ex.o(i.HAL_PWREx_ControlVoltageScaling)
    HAL_PWREx_EnableVddUSB                   0x08001339   Thumb Code    14  stm32l4xx_hal_pwr_ex.o(i.HAL_PWREx_EnableVddUSB)
    HAL_PWREx_GetVoltageRange                0x0800134d   Thumb Code    10  stm32l4xx_hal_pwr_ex.o(i.HAL_PWREx_GetVoltageRange)
    HAL_RCCEx_PeriphCLKConfig                0x0800135d   Thumb Code  1040  stm32l4xx_hal_rcc_ex.o(i.HAL_RCCEx_PeriphCLKConfig)
    HAL_RCC_ClockConfig                      0x0800176d   Thumb Code   360  stm32l4xx_hal_rcc.o(i.HAL_RCC_ClockConfig)
    HAL_RCC_GetHCLKFreq                      0x080018e9   Thumb Code     6  stm32l4xx_hal_rcc.o(i.HAL_RCC_GetHCLKFreq)
    HAL_RCC_GetPCLK1Freq                     0x080018f5   Thumb Code    26  stm32l4xx_hal_rcc.o(i.HAL_RCC_GetPCLK1Freq)
    HAL_RCC_GetPCLK2Freq                     0x08001919   Thumb Code    26  stm32l4xx_hal_rcc.o(i.HAL_RCC_GetPCLK2Freq)
    HAL_RCC_GetSysClockFreq                  0x0800193d   Thumb Code   220  stm32l4xx_hal_rcc.o(i.HAL_RCC_GetSysClockFreq)
    HAL_RCC_OscConfig                        0x08001a29   Thumb Code  1878  stm32l4xx_hal_rcc.o(i.HAL_RCC_OscConfig)
    HAL_SPI_ErrorCallback                    0x08002191   Thumb Code     2  stm32l4xx_hal_spi.o(i.HAL_SPI_ErrorCallback)
    HAL_SPI_Init                             0x08002193   Thumb Code   192  stm32l4xx_hal_spi.o(i.HAL_SPI_Init)
    HAL_SPI_MspInit                          0x08002255   Thumb Code   218  stm32l4xx_hal_msp.o(i.HAL_SPI_MspInit)
    HAL_SPI_Transmit_DMA                     0x08002345   Thumb Code   312  stm32l4xx_hal_spi.o(i.HAL_SPI_Transmit_DMA)
    HAL_SPI_TxCpltCallback                   0x08002489   Thumb Code    18  main.o(i.HAL_SPI_TxCpltCallback)
    HAL_SPI_TxHalfCpltCallback               0x080024a5   Thumb Code     2  stm32l4xx_hal_spi.o(i.HAL_SPI_TxHalfCpltCallback)
    HAL_SYSTICK_Config                       0x080024a7   Thumb Code    52  stm32l4xx_hal_cortex.o(i.HAL_SYSTICK_Config)
    HAL_UART_Init                            0x080024db   Thumb Code   116  stm32l4xx_hal_uart.o(i.HAL_UART_Init)
    HAL_UART_MspInit                         0x08002551   Thumb Code   108  stm32l4xx_hal_msp.o(i.HAL_UART_MspInit)
    HardFault_Handler                        0x080025c9   Thumb Code     4  stm32l4xx_it.o(i.HardFault_Handler)
    MX_USB_DEVICE_Init                       0x08002795   Thumb Code    60  usb_device.o(i.MX_USB_DEVICE_Init)
    MemManage_Handler                        0x080027e1   Thumb Code     4  stm32l4xx_it.o(i.MemManage_Handler)
    NMI_Handler                              0x080027e5   Thumb Code     2  stm32l4xx_it.o(i.NMI_Handler)
    PendSV_Handler                           0x08002b71   Thumb Code     2  stm32l4xx_it.o(i.PendSV_Handler)
    SVC_Handler                              0x08003003   Thumb Code     2  stm32l4xx_it.o(i.SVC_Handler)
    SysTick_Handler                          0x08003005   Thumb Code     8  stm32l4xx_it.o(i.SysTick_Handler)
    SystemClock_Config                       0x08003015   Thumb Code   182  main.o(i.SystemClock_Config)
    SystemInit                               0x080030cd   Thumb Code    68  system_stm32l4xx.o(i.SystemInit)
    UART_AdvFeatureConfig                    0x0800311d   Thumb Code   248  stm32l4xx_hal_uart.o(i.UART_AdvFeatureConfig)
    UART_CheckIdleState                      0x08003215   Thumb Code   110  stm32l4xx_hal_uart.o(i.UART_CheckIdleState)
    UART_SetConfig                           0x08003285   Thumb Code  1068  stm32l4xx_hal_uart.o(i.UART_SetConfig)
    UART_WaitOnFlagUntilTimeout              0x080036b7   Thumb Code   180  stm32l4xx_hal_uart.o(i.UART_WaitOnFlagUntilTimeout)
    USBD_CDC_GetDeviceQualifierDescriptor    0x08003895   Thumb Code    10  usbd_cdc.o(i.USBD_CDC_GetDeviceQualifierDescriptor)
    USBD_CDC_ReceivePacket                   0x0800398d   Thumb Code    58  usbd_cdc.o(i.USBD_CDC_ReceivePacket)
    USBD_CDC_RegisterInterface               0x080039c7   Thumb Code    14  usbd_cdc.o(i.USBD_CDC_RegisterInterface)
    USBD_CDC_SetRxBuffer                     0x080039d5   Thumb Code    14  usbd_cdc.o(i.USBD_CDC_SetRxBuffer)
    USBD_CDC_SetTxBuffer                     0x080039e3   Thumb Code    20  usbd_cdc.o(i.USBD_CDC_SetTxBuffer)
    USBD_ClrClassConfig                      0x08003aeb   Thumb Code    22  usbd_core.o(i.USBD_ClrClassConfig)
    USBD_CtlContinueRx                       0x08003b3f   Thumb Code    24  usbd_ioreq.o(i.USBD_CtlContinueRx)
    USBD_CtlContinueSendData                 0x08003b57   Thumb Code    24  usbd_ioreq.o(i.USBD_CtlContinueSendData)
    USBD_CtlError                            0x08003b6f   Thumb Code    24  usbd_ctlreq.o(i.USBD_CtlError)
    USBD_CtlPrepareRx                        0x08003b87   Thumb Code    40  usbd_ioreq.o(i.USBD_CtlPrepareRx)
    USBD_CtlReceiveStatus                    0x08003baf   Thumb Code    26  usbd_ioreq.o(i.USBD_CtlReceiveStatus)
    USBD_CtlSendData                         0x08003bc9   Thumb Code    34  usbd_ioreq.o(i.USBD_CtlSendData)
    USBD_CtlSendStatus                       0x08003beb   Thumb Code    26  usbd_ioreq.o(i.USBD_CtlSendStatus)
    USBD_FS_ConfigStrDescriptor              0x08003c05   Thumb Code    34  usbd_desc.o(i.USBD_FS_ConfigStrDescriptor)
    USBD_FS_DeviceDescriptor                 0x08003c39   Thumb Code    10  usbd_desc.o(i.USBD_FS_DeviceDescriptor)
    USBD_FS_InterfaceStrDescriptor           0x08003c49   Thumb Code    34  usbd_desc.o(i.USBD_FS_InterfaceStrDescriptor)
    USBD_FS_LangIDStrDescriptor              0x08003c81   Thumb Code    10  usbd_desc.o(i.USBD_FS_LangIDStrDescriptor)
    USBD_FS_ManufacturerStrDescriptor        0x08003c91   Thumb Code    20  usbd_desc.o(i.USBD_FS_ManufacturerStrDescriptor)
    USBD_FS_ProductStrDescriptor             0x08003cb5   Thumb Code    34  usbd_desc.o(i.USBD_FS_ProductStrDescriptor)
    USBD_FS_SerialStrDescriptor              0x08003cf5   Thumb Code    18  usbd_desc.o(i.USBD_FS_SerialStrDescriptor)
    USBD_FS_USR_BOSDescriptor                0x08003d0d   Thumb Code    10  usbd_desc.o(i.USBD_FS_USR_BOSDescriptor)
    USBD_GetString                           0x0800400b   Thumb Code    82  usbd_ctlreq.o(i.USBD_GetString)
    USBD_Init                                0x0800405d   Thumb Code    68  usbd_core.o(i.USBD_Init)
    USBD_LL_ClearStallEP                     0x080040c5   Thumb Code    68  usbd_conf.o(i.USBD_LL_ClearStallEP)
    USBD_LL_CloseEP                          0x08004109   Thumb Code    68  usbd_conf.o(i.USBD_LL_CloseEP)
    USBD_LL_DataInStage                      0x0800414d   Thumb Code   256  usbd_core.o(i.USBD_LL_DataInStage)
    USBD_LL_DataOutStage                     0x0800424d   Thumb Code   166  usbd_core.o(i.USBD_LL_DataOutStage)
    USBD_LL_GetRxDataSize                    0x080042f3   Thumb Code    18  usbd_conf.o(i.USBD_LL_GetRxDataSize)
    USBD_LL_Init                             0x08004305   Thumb Code   132  usbd_conf.o(i.USBD_LL_Init)
    USBD_LL_IsStallEP                        0x08004391   Thumb Code    48  usbd_conf.o(i.USBD_LL_IsStallEP)
    USBD_LL_OpenEP                           0x080043c1   Thumb Code    98  usbd_conf.o(i.USBD_LL_OpenEP)
    USBD_LL_PrepareReceive                   0x08004423   Thumb Code    98  usbd_conf.o(i.USBD_LL_PrepareReceive)
    USBD_LL_Reset                            0x08004485   Thumb Code    92  usbd_core.o(i.USBD_LL_Reset)
    USBD_LL_Resume                           0x080044e1   Thumb Code    22  usbd_core.o(i.USBD_LL_Resume)
    USBD_LL_SOF                              0x080044f7   Thumb Code    34  usbd_core.o(i.USBD_LL_SOF)
    USBD_LL_SetSpeed                         0x08004519   Thumb Code     8  usbd_core.o(i.USBD_LL_SetSpeed)
    USBD_LL_SetUSBAddress                    0x08004521   Thumb Code    68  usbd_conf.o(i.USBD_LL_SetUSBAddress)
    USBD_LL_SetupStage                       0x08004565   Thumb Code   110  usbd_core.o(i.USBD_LL_SetupStage)
    USBD_LL_StallEP                          0x080045d3   Thumb Code    68  usbd_conf.o(i.USBD_LL_StallEP)
    USBD_LL_Start                            0x08004617   Thumb Code    60  usbd_conf.o(i.USBD_LL_Start)
    USBD_LL_Suspend                          0x08004653   Thumb Code    20  usbd_core.o(i.USBD_LL_Suspend)
    USBD_LL_Transmit                         0x08004667   Thumb Code    98  usbd_conf.o(i.USBD_LL_Transmit)
    USBD_ParseSetupRequest                   0x080046c9   Thumb Code    40  usbd_ctlreq.o(i.USBD_ParseSetupRequest)
    USBD_RegisterClass                       0x080046f1   Thumb Code    40  usbd_core.o(i.USBD_RegisterClass)
    USBD_RunTestMode                         0x0800473d   Thumb Code     6  usbd_core.o(i.USBD_RunTestMode)
    USBD_SetClassConfig                      0x0800479d   Thumb Code    34  usbd_core.o(i.USBD_SetClassConfig)
    USBD_Start                               0x080048c1   Thumb Code    14  usbd_core.o(i.USBD_Start)
    USBD_StdDevReq                           0x080048cf   Thumb Code   162  usbd_ctlreq.o(i.USBD_StdDevReq)
    USBD_StdEPReq                            0x08004971   Thumb Code   568  usbd_ctlreq.o(i.USBD_StdEPReq)
    USBD_StdItfReq                           0x08004ba9   Thumb Code   126  usbd_ctlreq.o(i.USBD_StdItfReq)
    USBD_static_free                         0x08004c27   Thumb Code     2  usbd_conf.o(i.USBD_static_free)
    USBD_static_malloc                       0x08004c29   Thumb Code     6  usbd_conf.o(i.USBD_static_malloc)
    USB_ActivateEndpoint                     0x08004c35   Thumb Code  1168  stm32l4xx_ll_usb.o(i.USB_ActivateEndpoint)
    USB_CoreInit                             0x080050c5   Thumb Code     8  stm32l4xx_ll_usb.o(i.USB_CoreInit)
    USB_DeactivateEndpoint                   0x080050cd   Thumb Code   636  stm32l4xx_ll_usb.o(i.USB_DeactivateEndpoint)
    USB_DevConnect                           0x08005349   Thumb Code    18  stm32l4xx_ll_usb.o(i.USB_DevConnect)
    USB_DevDisconnect                        0x0800535b   Thumb Code    18  stm32l4xx_ll_usb.o(i.USB_DevDisconnect)
    USB_DevInit                              0x0800536d   Thumb Code    30  stm32l4xx_ll_usb.o(i.USB_DevInit)
    USB_DisableGlobalInt                     0x0800538b   Thumb Code    20  stm32l4xx_ll_usb.o(i.USB_DisableGlobalInt)
    USB_EP0_OutStart                         0x0800539f   Thumb Code     6  stm32l4xx_ll_usb.o(i.USB_EP0_OutStart)
    USB_EPClearStall                         0x080053a5   Thumb Code   218  stm32l4xx_ll_usb.o(i.USB_EPClearStall)
    USB_EPSetStall                           0x0800547f   Thumb Code    92  stm32l4xx_ll_usb.o(i.USB_EPSetStall)
    USB_EPStartXfer                          0x080054db   Thumb Code  1092  stm32l4xx_ll_usb.o(i.USB_EPStartXfer)
    USB_EnableGlobalInt                      0x0800591f   Thumb Code    20  stm32l4xx_ll_usb.o(i.USB_EnableGlobalInt)
    USB_IRQHandler                           0x08005935   Thumb Code    10  stm32l4xx_it.o(i.USB_IRQHandler)
    USB_ReadInterrupts                       0x08005945   Thumb Code     8  stm32l4xx_ll_usb.o(i.USB_ReadInterrupts)
    USB_ReadPMA                              0x0800594d   Thumb Code    70  stm32l4xx_ll_usb.o(i.USB_ReadPMA)
    USB_SetCurrentMode                       0x08005993   Thumb Code     6  stm32l4xx_ll_usb.o(i.USB_SetCurrentMode)
    USB_SetDevAddress                        0x08005999   Thumb Code    14  stm32l4xx_ll_usb.o(i.USB_SetDevAddress)
    USB_WritePMA                             0x080059a7   Thumb Code    64  stm32l4xx_ll_usb.o(i.USB_WritePMA)
    UsageFault_Handler                       0x080059e7   Thumb Code     4  stm32l4xx_it.o(i.UsageFault_Handler)
    __0printf$bare                           0x080059ed   Thumb Code     8  printfb.o(i.__0printf$bare)
    __1printf$bare                           0x080059ed   Thumb Code     0  printfb.o(i.__0printf$bare)
    __2printf                                0x080059ed   Thumb Code     0  printfb.o(i.__0printf$bare)
    __scatterload_copy                       0x08005a35   Thumb Code    14  handlers.o(i.__scatterload_copy)
    __scatterload_null                       0x08005a43   Thumb Code     2  handlers.o(i.__scatterload_null)
    __scatterload_zeroinit                   0x08005a45   Thumb Code    14  handlers.o(i.__scatterload_zeroinit)
    fputc                                    0x08005a75   Thumb Code    18  fputc.o(i.fputc)
    free                                     0x08005a89   Thumb Code    76  malloc.o(i.free)
    main                                     0x08005ad9   Thumb Code   136  main.o(i.main)
    malloc                                   0x08005b75   Thumb Code    92  malloc.o(i.malloc)
    queue_get_front                          0x08005be1   Thumb Code    60  queue.o(i.queue_get_front)
    queue_get_frontl                         0x08005c1d   Thumb Code     8  queue.o(i.queue_get_frontl)
    queue_init                               0x08005c25   Thumb Code    10  queue.o(i.queue_init)
    queue_isempty                            0x08005c2f   Thumb Code    14  queue.o(i.queue_isempty)
    queue_pop                                0x08005c3d   Thumb Code    26  queue.o(i.queue_pop)
    queue_push                               0x08005c57   Thumb Code   122  queue.o(i.queue_push)
    AHBPrescTable                            0x08005cd0   Data          16  system_stm32l4xx.o(.constdata)
    APBPrescTable                            0x08005ce0   Data           8  system_stm32l4xx.o(.constdata)
    MSIRangeTable                            0x08005ce8   Data          48  system_stm32l4xx.o(.constdata)
    Region$$Table$$Base                      0x08005d18   Number         0  anon$$obj.o(Region$$Table)
    Region$$Table$$Limit                     0x08005d38   Number         0  anon$$obj.o(Region$$Table)
    test_buf                                 0x20000000   Data           4  main.o(.data)
    received                                 0x20000004   Data           1  main.o(.data)
    transmitted                              0x20000005   Data           1  main.o(.data)
    FS_Desc                                  0x20000008   Data          32  usbd_desc.o(.data)
    USBD_FS_DeviceDesc                       0x20000028   Data          18  usbd_desc.o(.data)
    USBD_FS_BOSDesc                          0x2000003c   Data          12  usbd_desc.o(.data)
    USBD_LangIDDesc                          0x20000048   Data           4  usbd_desc.o(.data)
    USBD_StringSerial                        0x2000004c   Data          26  usbd_desc.o(.data)
    USBD_Interface_fops_FS                   0x20000068   Data          16  usbd_cdc_if.o(.data)
    uwTick                                   0x20000078   Data           4  stm32l4xx_hal.o(.data)
    uwTickPrio                               0x2000007c   Data           4  stm32l4xx_hal.o(.data)
    uwTickFreq                               0x20000080   Data           4  stm32l4xx_hal.o(.data)
    SystemCoreClock                          0x20000084   Data           4  system_stm32l4xx.o(.data)
    USBD_CDC                                 0x20000098   Data          56  usbd_cdc.o(.data)
    USBD_CDC_CfgHSDesc                       0x200000d0   Data          67  usbd_cdc.o(.data)
    USBD_CDC_CfgFSDesc                       0x20000114   Data          67  usbd_cdc.o(.data)
    USBD_CDC_OtherSpeedCfgDesc               0x20000158   Data          67  usbd_cdc.o(.data)
    __stdout                                 0x2000019c   Data           4  stdout.o(.data)
    __microlib_freelist                      0x200001a0   Data           4  mvars.o(.data)
    __microlib_freelist_initialised          0x200001a4   Data           4  mvars.o(.data)
    hspi1                                    0x200001a8   Data         100  main.o(.bss)
    hdma_spi1_rx                             0x2000020c   Data          72  main.o(.bss)
    hdma_spi1_tx                             0x20000254   Data          72  main.o(.bss)
    huart1                                   0x2000029c   Data         128  main.o(.bss)
    q_from_tx                                0x2000031c   Data          12  main.o(.bss)
    q_from_rx                                0x20000328   Data          12  main.o(.bss)
    transmit_buff                            0x20000334   Data         128  main.o(.bss)
    receive_buff                             0x200003b4   Data         128  main.o(.bss)
    hUsbDeviceFS                             0x20000434   Data         708  usb_device.o(.bss)
    USBD_StrDesc                             0x200006f8   Data         512  usbd_desc.o(.bss)
    UserRxBufferFS                           0x200008f8   Data        2048  usbd_cdc_if.o(.bss)
    UserTxBufferFS                           0x200010f8   Data        2048  usbd_cdc_if.o(.bss)
    hpcd_USB_FS                              0x200018f8   Data         628  usbd_conf.o(.bss)
    __heap_base                              0x20001d90   Data           0  startup_stm32l452xx.o(HEAP)
    __heap_limit                             0x20001f90   Data           0  startup_stm32l452xx.o(HEAP)
    __initial_sp                             0x20002390   Data           0  startup_stm32l452xx.o(STACK)



==============================================================================

Memory Map of the image

  Image Entry point : 0x08000195

  Load Region LR_IROM1 (Base: 0x08000000, Size: 0x00005ee0, Max: 0x00080000, ABSOLUTE, COMPRESSED[0x00005e0c])

    Execution Region ER_IROM1 (Base: 0x08000000, Size: 0x00005d38, Max: 0x00080000, ABSOLUTE)

    Base Addr    Size         Type   Attr      Idx    E Section Name        Object

    0x08000000   0x00000194   Data   RO            3    RESET               startup_stm32l452xx.o
    0x08000194   0x00000000   Code   RO         4622  * .ARM.Collect$$$$00000000  mc_w.l(entry.o)
    0x08000194   0x00000004   Code   RO         4921    .ARM.Collect$$$$00000001  mc_w.l(entry2.o)
    0x08000198   0x00000004   Code   RO         4924    .ARM.Collect$$$$00000004  mc_w.l(entry5.o)
    0x0800019c   0x00000000   Code   RO         4926    .ARM.Collect$$$$00000008  mc_w.l(entry7b.o)
    0x0800019c   0x00000000   Code   RO         4928    .ARM.Collect$$$$0000000A  mc_w.l(entry8b.o)
    0x0800019c   0x00000008   Code   RO         4929    .ARM.Collect$$$$0000000B  mc_w.l(entry9a.o)
    0x080001a4   0x00000000   Code   RO         4931    .ARM.Collect$$$$0000000D  mc_w.l(entry10a.o)
    0x080001a4   0x00000000   Code   RO         4933    .ARM.Collect$$$$0000000F  mc_w.l(entry11a.o)
    0x080001a4   0x00000004   Code   RO         4922    .ARM.Collect$$$$00002712  mc_w.l(entry2.o)
    0x080001a8   0x00000024   Code   RO            4    .text               startup_stm32l452xx.o
    0x080001cc   0x00000068   Code   RO         4625    .text               mc_w.l(uldiv.o)
    0x08000234   0x00000024   Code   RO         4627    .text               mc_w.l(memcpya.o)
    0x08000258   0x00000024   Code   RO         4629    .text               mc_w.l(memseta.o)
    0x0800027c   0x0000001e   Code   RO         4940    .text               mc_w.l(llshl.o)
    0x0800029a   0x00000020   Code   RO         4942    .text               mc_w.l(llushr.o)
    0x080002ba   0x00000002   PAD
    0x080002bc   0x00000024   Code   RO         4957    .text               mc_w.l(init.o)
    0x080002e0   0x00000000   Code   RO         4959    .text               mc_w.l(semi.o)
    0x080002e0   0x00000000   Code   RO         4962    .text               mc_w.l(iusesemip.o)
    0x080002e0   0x00000056   Code   RO         4973    .text               mc_w.l(__dczerorl2.o)
    0x08000336   0x00000004   Code   RO          351    i.BusFault_Handler  stm32l4xx_it.o
    0x0800033a   0x00000044   Code   RO          621    i.CDC_Control_FS    usbd_cdc_if.o
    0x0800037e   0x00000004   Code   RO          622    i.CDC_DeInit_FS     usbd_cdc_if.o
    0x08000382   0x00000002   PAD
    0x08000384   0x00000024   Code   RO          623    i.CDC_Init_FS       usbd_cdc_if.o
    0x080003a8   0x00000024   Code   RO          624    i.CDC_Receive_FS    usbd_cdc_if.o
    0x080003cc   0x00000018   Code   RO           13    i.Connection_RecieveCallback  comm.o
    0x080003e4   0x00000010   Code   RO          352    i.DMA1_Channel2_IRQHandler  stm32l4xx_it.o
    0x080003f4   0x00000010   Code   RO          353    i.DMA1_Channel3_IRQHandler  stm32l4xx_it.o
    0x08000404   0x00000030   Code   RO         2692    i.DMA_SetConfig     stm32l4xx_hal_dma.o
    0x08000434   0x00000002   Code   RO          354    i.DebugMon_Handler  stm32l4xx_it.o
    0x08000436   0x00000002   Code   RO          243    i.Error_Handler     main.o
    0x08000438   0x00000034   Code   RO          525    i.Get_SerialNum     usbd_desc.o
    0x0800046c   0x000000fe   Code   RO         2698    i.HAL_DMA_IRQHandler  stm32l4xx_hal_dma.o
    0x0800056a   0x00000002   PAD
    0x0800056c   0x0000010c   Code   RO         2699    i.HAL_DMA_Init      stm32l4xx_hal_dma.o
    0x08000678   0x0000009c   Code   RO         2703    i.HAL_DMA_Start_IT  stm32l4xx_hal_dma.o
    0x08000714   0x000001c8   Code   RO         2629    i.HAL_GPIO_Init     stm32l4xx_hal_gpio.o
    0x080008dc   0x0000000a   Code   RO         2633    i.HAL_GPIO_WritePin  stm32l4xx_hal_gpio.o
    0x080008e6   0x00000002   PAD
    0x080008e8   0x0000000c   Code   RO         1375    i.HAL_GetTick       stm32l4xx_hal.o
    0x080008f4   0x00000018   Code   RO         1381    i.HAL_IncTick       stm32l4xx_hal.o
    0x0800090c   0x0000001e   Code   RO         1382    i.HAL_Init          stm32l4xx_hal.o
    0x0800092a   0x00000002   PAD
    0x0800092c   0x00000058   Code   RO         1383    i.HAL_InitTick      stm32l4xx_hal.o
    0x08000984   0x00000040   Code   RO          445    i.HAL_MspInit       stm32l4xx_hal_msp.o
    0x080009c4   0x00000020   Code   RO         3146    i.HAL_NVIC_EnableIRQ  stm32l4xx_hal_cortex.o
    0x080009e4   0x00000082   Code   RO         3152    i.HAL_NVIC_SetPriority  stm32l4xx_hal_cortex.o
    0x08000a66   0x00000002   PAD
    0x08000a68   0x00000028   Code   RO         3153    i.HAL_NVIC_SetPriorityGrouping  stm32l4xx_hal_cortex.o
    0x08000a90   0x00000028   Code   RO         1101    i.HAL_PCDEx_ActivateLPM  stm32l4xx_hal_pcd_ex.o
    0x08000ab8   0x00000050   Code   RO          673    i.HAL_PCDEx_LPM_Callback  usbd_conf.o
    0x08000b08   0x0000003c   Code   RO         1107    i.HAL_PCDEx_PMAConfig  stm32l4xx_hal_pcd_ex.o
    0x08000b44   0x0000001c   Code   RO          675    i.HAL_PCD_DataInStageCallback  usbd_conf.o
    0x08000b60   0x0000001c   Code   RO          676    i.HAL_PCD_DataOutStageCallback  usbd_conf.o
    0x08000b7c   0x00000062   Code   RO          894    i.HAL_PCD_EP_Close  stm32l4xx_hal_pcd.o
    0x08000bde   0x00000074   Code   RO          895    i.HAL_PCD_EP_ClrStall  stm32l4xx_hal_pcd.o
    0x08000c52   0x00000012   Code   RO          897    i.HAL_PCD_EP_GetRxCount  stm32l4xx_hal_pcd.o
    0x08000c64   0x00000084   Code   RO          898    i.HAL_PCD_EP_Open   stm32l4xx_hal_pcd.o
    0x08000ce8   0x00000048   Code   RO          899    i.HAL_PCD_EP_Receive  stm32l4xx_hal_pcd.o
    0x08000d30   0x00000080   Code   RO          900    i.HAL_PCD_EP_SetStall  stm32l4xx_hal_pcd.o
    0x08000db0   0x0000004a   Code   RO          901    i.HAL_PCD_EP_Transmit  stm32l4xx_hal_pcd.o
    0x08000dfa   0x000001f0   Code   RO          903    i.HAL_PCD_IRQHandler  stm32l4xx_hal_pcd.o
    0x08000fea   0x0000013a   Code   RO          906    i.HAL_PCD_Init      stm32l4xx_hal_pcd.o
    0x08001124   0x0000008c   Code   RO          681    i.HAL_PCD_MspInit   usbd_conf.o
    0x080011b0   0x00000024   Code   RO          682    i.HAL_PCD_ResetCallback  usbd_conf.o
    0x080011d4   0x00000028   Code   RO          683    i.HAL_PCD_ResumeCallback  usbd_conf.o
    0x080011fc   0x0000000e   Code   RO          684    i.HAL_PCD_SOFCallback  usbd_conf.o
    0x0800120a   0x00000036   Code   RO          912    i.HAL_PCD_SetAddress  stm32l4xx_hal_pcd.o
    0x08001240   0x00000012   Code   RO          685    i.HAL_PCD_SetupStageCallback  usbd_conf.o
    0x08001252   0x00000034   Code   RO          914    i.HAL_PCD_Start     stm32l4xx_hal_pcd.o
    0x08001286   0x00000002   PAD
    0x08001288   0x00000024   Code   RO          686    i.HAL_PCD_SuspendCallback  usbd_conf.o
    0x080012ac   0x0000008c   Code   RO         2920    i.HAL_PWREx_ControlVoltageScaling  stm32l4xx_hal_pwr_ex.o
    0x08001338   0x00000014   Code   RO         2942    i.HAL_PWREx_EnableVddUSB  stm32l4xx_hal_pwr_ex.o
    0x0800134c   0x00000010   Code   RO         2947    i.HAL_PWREx_GetVoltageRange  stm32l4xx_hal_pwr_ex.o
    0x0800135c   0x00000410   Code   RO         2232    i.HAL_RCCEx_PeriphCLKConfig  stm32l4xx_hal_rcc_ex.o
    0x0800176c   0x0000017c   Code   RO         2110    i.HAL_RCC_ClockConfig  stm32l4xx_hal_rcc.o
    0x080018e8   0x0000000c   Code   RO         2114    i.HAL_RCC_GetHCLKFreq  stm32l4xx_hal_rcc.o
    0x080018f4   0x00000024   Code   RO         2116    i.HAL_RCC_GetPCLK1Freq  stm32l4xx_hal_rcc.o
    0x08001918   0x00000024   Code   RO         2117    i.HAL_RCC_GetPCLK2Freq  stm32l4xx_hal_rcc.o
    0x0800193c   0x000000ec   Code   RO         2118    i.HAL_RCC_GetSysClockFreq  stm32l4xx_hal_rcc.o
    0x08001a28   0x00000768   Code   RO         2121    i.HAL_RCC_OscConfig  stm32l4xx_hal_rcc.o
    0x08002190   0x00000002   Code   RO         3360    i.HAL_SPI_ErrorCallback  stm32l4xx_hal_spi.o
    0x08002192   0x000000c0   Code   RO         3364    i.HAL_SPI_Init      stm32l4xx_hal_spi.o
    0x08002252   0x00000002   PAD
    0x08002254   0x000000f0   Code   RO          447    i.HAL_SPI_MspInit   stm32l4xx_hal_msp.o
    0x08002344   0x00000144   Code   RO         3376    i.HAL_SPI_Transmit_DMA  stm32l4xx_hal_spi.o
    0x08002488   0x0000001c   Code   RO          245    i.HAL_SPI_TxCpltCallback  main.o
    0x080024a4   0x00000002   Code   RO         3379    i.HAL_SPI_TxHalfCpltCallback  stm32l4xx_hal_spi.o
    0x080024a6   0x00000034   Code   RO         3157    i.HAL_SYSTICK_Config  stm32l4xx_hal_cortex.o
    0x080024da   0x00000074   Code   RO         3768    i.HAL_UART_Init     stm32l4xx_hal_uart.o
    0x0800254e   0x00000002   PAD
    0x08002550   0x00000078   Code   RO          449    i.HAL_UART_MspInit  stm32l4xx_hal_msp.o
    0x080025c8   0x00000004   Code   RO          355    i.HardFault_Handler  stm32l4xx_it.o
    0x080025cc   0x0000003e   Code   RO          526    i.IntToUnicode      usbd_desc.o
    0x0800260a   0x00000002   PAD
    0x0800260c   0x00000044   Code   RO          246    i.MX_DMA_Init       main.o
    0x08002650   0x000000b4   Code   RO          247    i.MX_GPIO_Init      main.o
    0x08002704   0x00000050   Code   RO          248    i.MX_SPI1_Init      main.o
    0x08002754   0x00000040   Code   RO          249    i.MX_USART1_UART_Init  main.o
    0x08002794   0x0000004c   Code   RO          494    i.MX_USB_DEVICE_Init  usb_device.o
    0x080027e0   0x00000004   Code   RO          356    i.MemManage_Handler  stm32l4xx_it.o
    0x080027e4   0x00000002   Code   RO          357    i.NMI_Handler       stm32l4xx_it.o
    0x080027e6   0x0000038a   Code   RO          917    i.PCD_EP_ISR_Handler  stm32l4xx_hal_pcd.o
    0x08002b70   0x00000002   Code   RO          358    i.PendSV_Handler    stm32l4xx_it.o
    0x08002b72   0x00000002   PAD
    0x08002b74   0x00000188   Code   RO         2236    i.RCCEx_PLLSAI1_Config  stm32l4xx_hal_rcc_ex.o
    0x08002cfc   0x0000009c   Code   RO         2122    i.RCC_SetFlashLatencyFromMSIRange  stm32l4xx_hal_rcc.o
    0x08002d98   0x00000028   Code   RO         3392    i.SPI_DMAError      stm32l4xx_hal_spi.o
    0x08002dc0   0x0000000e   Code   RO         3394    i.SPI_DMAHalfTransmitCplt  stm32l4xx_hal_spi.o
    0x08002dce   0x0000007e   Code   RO         3398    i.SPI_DMATransmitCplt  stm32l4xx_hal_spi.o
    0x08002e4c   0x00000064   Code   RO         3402    i.SPI_EndRxTxTransaction  stm32l4xx_hal_spi.o
    0x08002eb0   0x000000aa   Code   RO         3407    i.SPI_WaitFifoStateUntilTimeout  stm32l4xx_hal_spi.o
    0x08002f5a   0x000000a8   Code   RO         3408    i.SPI_WaitFlagStateUntilTimeout  stm32l4xx_hal_spi.o
    0x08003002   0x00000002   Code   RO          359    i.SVC_Handler       stm32l4xx_it.o
    0x08003004   0x00000008   Code   RO          360    i.SysTick_Handler   stm32l4xx_it.o
    0x0800300c   0x00000008   Code   RO          687    i.SystemClockConfig_Resume  usbd_conf.o
    0x08003014   0x000000b6   Code   RO          250    i.SystemClock_Config  main.o
    0x080030ca   0x00000002   PAD
    0x080030cc   0x00000050   Code   RO         4191    i.SystemInit        system_stm32l4xx.o
    0x0800311c   0x000000f8   Code   RO         3782    i.UART_AdvFeatureConfig  stm32l4xx_hal_uart.o
    0x08003214   0x0000006e   Code   RO         3783    i.UART_CheckIdleState  stm32l4xx_hal_uart.o
    0x08003282   0x00000002   PAD
    0x08003284   0x00000432   Code   RO         3799    i.UART_SetConfig    stm32l4xx_hal_uart.o
    0x080036b6   0x000000b4   Code   RO         3802    i.UART_WaitOnFlagUntilTimeout  stm32l4xx_hal_uart.o
    0x0800376a   0x00000076   Code   RO         4520    i.USBD_CDC_DataIn   usbd_cdc.o
    0x080037e0   0x00000034   Code   RO         4521    i.USBD_CDC_DataOut  usbd_cdc.o
    0x08003814   0x0000004e   Code   RO         4522    i.USBD_CDC_DeInit   usbd_cdc.o
    0x08003862   0x00000032   Code   RO         4523    i.USBD_CDC_EP0_RxReady  usbd_cdc.o
    0x08003894   0x00000010   Code   RO         4524    i.USBD_CDC_GetDeviceQualifierDescriptor  usbd_cdc.o
    0x080038a4   0x00000010   Code   RO         4525    i.USBD_CDC_GetFSCfgDesc  usbd_cdc.o
    0x080038b4   0x00000010   Code   RO         4526    i.USBD_CDC_GetHSCfgDesc  usbd_cdc.o
    0x080038c4   0x00000010   Code   RO         4527    i.USBD_CDC_GetOtherSpeedCfgDesc  usbd_cdc.o
    0x080038d4   0x000000b8   Code   RO         4528    i.USBD_CDC_Init     usbd_cdc.o
    0x0800398c   0x0000003a   Code   RO         4529    i.USBD_CDC_ReceivePacket  usbd_cdc.o
    0x080039c6   0x0000000e   Code   RO         4530    i.USBD_CDC_RegisterInterface  usbd_cdc.o
    0x080039d4   0x0000000e   Code   RO         4531    i.USBD_CDC_SetRxBuffer  usbd_cdc.o
    0x080039e2   0x00000014   Code   RO         4532    i.USBD_CDC_SetTxBuffer  usbd_cdc.o
    0x080039f6   0x000000f4   Code   RO         4533    i.USBD_CDC_Setup    usbd_cdc.o
    0x08003aea   0x00000016   Code   RO         4227    i.USBD_ClrClassConfig  usbd_core.o
    0x08003b00   0x0000003e   Code   RO         4365    i.USBD_ClrFeature   usbd_ctlreq.o
    0x08003b3e   0x00000018   Code   RO         4460    i.USBD_CtlContinueRx  usbd_ioreq.o
    0x08003b56   0x00000018   Code   RO         4461    i.USBD_CtlContinueSendData  usbd_ioreq.o
    0x08003b6e   0x00000018   Code   RO         4366    i.USBD_CtlError     usbd_ctlreq.o
    0x08003b86   0x00000028   Code   RO         4462    i.USBD_CtlPrepareRx  usbd_ioreq.o
    0x08003bae   0x0000001a   Code   RO         4463    i.USBD_CtlReceiveStatus  usbd_ioreq.o
    0x08003bc8   0x00000022   Code   RO         4464    i.USBD_CtlSendData  usbd_ioreq.o
    0x08003bea   0x0000001a   Code   RO         4465    i.USBD_CtlSendStatus  usbd_ioreq.o
    0x08003c04   0x00000034   Code   RO          527    i.USBD_FS_ConfigStrDescriptor  usbd_desc.o
    0x08003c38   0x00000010   Code   RO          528    i.USBD_FS_DeviceDescriptor  usbd_desc.o
    0x08003c48   0x00000038   Code   RO          529    i.USBD_FS_InterfaceStrDescriptor  usbd_desc.o
    0x08003c80   0x00000010   Code   RO          530    i.USBD_FS_LangIDStrDescriptor  usbd_desc.o
    0x08003c90   0x00000024   Code   RO          531    i.USBD_FS_ManufacturerStrDescriptor  usbd_desc.o
    0x08003cb4   0x00000040   Code   RO          532    i.USBD_FS_ProductStrDescriptor  usbd_desc.o
    0x08003cf4   0x00000018   Code   RO          533    i.USBD_FS_SerialStrDescriptor  usbd_desc.o
    0x08003d0c   0x00000010   Code   RO          534    i.USBD_FS_USR_BOSDescriptor  usbd_desc.o
    0x08003d1c   0x00000056   Code   RO         4367    i.USBD_GetConfig    usbd_ctlreq.o
    0x08003d72   0x0000022a   Code   RO         4368    i.USBD_GetDescriptor  usbd_ctlreq.o
    0x08003f9c   0x00000014   Code   RO         4369    i.USBD_GetLen       usbd_ctlreq.o
    0x08003fb0   0x0000005a   Code   RO         4370    i.USBD_GetStatus    usbd_ctlreq.o
    0x0800400a   0x00000052   Code   RO         4371    i.USBD_GetString    usbd_ctlreq.o
    0x0800405c   0x00000068   Code   RO         4229    i.USBD_Init         usbd_core.o
    0x080040c4   0x00000044   Code   RO          688    i.USBD_LL_ClearStallEP  usbd_conf.o
    0x08004108   0x00000044   Code   RO          689    i.USBD_LL_CloseEP   usbd_conf.o
    0x0800414c   0x00000100   Code   RO         4230    i.USBD_LL_DataInStage  usbd_core.o
    0x0800424c   0x000000a6   Code   RO         4231    i.USBD_LL_DataOutStage  usbd_core.o
    0x080042f2   0x00000012   Code   RO          693    i.USBD_LL_GetRxDataSize  usbd_conf.o
    0x08004304   0x0000008c   Code   RO          694    i.USBD_LL_Init      usbd_conf.o
    0x08004390   0x00000030   Code   RO          695    i.USBD_LL_IsStallEP  usbd_conf.o
    0x080043c0   0x00000062   Code   RO          696    i.USBD_LL_OpenEP    usbd_conf.o
    0x08004422   0x00000062   Code   RO          697    i.USBD_LL_PrepareReceive  usbd_conf.o
    0x08004484   0x0000005c   Code   RO         4236    i.USBD_LL_Reset     usbd_core.o
    0x080044e0   0x00000016   Code   RO         4237    i.USBD_LL_Resume    usbd_core.o
    0x080044f6   0x00000022   Code   RO         4238    i.USBD_LL_SOF       usbd_core.o
    0x08004518   0x00000008   Code   RO         4239    i.USBD_LL_SetSpeed  usbd_core.o
    0x08004520   0x00000044   Code   RO          698    i.USBD_LL_SetUSBAddress  usbd_conf.o
    0x08004564   0x0000006e   Code   RO         4240    i.USBD_LL_SetupStage  usbd_core.o
    0x080045d2   0x00000044   Code   RO          699    i.USBD_LL_StallEP   usbd_conf.o
    0x08004616   0x0000003c   Code   RO          700    i.USBD_LL_Start     usbd_conf.o
    0x08004652   0x00000014   Code   RO         4241    i.USBD_LL_Suspend   usbd_core.o
    0x08004666   0x00000062   Code   RO          702    i.USBD_LL_Transmit  usbd_conf.o
    0x080046c8   0x00000028   Code   RO         4372    i.USBD_ParseSetupRequest  usbd_ctlreq.o
    0x080046f0   0x0000004c   Code   RO         4242    i.USBD_RegisterClass  usbd_core.o
    0x0800473c   0x00000006   Code   RO         4243    i.USBD_RunTestMode  usbd_core.o
    0x08004742   0x0000005a   Code   RO         4373    i.USBD_SetAddress   usbd_ctlreq.o
    0x0800479c   0x00000022   Code   RO         4244    i.USBD_SetClassConfig  usbd_core.o
    0x080047be   0x00000002   PAD
    0x080047c0   0x000000e8   Code   RO         4374    i.USBD_SetConfig    usbd_ctlreq.o
    0x080048a8   0x00000018   Code   RO         4375    i.USBD_SetFeature   usbd_ctlreq.o
    0x080048c0   0x0000000e   Code   RO         4245    i.USBD_Start        usbd_core.o
    0x080048ce   0x000000a2   Code   RO         4376    i.USBD_StdDevReq    usbd_ctlreq.o
    0x08004970   0x00000238   Code   RO         4377    i.USBD_StdEPReq     usbd_ctlreq.o
    0x08004ba8   0x0000007e   Code   RO         4378    i.USBD_StdItfReq    usbd_ctlreq.o
    0x08004c26   0x00000002   Code   RO          703    i.USBD_static_free  usbd_conf.o
    0x08004c28   0x0000000c   Code   RO          704    i.USBD_static_malloc  usbd_conf.o
    0x08004c34   0x00000490   Code   RO         1166    i.USB_ActivateEndpoint  stm32l4xx_ll_usb.o
    0x080050c4   0x00000008   Code   RO         1169    i.USB_CoreInit      stm32l4xx_ll_usb.o
    0x080050cc   0x0000027c   Code   RO         1171    i.USB_DeactivateEndpoint  stm32l4xx_ll_usb.o
    0x08005348   0x00000012   Code   RO         1172    i.USB_DevConnect    stm32l4xx_ll_usb.o
    0x0800535a   0x00000012   Code   RO         1173    i.USB_DevDisconnect  stm32l4xx_ll_usb.o
    0x0800536c   0x0000001e   Code   RO         1174    i.USB_DevInit       stm32l4xx_ll_usb.o
    0x0800538a   0x00000014   Code   RO         1175    i.USB_DisableGlobalInt  stm32l4xx_ll_usb.o
    0x0800539e   0x00000006   Code   RO         1176    i.USB_EP0_OutStart  stm32l4xx_ll_usb.o
    0x080053a4   0x000000da   Code   RO         1177    i.USB_EPClearStall  stm32l4xx_ll_usb.o
    0x0800547e   0x0000005c   Code   RO         1178    i.USB_EPSetStall    stm32l4xx_ll_usb.o
    0x080054da   0x00000444   Code   RO         1179    i.USB_EPStartXfer   stm32l4xx_ll_usb.o
    0x0800591e   0x00000014   Code   RO         1180    i.USB_EnableGlobalInt  stm32l4xx_ll_usb.o
    0x08005932   0x00000002   PAD
    0x08005934   0x00000010   Code   RO          361    i.USB_IRQHandler    stm32l4xx_it.o
    0x08005944   0x00000008   Code   RO         1187    i.USB_ReadInterrupts  stm32l4xx_ll_usb.o
    0x0800594c   0x00000046   Code   RO         1188    i.USB_ReadPMA       stm32l4xx_ll_usb.o
    0x08005992   0x00000006   Code   RO         1190    i.USB_SetCurrentMode  stm32l4xx_ll_usb.o
    0x08005998   0x0000000e   Code   RO         1191    i.USB_SetDevAddress  stm32l4xx_ll_usb.o
    0x080059a6   0x00000040   Code   RO         1194    i.USB_WritePMA      stm32l4xx_ll_usb.o
    0x080059e6   0x00000004   Code   RO          362    i.UsageFault_Handler  stm32l4xx_it.o
    0x080059ea   0x00000002   PAD
    0x080059ec   0x00000010   Code   RO         4634    i.__0printf$bare    mc_w.l(printfb.o)
    0x080059fc   0x00000010   Code   RO         3159    i.__NVIC_GetPriorityGrouping  stm32l4xx_hal_cortex.o
    0x08005a0c   0x00000028   Code   RO         3160    i.__NVIC_SetPriority  stm32l4xx_hal_cortex.o
    0x08005a34   0x0000000e   Code   RO         4967    i.__scatterload_copy  mc_w.l(handlers.o)
    0x08005a42   0x00000002   Code   RO         4968    i.__scatterload_null  mc_w.l(handlers.o)
    0x08005a44   0x0000000e   Code   RO         4969    i.__scatterload_zeroinit  mc_w.l(handlers.o)
    0x08005a52   0x00000022   Code   RO         4641    i._printf_core      mc_w.l(printfb.o)
    0x08005a74   0x00000012   Code   RO         4935    i.fputc             mc_w.l(fputc.o)
    0x08005a86   0x00000002   PAD
    0x08005a88   0x00000050   Code   RO         4893    i.free              mc_w.l(malloc.o)
    0x08005ad8   0x0000009c   Code   RO          251    i.main              main.o
    0x08005b74   0x0000006c   Code   RO         4894    i.malloc            mc_w.l(malloc.o)
    0x08005be0   0x0000003c   Code   RO          169    i.queue_get_front   queue.o
    0x08005c1c   0x00000008   Code   RO          170    i.queue_get_frontl  queue.o
    0x08005c24   0x0000000a   Code   RO          171    i.queue_init        queue.o
    0x08005c2e   0x0000000e   Code   RO          172    i.queue_isempty     queue.o
    0x08005c3c   0x0000001a   Code   RO          173    i.queue_pop         queue.o
    0x08005c56   0x0000007a   Code   RO          174    i.queue_push        queue.o
    0x08005cd0   0x00000048   Data   RO         4192    .constdata          system_stm32l4xx.o
    0x08005d18   0x00000020   Data   RO         4965    Region$$Table       anon$$obj.o


    Execution Region RW_IRAM1 (Base: 0x20000000, Size: 0x00002390, Max: 0x00028000, ABSOLUTE, COMPRESSED[0x000000d4])

    Base Addr    Size         Type   Attr      Idx    E Section Name        Object

    0x20000000   0x00000006   Data   RW          253    .data               main.o
    0x20000006   0x00000002   PAD
    0x20000008   0x0000005e   Data   RW          536    .data               usbd_desc.o
    0x20000066   0x00000002   PAD
    0x20000068   0x00000010   Data   RW          627    .data               usbd_cdc_if.o
    0x20000078   0x0000000c   Data   RW         1399    .data               stm32l4xx_hal.o
    0x20000084   0x00000004   Data   RW         4193    .data               system_stm32l4xx.o
    0x20000088   0x00000001   Data   RW         4379    .data               usbd_ctlreq.o
    0x20000089   0x00000003   PAD
    0x2000008c   0x0000010f   Data   RW         4535    .data               usbd_cdc.o
    0x2000019b   0x00000001   PAD
    0x2000019c   0x00000004   Data   RW         4937    .data               mc_w.l(stdout.o)
    0x200001a0   0x00000004   Data   RW         4944    .data               mc_w.l(mvars.o)
    0x200001a4   0x00000004   Data   RW         4945    .data               mc_w.l(mvars.o)
    0x200001a8   0x0000028c   Zero   RW          252    .bss                main.o
    0x20000434   0x000002c4   Zero   RW          495    .bss                usb_device.o
    0x200006f8   0x00000200   Zero   RW          535    .bss                usbd_desc.o
    0x200008f8   0x00001000   Zero   RW          626    .bss                usbd_cdc_if.o
    0x200018f8   0x00000494   Zero   RW          705    .bss                usbd_conf.o
    0x20001d8c   0x00000004   PAD
    0x20001d90   0x00000200   Zero   RW            2    HEAP                startup_stm32l452xx.o
    0x20001f90   0x00000400   Zero   RW            1    STACK               startup_stm32l452xx.o


==============================================================================

Image component sizes


      Code (inc. data)   RO Data    RW Data    ZI Data      Debug   Object Name

        24          6          0          0          0     698989   comm.o
       760         58          0          6        652      12058   main.o
       240          0          0          0          0       4167   queue.o
        36          8        404          0       1536        868   startup_stm32l452xx.o
       154         28          0         12          0       3833   stm32l4xx_hal.o
       310         22          0          0          0      34675   stm32l4xx_hal_cortex.o
       726         10          0          0          0       3751   stm32l4xx_hal_dma.o
       466         28          0          0          0       2376   stm32l4xx_hal_gpio.o
       424         40          0          0          0       2603   stm32l4xx_hal_msp.o
      2460          0          0          0          0      11261   stm32l4xx_hal_pcd.o
       100          0          0          0          0       1942   stm32l4xx_hal_pcd_ex.o
       176         24          0          0          0       1995   stm32l4xx_hal_pwr_ex.o
      2752        108          0          0          0       7648   stm32l4xx_hal_rcc.o
      1432         24          0          0          0       3068   stm32l4xx_hal_rcc_ex.o
      1138         12          0          0          0       8283   stm32l4xx_hal_spi.o
      1728         60          0          0          0       5277   stm32l4xx_hal_uart.o
        80         18          0          0          0       6105   stm32l4xx_it.o
      3488          0          0          0          0      17895   stm32l4xx_ll_usb.o
        80         12         72          4          0       1333   system_stm32l4xx.o
        76         16          0          0        708        840   usb_device.o
       896         24          0        271          0      13200   usbd_cdc.o
       144         16          0         16       4096       3146   usbd_cdc_if.o
      1274         42          0          0       1172      16827   usbd_conf.o
       964         72          0          0          0      10895   usbd_core.o
      2160         20          0          1          0      11600   usbd_ctlreq.o
       394        120          0         94        512       7929   usbd_desc.o
       174          0          0          0          0       4936   usbd_ioreq.o

    ----------------------------------------------------------------------
     22686        768        508        412       8680     897500   Object Totals
         0          0         32          0          0          0   (incl. Generated)
        30          0          0          8          4          0   (incl. Padding)

    ----------------------------------------------------------------------

      Code (inc. data)   RO Data    RW Data    ZI Data      Debug   Library Member Name

        86          0          0          0          0          0   __dczerorl2.o
         0          0          0          0          0          0   entry.o
         0          0          0          0          0          0   entry10a.o
         0          0          0          0          0          0   entry11a.o
         8          4          0          0          0          0   entry2.o
         4          0          0          0          0          0   entry5.o
         0          0          0          0          0          0   entry7b.o
         0          0          0          0          0          0   entry8b.o
         8          4          0          0          0          0   entry9a.o
        18          0          0          0          0         80   fputc.o
        30          0          0          0          0          0   handlers.o
        36          8          0          0          0         68   init.o
         0          0          0          0          0          0   iusesemip.o
        30          0          0          0          0         68   llshl.o
        32          0          0          0          0         68   llushr.o
       188         20          0          0          0        160   malloc.o
        36          0          0          0          0         68   memcpya.o
        36          0          0          0          0        108   memseta.o
         0          0          0          8          0          0   mvars.o
        50          8          0          0          0        152   printfb.o
         0          0          0          0          0          0   semi.o
         0          0          0          4          0          0   stdout.o
       104          0          0          0          0         92   uldiv.o

    ----------------------------------------------------------------------
       670         44          0         12          0        864   Library Totals
         4          0          0          0          0          0   (incl. Padding)

    ----------------------------------------------------------------------

      Code (inc. data)   RO Data    RW Data    ZI Data      Debug   Library Name

       666         44          0         12          0        864   mc_w.l

    ----------------------------------------------------------------------
       670         44          0         12          0        864   Library Totals

    ----------------------------------------------------------------------

==============================================================================


      Code (inc. data)   RO Data    RW Data    ZI Data      Debug   

     23356        812        508        424       8680     879832   Grand Totals
     23356        812        508        212       8680     879832   ELF Image Totals (compressed)
     23356        812        508        212          0          0   ROM Totals

==============================================================================

    Total RO  Size (Code + RO Data)                23864 (  23.30kB)
    Total RW  Size (RW Data + ZI Data)              9104 (   8.89kB)
    Total ROM Size (Code + RO Data + RW Data)      24076 (  23.51kB)

==============================================================================

