Component: ARM Compiler 5.06 update 4 (build 422) Tool: armlink [4d35d2]

==============================================================================

Section Cross References

    startup_stm32l452xx.o(RESET) refers to startup_stm32l452xx.o(STACK) for __initial_sp
    startup_stm32l452xx.o(RESET) refers to startup_stm32l452xx.o(.text) for Reset_Handler
    startup_stm32l452xx.o(RESET) refers to stm32l4xx_it.o(i.NMI_Handler) for NMI_Handler
    startup_stm32l452xx.o(RESET) refers to stm32l4xx_it.o(i.HardFault_Handler) for HardFault_Handler
    startup_stm32l452xx.o(RESET) refers to stm32l4xx_it.o(i.MemManage_Handler) for MemManage_Handler
    startup_stm32l452xx.o(RESET) refers to stm32l4xx_it.o(i.BusFault_Handler) for BusFault_Handler
    startup_stm32l452xx.o(RESET) refers to stm32l4xx_it.o(i.UsageFault_Handler) for UsageFault_Handler
    startup_stm32l452xx.o(RESET) refers to stm32l4xx_it.o(i.SVC_Handler) for SVC_Handler
    startup_stm32l452xx.o(RESET) refers to stm32l4xx_it.o(i.DebugMon_Handler) for DebugMon_Handler
    startup_stm32l452xx.o(RESET) refers to stm32l4xx_it.o(i.PendSV_Handler) for PendSV_Handler
    startup_stm32l452xx.o(RESET) refers to stm32l4xx_it.o(i.SysTick_Handler) for SysTick_Handler
    startup_stm32l452xx.o(RESET) refers to stm32l4xx_it.o(i.DMA1_Channel2_IRQHandler) for DMA1_Channel2_IRQHandler
    startup_stm32l452xx.o(RESET) refers to stm32l4xx_it.o(i.DMA1_Channel3_IRQHandler) for DMA1_Channel3_IRQHandler
    startup_stm32l452xx.o(RESET) refers to stm32l4xx_it.o(i.USB_IRQHandler) for USB_IRQHandler
    startup_stm32l452xx.o(.text) refers to system_stm32l4xx.o(i.SystemInit) for SystemInit
    startup_stm32l452xx.o(.text) refers to entry.o(.ARM.Collect$$$$00000000) for __main
    queue.o(i.queue_clear) refers to queue.o(i.queue_pop) for queue_pop
    queue.o(i.queue_get_front) refers to memcpya.o(.text) for __aeabi_memcpy
    queue.o(i.queue_pop) refers to malloc.o(i.free) for free
    queue.o(i.queue_push) refers to malloc.o(i.malloc) for malloc
    queue.o(i.queue_push) refers to memseta.o(.text) for __aeabi_memclr
    queue.o(i.queue_push) refers to memcpya.o(.text) for __aeabi_memcpy
    main.o(i.MX_GPIO_Init) refers to memseta.o(.text) for __aeabi_memclr4
    main.o(i.MX_GPIO_Init) refers to stm32l4xx_hal_gpio.o(i.HAL_GPIO_WritePin) for HAL_GPIO_WritePin
    main.o(i.MX_GPIO_Init) refers to stm32l4xx_hal_gpio.o(i.HAL_GPIO_Init) for HAL_GPIO_Init
    main.o(i.MX_SPI1_Init) refers to stm32l4xx_hal_spi.o(i.HAL_SPI_Init) for HAL_SPI_Init
    main.o(i.MX_SPI1_Init) refers to main.o(.bss) for .bss
    main.o(i.MX_USART2_UART_Init) refers to stm32l4xx_hal_uart.o(i.HAL_UART_Init) for HAL_UART_Init
    main.o(i.MX_USART2_UART_Init) refers to main.o(.bss) for .bss
    main.o(i.SystemClock_Config) refers to memseta.o(.text) for __aeabi_memclr4
    main.o(i.SystemClock_Config) refers to stm32l4xx_hal_rcc.o(i.HAL_RCC_OscConfig) for HAL_RCC_OscConfig
    main.o(i.SystemClock_Config) refers to stm32l4xx_hal_rcc.o(i.HAL_RCC_ClockConfig) for HAL_RCC_ClockConfig
    main.o(i.SystemClock_Config) refers to stm32l4xx_hal_rcc_ex.o(i.HAL_RCCEx_PeriphCLKConfig) for HAL_RCCEx_PeriphCLKConfig
    main.o(i.SystemClock_Config) refers to stm32l4xx_hal_rcc.o(i.HAL_RCC_EnableCSS) for HAL_RCC_EnableCSS
    main.o(i.SystemClock_Config) refers to stm32l4xx_hal_pwr_ex.o(i.HAL_PWREx_ControlVoltageScaling) for HAL_PWREx_ControlVoltageScaling
    main.o(i.main) refers to stm32l4xx_hal.o(i.HAL_Init) for HAL_Init
    main.o(i.main) refers to main.o(i.SystemClock_Config) for SystemClock_Config
    main.o(i.main) refers to main.o(i.MX_GPIO_Init) for MX_GPIO_Init
    main.o(i.main) refers to stm32l4xx_hal_cortex.o(i.HAL_NVIC_SetPriority) for HAL_NVIC_SetPriority
    main.o(i.main) refers to stm32l4xx_hal_cortex.o(i.HAL_NVIC_EnableIRQ) for HAL_NVIC_EnableIRQ
    main.o(i.main) refers to main.o(i.MX_USART2_UART_Init) for MX_USART2_UART_Init
    main.o(i.main) refers to usb_device.o(i.MX_USB_DEVICE_Init) for MX_USB_DEVICE_Init
    main.o(i.main) refers to main.o(i.MX_SPI1_Init) for MX_SPI1_Init
    main.o(i.main) refers to stm32l4xx_hal_spi.o(i.HAL_SPI_TransmitReceive_DMA) for HAL_SPI_TransmitReceive_DMA
    main.o(i.main) refers to queue.o(i.queue_init) for queue_init
    main.o(i.main) refers to queue.o(i.queue_get_frontl) for queue_get_frontl
    main.o(i.main) refers to queue.o(i.queue_get_front) for queue_get_front
    main.o(i.main) refers to usbd_cdc_if.o(i.CDC_Transmit_FS) for CDC_Transmit_FS
    main.o(i.main) refers to queue.o(i.queue_pop) for queue_pop
    main.o(i.main) refers to main.o(.bss) for .bss
    main.o(i.main) refers to main.o(.data) for .data
    usb_device.o(i.MX_USB_DEVICE_Init) refers to usbd_core.o(i.USBD_Init) for USBD_Init
    usb_device.o(i.MX_USB_DEVICE_Init) refers to main.o(i.Error_Handler) for Error_Handler
    usb_device.o(i.MX_USB_DEVICE_Init) refers to usbd_core.o(i.USBD_RegisterClass) for USBD_RegisterClass
[...]
    ..\Drivers\STM32L4xx_HAL_Driver\Src\stm32l4xx_hal_dma_ex.c 0x00000000   Number         0  stm32l4xx_hal_dma_ex.o ABSOLUTE
    ..\Drivers\STM32L4xx_HAL_Driver\Src\stm32l4xx_hal_exti.c 0x00000000   Number         0  stm32l4xx_hal_exti.o ABSOLUTE
    ..\Drivers\STM32L4xx_HAL_Driver\Src\stm32l4xx_hal_flash.c 0x00000000   Number         0  stm32l4xx_hal_flash.o ABSOLUTE
    ..\Drivers\STM32L4xx_HAL_Driver\Src\stm32l4xx_hal_flash_ex.c 0x00000000   Number         0  stm32l4xx_hal_flash_ex.o ABSOLUTE
    ..\Drivers\STM32L4xx_HAL_Driver\Src\stm32l4xx_hal_flash_ramfunc.c 0x00000000   Number         0  stm32l4xx_hal_flash_ramfunc.o ABSOLUTE
    ..\Drivers\STM32L4xx_HAL_Driver\Src\stm32l4xx_hal_gpio.c 0x00000000   Number         0  stm32l4xx_hal_gpio.o ABSOLUTE
    ..\Drivers\STM32L4xx_HAL_Driver\Src\stm32l4xx_hal_i2c.c 0x00000000   Number         0  stm32l4xx_hal_i2c.o ABSOLUTE
    ..\Drivers\STM32L4xx_HAL_Driver\Src\stm32l4xx_hal_i2c_ex.c 0x00000000   Number         0  stm32l4xx_hal_i2c_ex.o ABSOLUTE
    ..\Drivers\STM32L4xx_HAL_Driver\Src\stm32l4xx_hal_pcd.c 0x00000000   Number         0  stm32l4xx_hal_pcd.o ABSOLUTE
    ..\Drivers\STM32L4xx_HAL_Driver\Src\stm32l4xx_hal_pcd_ex.c 0x00000000   Number         0  stm32l4xx_hal_pcd_ex.o ABSOLUTE
    ..\Drivers\STM32L4xx_HAL_Driver\Src\stm32l4xx_hal_pwr.c 0x00000000   Number         0  stm32l4xx_hal_pwr.o ABSOLUTE
    ..\Drivers\STM32L4xx_HAL_Driver\Src\stm32l4xx_hal_pwr_ex.c 0x00000000   Number         0  stm32l4xx_hal_pwr_ex.o ABSOLUTE
    ..\Drivers\STM32L4xx_HAL_Driver\Src\stm32l4xx_hal_rcc.c 0x00000000   Number         0  stm32l4xx_hal_rcc.o ABSOLUTE
    ..\Drivers\STM32L4xx_HAL_Driver\Src\stm32l4xx_hal_rcc_ex.c 0x00000000   Number         0  stm32l4xx_hal_rcc_ex.o ABSOLUTE
    ..\Drivers\STM32L4xx_HAL_Driver\Src\stm32l4xx_hal_spi.c 0x00000000   Number         0  stm32l4xx_hal_spi.o ABSOLUTE
    ..\Drivers\STM32L4xx_HAL_Driver\Src\stm32l4xx_hal_spi_ex.c 0x00000000   Number         0  stm32l4xx_hal_spi_ex.o ABSOLUTE
    ..\Drivers\STM32L4xx_HAL_Driver\Src\stm32l4xx_hal_tim.c 0x00000000   Number         0  stm32l4xx_hal_tim.o ABSOLUTE
    ..\Drivers\STM32L4xx_HAL_Driver\Src\stm32l4xx_hal_tim_ex.c 0x00000000   Number         0  stm32l4xx_hal_tim_ex.o ABSOLUTE
    ..\Drivers\STM32L4xx_HAL_Driver\Src\stm32l4xx_hal_uart.c 0x00000000   Number         0  stm32l4xx_hal_uart.o ABSOLUTE
    ..\Drivers\STM32L4xx_HAL_Driver\Src\stm32l4xx_hal_uart_ex.c 0x00000000   Number         0  stm32l4xx_hal_uart_ex.o ABSOLUTE
    ..\Drivers\STM32L4xx_HAL_Driver\Src\stm32l4xx_ll_usb.c 0x00000000   Number         0  stm32l4xx_ll_usb.o ABSOLUTE
    ..\Middlewares\ST\STM32_USB_Device_Library\Class\CDC\Src\usbd_cdc.c 0x00000000   Number         0  usbd_cdc.o ABSOLUTE
    ..\Middlewares\ST\STM32_USB_Device_Library\Core\Src\usbd_core.c 0x00000000   Number         0  usbd_core.o ABSOLUTE
    ..\Middlewares\ST\STM32_USB_Device_Library\Core\Src\usbd_ctlreq.c 0x00000000   Number         0  usbd_ctlreq.o ABSOLUTE
    ..\Middlewares\ST\STM32_USB_Device_Library\Core\Src\usbd_ioreq.c 0x00000000   Number         0  usbd_ioreq.o ABSOLUTE
    ..\Src\main.c                            0x00000000   Number         0  main.o ABSOLUTE
    ..\Src\queue.c                           0x00000000   Number         0  queue.o ABSOLUTE
    ..\Src\stm32l4xx_hal_msp.c               0x00000000   Number         0  stm32l4xx_hal_msp.o ABSOLUTE
    ..\Src\stm32l4xx_it.c                    0x00000000   Number         0  stm32l4xx_it.o ABSOLUTE
    ..\Src\system_stm32l4xx.c                0x00000000   Number         0  system_stm32l4xx.o ABSOLUTE
    ..\Src\usb_device.c                      0x00000000   Number         0  usb_device.o ABSOLUTE
    ..\Src\usbd_cdc_if.c                     0x00000000   Number         0  usbd_cdc_if.o ABSOLUTE
    ..\Src\usbd_conf.c                       0x00000000   Number         0  usbd_conf.o ABSOLUTE
    ..\Src\usbd_desc.c                       0x00000000   Number         0  usbd_desc.o ABSOLUTE
    dc.s                                     0x00000000   Number         0  dc.o ABSOLUTE
    handlers.s                               0x00000000   Number         0  handlers.o ABSOLUTE
    init.s                                   0x00000000   Number         0  init.o ABSOLUTE
    startup_stm32l452xx.s                    0x00000000   Number         0  startup_stm32l452xx.o ABSOLUTE
    RESET                                    0x08000000   Section      404  startup_stm32l452xx.o(RESET)
    .ARM.Collect$$$$00000000                 0x08000194   Section        0  entry.o(.ARM.Collect$$$$00000000)
    .ARM.Collect$$$$00000001                 0x08000194   Section        4  entry2.o(.ARM.Collect$$$$00000001)
    .ARM.Collect$$$$00000004                 0x08000198   Section        4  entry5.o(.ARM.Collect$$$$00000004)
    .ARM.Collect$$$$00000008                 0x0800019c   Section        0  entry7b.o(.ARM.Collect$$$$00000008)
    .ARM.Collect$$$$0000000A                 0x0800019c   Section        0  entry8b.o(.ARM.Collect$$$$0000000A)
    .ARM.Collect$$$$0000000B                 0x0800019c   Section        8  entry9a.o(.ARM.Collect$$$$0000000B)
    .ARM.Collect$$$$0000000D                 0x080001a4   Section        0  entry10a.o(.ARM.Collect$$$$0000000D)
    .ARM.Collect$$$$0000000F                 0x080001a4   Section        0  entry11a.o(.ARM.Collect$$$$0000000F)
    .ARM.Collect$$$$00002712                 0x080001a4   Section        4  entry2.o(.ARM.Collect$$$$00002712)
    __lit__00000000                          0x080001a4   Data           4  entry2.o(.ARM.Collect$$$$00002712)
    .text                                    0x080001a8   Section       36  startup_stm32l452xx.o(.text)
    $v0                                      0x080001a8   Number         0  startup_stm32l452xx.o(.text)
    .text                                    0x080001cc   Section        0  uldiv.o(.text)
    .text                                    0x0800022e   Section        0  memcpya.o(.text)
    .text                                    0x08000252   Section        0  memseta.o(.text)
    .text                                    0x08000276   Section        0  llshl.o(.text)
    .text                                    0x08000294   Section        0  llushr.o(.text)
    .text                                    0x080002b4   Section       36  init.o(.text)
    .text                                    0x080002d8   Section        0  __dczerorl2.o(.text)
    i.BusFault_Handler                       0x0800032e   Section        0  stm32l4xx_it.o(i.BusFault_Handler)
    i.CDC_Control_FS                         0x08000330   Section        0  usbd_cdc_if.o(i.CDC_Control_FS)
    CDC_Control_FS                           0x08000331   Thumb Code     4  usbd_cdc_if.o(i.CDC_Control_FS)
    i.CDC_DeInit_FS                          0x08000334   Section        0  usbd_cdc_if.o(i.CDC_DeInit_FS)
    CDC_DeInit_FS                            0x08000335   Thumb Code     4  usbd_cdc_if.o(i.CDC_DeInit_FS)
    i.CDC_Init_FS                            0x08000338   Section        0  usbd_cdc_if.o(i.CDC_Init_FS)
    CDC_Init_FS                              0x08000339   Thumb Code    24  usbd_cdc_if.o(i.CDC_Init_FS)
    i.CDC_Receive_FS                         0x0800035c   Section        0  usbd_cdc_if.o(i.CDC_Receive_FS)
    CDC_Receive_FS                           0x0800035d   Thumb Code    20  usbd_cdc_if.o(i.CDC_Receive_FS)
    i.CDC_Transmit_FS                        0x08000374   Section        0  usbd_cdc_if.o(i.CDC_Transmit_FS)
    i.DMA1_Channel2_IRQHandler               0x080003a0   Section        0  stm32l4xx_it.o(i.DMA1_Channel2_IRQHandler)
    i.DMA1_Channel3_IRQHandler               0x080003ac   Section        0  stm32l4xx_it.o(i.DMA1_Channel3_IRQHandler)
    i.DMA_SetConfig                          0x080003b8   Section        0  stm32l4xx_hal_dma.o(i.DMA_SetConfig)
    DMA_SetConfig                            0x080003b9   Thumb Code    46  stm32l4xx_hal_dma.o(i.DMA_SetConfig)
    i.DebugMon_Handler                       0x080003e6   Section        0  stm32l4xx_it.o(i.DebugMon_Handler)
    i.Error_Handler                          0x080003e8   Section        0  main.o(i.Error_Handler)
    i.HAL_DMA_IRQHandler                     0x080003ea   Section        0  stm32l4xx_hal_dma.o(i.HAL_DMA_IRQHandler)
    i.HAL_DMA_Init                           0x080004a4   Section        0  stm32l4xx_hal_dma.o(i.HAL_DMA_Init)
    i.HAL_DMA_Start_IT                       0x080006d4   Section        0  stm32l4xx_hal_dma.o(i.HAL_DMA_Start_IT)
    i.HAL_GPIO_Init                          0x080007a0   Section        0  stm32l4xx_hal_gpio.o(i.HAL_GPIO_Init)
    i.HAL_GPIO_WritePin                      0x08000a5c   Section        0  stm32l4xx_hal_gpio.o(i.HAL_GPIO_WritePin)
    i.HAL_GetTick                            0x08000ac4   Section        0  stm32l4xx_hal.o(i.HAL_GetTick)
    i.HAL_IncTick                            0x08000ad0   Section        0  stm32l4xx_hal.o(i.HAL_IncTick)
    i.HAL_Init                               0x08000ae0   Section        0  stm32l4xx_hal.o(i.HAL_Init)
    i.HAL_InitTick                           0x08000b0c   Section        0  stm32l4xx_hal.o(i.HAL_InitTick)
    i.HAL_MspInit                            0x08000b50   Section        0  stm32l4xx_hal_msp.o(i.HAL_MspInit)
    i.HAL_NVIC_EnableIRQ                     0x08000b7c   Section        0  stm32l4xx_hal_cortex.o(i.HAL_NVIC_EnableIRQ)
    i.HAL_NVIC_SetPriority                   0x08000be0   Section        0  stm32l4xx_hal_cortex.o(i.HAL_NVIC_SetPriority)
    i.HAL_NVIC_SetPriorityGrouping           0x08000c80   Section        0  stm32l4xx_hal_cortex.o(i.HAL_NVIC_SetPriorityGrouping)
    i.HAL_PCDEx_ActivateLPM                  0x08000d00   Section        0  stm32l4xx_hal_pcd_ex.o(i.HAL_PCDEx_ActivateLPM)
    i.HAL_PCDEx_LPM_Callback                 0x08000d24   Section        0  usbd_conf.o(i.HAL_PCDEx_LPM_Callback)
    i.HAL_PCDEx_PMAConfig                    0x08000d68   Section        0  stm32l4xx_hal_pcd_ex.o(i.HAL_PCDEx_PMAConfig)
    i.HAL_PCD_DataInStageCallback            0x08000d9c   Section        0  usbd_conf.o(i.HAL_PCD_DataInStageCallback)
    i.HAL_PCD_DataOutStageCallback           0x08000daa   Section        0  usbd_conf.o(i.HAL_PCD_DataOutStageCallback)
    i.HAL_PCD_EP_Close                       0x08000dba   Section        0  stm32l4xx_hal_pcd.o(i.HAL_PCD_EP_Close)
    i.HAL_PCD_EP_ClrStall                    0x08000e02   Section        0  stm32l4xx_hal_pcd.o(i.HAL_PCD_EP_ClrStall)
    i.HAL_PCD_EP_GetRxCount                  0x08000e5a   Section        0  stm32l4xx_hal_pcd.o(i.HAL_PCD_EP_GetRxCount)
    i.HAL_PCD_EP_Open                        0x08000e68   Section        0  stm32l4xx_hal_pcd.o(i.HAL_PCD_EP_Open)
    i.HAL_PCD_EP_Receive                     0x08000ec4   Section        0  stm32l4xx_hal_pcd.o(i.HAL_PCD_EP_Receive)
    i.HAL_PCD_EP_SetStall                    0x08000ef2   Section        0  stm32l4xx_hal_pcd.o(i.HAL_PCD_EP_SetStall)
    i.HAL_PCD_EP_Transmit                    0x08000f5c   Section        0  stm32l4xx_hal_pcd.o(i.HAL_PCD_EP_Transmit)
    i.HAL_PCD_IRQHandler                     0x08000f86   Section        0  stm32l4xx_hal_pcd.o(i.HAL_PCD_IRQHandler)
    i.HAL_PCD_Init                           0x080010f8   Section        0  stm32l4xx_hal_pcd.o(i.HAL_PCD_Init)
    i.HAL_PCD_MspInit                        0x08001224   Section        0  usbd_conf.o(i.HAL_PCD_MspInit)
    i.HAL_PCD_ResetCallback                  0x08001298   Section        0  usbd_conf.o(i.HAL_PCD_ResetCallback)
    i.HAL_PCD_ResumeCallback                 0x080012c0   Section        0  usbd_conf.o(i.HAL_PCD_ResumeCallback)
    i.HAL_PCD_SOFCallback                    0x080012e8   Section        0  usbd_conf.o(i.HAL_PCD_SOFCallback)
    i.HAL_PCD_SetAddress                     0x080012f0   Section        0  stm32l4xx_hal_pcd.o(i.HAL_PCD_SetAddress)
    i.HAL_PCD_SetupStageCallback             0x08001318   Section        0  usbd_conf.o(i.HAL_PCD_SetupStageCallback)
    i.HAL_PCD_Start                          0x08001326   Section        0  stm32l4xx_hal_pcd.o(i.HAL_PCD_Start)
    i.HAL_PCD_SuspendCallback                0x08001350   Section        0  usbd_conf.o(i.HAL_PCD_SuspendCallback)
    i.HAL_PWREx_ControlVoltageScaling        0x08001374   Section        0  stm32l4xx_hal_pwr_ex.o(i.HAL_PWREx_ControlVoltageScaling)
    i.HAL_PWREx_EnableVddUSB                 0x0800142c   Section        0  stm32l4xx_hal_pwr_ex.o(i.HAL_PWREx_EnableVddUSB)
    i.HAL_PWREx_GetVoltageRange              0x0800143c   Section        0  stm32l4xx_hal_pwr_ex.o(i.HAL_PWREx_GetVoltageRange)
    i.HAL_RCCEx_PeriphCLKConfig              0x0800144c   Section        0  stm32l4xx_hal_rcc_ex.o(i.HAL_RCCEx_PeriphCLKConfig)
    i.HAL_RCC_CSSCallback                    0x080019dc   Section        0  stm32l4xx_hal_rcc.o(i.HAL_RCC_CSSCallback)
    i.HAL_RCC_ClockConfig                    0x080019e0   Section        0  stm32l4xx_hal_rcc.o(i.HAL_RCC_ClockConfig)
    i.HAL_RCC_EnableCSS                      0x08001c00   Section        0  stm32l4xx_hal_rcc.o(i.HAL_RCC_EnableCSS)
    i.HAL_RCC_GetPCLK1Freq                   0x08001c10   Section        0  stm32l4xx_hal_rcc.o(i.HAL_RCC_GetPCLK1Freq)
    i.HAL_RCC_GetPCLK2Freq                   0x08001c34   Section        0  stm32l4xx_hal_rcc.o(i.HAL_RCC_GetPCLK2Freq)
    i.HAL_RCC_GetSysClockFreq                0x08001c58   Section        0  stm32l4xx_hal_rcc.o(i.HAL_RCC_GetSysClockFreq)
    i.HAL_RCC_NMI_IRQHandler                 0x08001cfc   Section        0  stm32l4xx_hal_rcc.o(i.HAL_RCC_NMI_IRQHandler)
    i.HAL_RCC_OscConfig                      0x08001d14   Section        0  stm32l4xx_hal_rcc.o(i.HAL_RCC_OscConfig)
    i.HAL_SPI_ErrorCallback                  0x08002468   Section        0  main.o(i.HAL_SPI_ErrorCallback)
    i.HAL_SPI_Init                           0x0800246c   Section        0  stm32l4xx_hal_spi.o(i.HAL_SPI_Init)
    i.HAL_SPI_MspInit                        0x080026a8   Section        0  stm32l4xx_hal_msp.o(i.HAL_SPI_MspInit)
    i.HAL_SPI_RxCpltCallback                 0x08002798   Section        0  stm32l4xx_hal_spi.o(i.HAL_SPI_RxCpltCallback)
    i.HAL_SPI_RxHalfCpltCallback             0x0800279a   Section        0  stm32l4xx_hal_spi.o(i.HAL_SPI_RxHalfCpltCallback)
    i.HAL_SPI_TransmitReceive_DMA            0x0800279c   Section        0  stm32l4xx_hal_spi.o(i.HAL_SPI_TransmitReceive_DMA)
    i.HAL_SPI_TxRxCpltCallback               0x080029cc   Section        0  main.o(i.HAL_SPI_TxRxCpltCallback)
    i.HAL_SPI_TxRxHalfCpltCallback           0x080029ce   Section        0  stm32l4xx_hal_spi.o(i.HAL_SPI_TxRxHalfCpltCallback)
    i.HAL_SYSTICK_Config                     0x080029d0   Section        0  stm32l4xx_hal_cortex.o(i.HAL_SYSTICK_Config)
    i.HAL_UART_Init                          0x080029f8   Section        0  stm32l4xx_hal_uart.o(i.HAL_UART_Init)
    i.HAL_UART_MspInit                       0x08002af8   Section        0  stm32l4xx_hal_msp.o(i.HAL_UART_MspInit)
    i.HardFault_Handler                      0x08002b5c   Section        0  stm32l4xx_it.o(i.HardFault_Handler)
    i.IntToUnicode                           0x08002b60   Section        0  usbd_desc.o(i.IntToUnicode)
    IntToUnicode                             0x08002b61   Thumb Code    56  usbd_desc.o(i.IntToUnicode)
    i.MX_GPIO_Init                           0x08002b98   Section        0  main.o(i.MX_GPIO_Init)
    MX_GPIO_Init                             0x08002b99   Thumb Code   188  main.o(i.MX_GPIO_Init)
    i.MX_SPI1_Init                           0x08002c64   Section        0  main.o(i.MX_SPI1_Init)
    MX_SPI1_Init                             0x08002c65   Thumb Code    54  main.o(i.MX_SPI1_Init)
    i.MX_USART2_UART_Init                    0x08002ca4   Section        0  main.o(i.MX_USART2_UART_Init)
    MX_USART2_UART_Init                      0x08002ca5   Thumb Code    36  main.o(i.MX_USART2_UART_Init)
    i.MX_USB_DEVICE_Init                     0x08002cd0   Section        0  usb_device.o(i.MX_USB_DEVICE_Init)
    i.MemManage_Handler                      0x08002d24   Section        0  stm32l4xx_it.o(i.MemManage_Handler)
    i.NMI_Handler                            0x08002d26   Section        0  stm32l4xx_it.o(i.NMI_Handler)
    i.PCD_EP_ISR_Handler                     0x08002d2a   Section        0  stm32l4xx_hal_pcd.o(i.PCD_EP_ISR_Handler)
    PCD_EP_ISR_Handler                       0x08002d2b   Thumb Code   674  stm32l4xx_hal_pcd.o(i.PCD_EP_ISR_Handler)
    i.PendSV_Handler                         0x08002fcc   Section        0  stm32l4xx_it.o(i.PendSV_Handler)
    i.RCCEx_PLLSAI1_Config                   0x08002fd0   Section        0  stm32l4xx_hal_rcc_ex.o(i.RCCEx_PLLSAI1_Config)
    RCCEx_PLLSAI1_Config                     0x08002fd1   Thumb Code   442  stm32l4xx_hal_rcc_ex.o(i.RCCEx_PLLSAI1_Config)
    i.RCC_SetFlashLatencyFromMSIRange        0x080031e0   Section        0  stm32l4xx_hal_rcc.o(i.RCC_SetFlashLatencyFromMSIRange)
    RCC_SetFlashLatencyFromMSIRange          0x080031e1   Thumb Code   116  stm32l4xx_hal_rcc.o(i.RCC_SetFlashLatencyFromMSIRange)
    i.SPI_DMAError                           0x0800325c   Section        0  stm32l4xx_hal_spi.o(i.SPI_DMAError)
    SPI_DMAError                             0x0800325d   Thumb Code    34  stm32l4xx_hal_spi.o(i.SPI_DMAError)
    i.SPI_DMAHalfReceiveCplt                 0x0800327e   Section        0  stm32l4xx_hal_spi.o(i.SPI_DMAHalfReceiveCplt)
    SPI_DMAHalfReceiveCplt                   0x0800327f   Thumb Code    10  stm32l4xx_hal_spi.o(i.SPI_DMAHalfReceiveCplt)
    i.SPI_DMAHalfTransmitReceiveCplt         0x08003288   Section        0  stm32l4xx_hal_spi.o(i.SPI_DMAHalfTransmitReceiveCplt)
    SPI_DMAHalfTransmitReceiveCplt           0x08003289   Thumb Code    10  stm32l4xx_hal_spi.o(i.SPI_DMAHalfTransmitReceiveCplt)
    i.SPI_DMAReceiveCplt                     0x08003292   Section        0  stm32l4xx_hal_spi.o(i.SPI_DMAReceiveCplt)
    SPI_DMAReceiveCplt                       0x08003293   Thumb Code    86  stm32l4xx_hal_spi.o(i.SPI_DMAReceiveCplt)
    i.SPI_DMATransmitReceiveCplt             0x080032e8   Section        0  stm32l4xx_hal_spi.o(i.SPI_DMATransmitReceiveCplt)
    SPI_DMATransmitReceiveCplt               0x080032e9   Thumb Code    92  stm32l4xx_hal_spi.o(i.SPI_DMATransmitReceiveCplt)
    i.SPI_EndRxTransaction                   0x08003344   Section        0  stm32l4xx_hal_spi.o(i.SPI_EndRxTransaction)
    SPI_EndRxTransaction                     0x08003345   Thumb Code   116  stm32l4xx_hal_spi.o(i.SPI_EndRxTransaction)
    i.SPI_EndRxTxTransaction                 0x080033b8   Section        0  stm32l4xx_hal_spi.o(i.SPI_EndRxTxTransaction)
    SPI_EndRxTxTransaction                   0x080033b9   Thumb Code    72  stm32l4xx_hal_spi.o(i.SPI_EndRxTxTransaction)
    i.SPI_WaitFifoStateUntilTimeout          0x08003400   Section        0  stm32l4xx_hal_spi.o(i.SPI_WaitFifoStateUntilTimeout)
    SPI_WaitFifoStateUntilTimeout            0x08003401   Thumb Code   150  stm32l4xx_hal_spi.o(i.SPI_WaitFifoStateUntilTimeout)
    i.SPI_WaitFlagStateUntilTimeout          0x08003496   Section        0  stm32l4xx_hal_spi.o(i.SPI_WaitFlagStateUntilTimeout)
    SPI_WaitFlagStateUntilTimeout            0x08003497   Thumb Code   148  stm32l4xx_hal_spi.o(i.SPI_WaitFlagStateUntilTimeout)
    i.SVC_Handler                            0x0800352a   Section        0  stm32l4xx_it.o(i.SVC_Handler)
    i.SysTick_Handler                        0x0800352c   Section        0  stm32l4xx_it.o(i.SysTick_Handler)
    i.SystemClock_Config                     0x08003530   Section        0  main.o(i.SystemClock_Config)
    i.SystemInit                             0x080035c0   Section        0  system_stm32l4xx.o(i.SystemInit)
    i.UART_AdvFeatureConfig                  0x08003604   Section        0  stm32l4xx_hal_uart.o(i.UART_AdvFeatureConfig)
    i.UART_CheckIdleState                    0x08003810   Section        0  stm32l4xx_hal_uart.o(i.UART_CheckIdleState)
    i.UART_SetConfig                         0x08003868   Section        0  stm32l4xx_hal_uart.o(i.UART_SetConfig)
    i.UART_WaitOnFlagUntilTimeout            0x08003bf0   Section        0  stm32l4xx_hal_uart.o(i.UART_WaitOnFlagUntilTimeout)
    i.USBD_CDC_DataIn                        0x08003c94   Section        0  usbd_cdc.o(i.USBD_CDC_DataIn)
    USBD_CDC_DataIn                          0x08003c95   Thumb Code    70  usbd_cdc.o(i.USBD_CDC_DataIn)
    i.USBD_CDC_DataOut                       0x08003cda   Section        0  usbd_cdc.o(i.USBD_CDC_DataOut)
    USBD_CDC_DataOut                         0x08003cdb   Thumb Code    46  usbd_cdc.o(i.USBD_CDC_DataOut)
    i.USBD_CDC_DeInit                        0x08003d08   Section        0  usbd_cdc.o(i.USBD_CDC_DeInit)
    USBD_CDC_DeInit                          0x08003d09   Thumb Code    68  usbd_cdc.o(i.USBD_CDC_DeInit)
    i.USBD_CDC_EP0_RxReady                   0x08003d4c   Section        0  usbd_cdc.o(i.USBD_CDC_EP0_RxReady)
    USBD_CDC_EP0_RxReady                     0x08003d4d   Thumb Code    36  usbd_cdc.o(i.USBD_CDC_EP0_RxReady)
    i.USBD_CDC_GetDeviceQualifierDescriptor  0x08003d70   Section        0  usbd_cdc.o(i.USBD_CDC_GetDeviceQualifierDescriptor)
    i.USBD_CDC_GetFSCfgDesc                  0x08003d7c   Section        0  usbd_cdc.o(i.USBD_CDC_GetFSCfgDesc)
    USBD_CDC_GetFSCfgDesc                    0x08003d7d   Thumb Code     8  usbd_cdc.o(i.USBD_CDC_GetFSCfgDesc)
    i.USBD_CDC_GetHSCfgDesc                  0x08003d88   Section        0  usbd_cdc.o(i.USBD_CDC_GetHSCfgDesc)
    USBD_CDC_GetHSCfgDesc                    0x08003d89   Thumb Code     8  usbd_cdc.o(i.USBD_CDC_GetHSCfgDesc)
    i.USBD_CDC_GetOtherSpeedCfgDesc          0x08003d94   Section        0  usbd_cdc.o(i.USBD_CDC_GetOtherSpeedCfgDesc)
    USBD_CDC_GetOtherSpeedCfgDesc            0x08003d95   Thumb Code     8  usbd_cdc.o(i.USBD_CDC_GetOtherSpeedCfgDesc)
    i.USBD_CDC_Init                          0x08003da0   Section        0  usbd_cdc.o(i.USBD_CDC_Init)
    USBD_CDC_Init                            0x08003da1   Thumb Code   148  usbd_cdc.o(i.USBD_CDC_Init)
    i.USBD_CDC_ReceivePacket                 0x08003e34   Section        0  usbd_cdc.o(i.USBD_CDC_ReceivePacket)
    i.USBD_CDC_RegisterInterface             0x08003e5c   Section        0  usbd_cdc.o(i.USBD_CDC_RegisterInterface)
    i.USBD_CDC_SetRxBuffer                   0x08003e6c   Section        0  usbd_cdc.o(i.USBD_CDC_SetRxBuffer)
    i.USBD_CDC_SetTxBuffer                   0x08003e78   Section        0  usbd_cdc.o(i.USBD_CDC_SetTxBuffer)
    i.USBD_CDC_Setup                         0x08003e88   Section        0  usbd_cdc.o(i.USBD_CDC_Setup)
    USBD_CDC_Setup                           0x08003e89   Thumb Code   172  usbd_cdc.o(i.USBD_CDC_Setup)
    i.USBD_CDC_TransmitPacket                0x08003f34   Section        0  usbd_cdc.o(i.USBD_CDC_TransmitPacket)
    i.USBD_ClrClassConfig                    0x08003f6a   Section        0  usbd_core.o(i.USBD_ClrClassConfig)
    i.USBD_CtlContinueRx                     0x08003f78   Section        0  usbd_ioreq.o(i.USBD_CtlContinueRx)
    i.USBD_CtlContinueSendData               0x08003f88   Section        0  usbd_ioreq.o(i.USBD_CtlContinueSendData)
    i.USBD_CtlError                          0x08003f98   Section        0  usbd_ctlreq.o(i.USBD_CtlError)
    i.USBD_CtlPrepareRx                      0x08003fae   Section        0  usbd_ioreq.o(i.USBD_CtlPrepareRx)
    i.USBD_CtlReceiveStatus                  0x08003fcc   Section        0  usbd_ioreq.o(i.USBD_CtlReceiveStatus)
    i.USBD_CtlSendData                       0x08003fe2   Section        0  usbd_ioreq.o(i.USBD_CtlSendData)
    i.USBD_CtlSendStatus                     0x08003ffc   Section        0  usbd_ioreq.o(i.USBD_CtlSendStatus)
    i.USBD_FS_ConfigStrDescriptor            0x08004014   Section        0  usbd_desc.o(i.USBD_FS_ConfigStrDescriptor)
    i.USBD_FS_DeviceDescriptor               0x08004034   Section        0  usbd_desc.o(i.USBD_FS_DeviceDescriptor)
    i.USBD_FS_InterfaceStrDescriptor         0x08004040   Section        0  usbd_desc.o(i.USBD_FS_InterfaceStrDescriptor)
    i.USBD_FS_LangIDStrDescriptor            0x08004064   Section        0  usbd_desc.o(i.USBD_FS_LangIDStrDescriptor)
    i.USBD_FS_ManufacturerStrDescriptor      0x08004070   Section        0  usbd_desc.o(i.USBD_FS_ManufacturerStrDescriptor)
    i.USBD_FS_ProductStrDescriptor           0x08004098   Section        0  usbd_desc.o(i.USBD_FS_ProductStrDescriptor)
    i.USBD_FS_SerialStrDescriptor            0x080040c4   Section        0  usbd_desc.o(i.USBD_FS_SerialStrDescriptor)
    i.USBD_FS_USR_BOSDescriptor              0x080040fc   Section        0  usbd_desc.o(i.USBD_FS_USR_BOSDescriptor)
    i.USBD_GetDescriptor                     0x08004108   Section        0  usbd_ctlreq.o(i.USBD_GetDescriptor)
    USBD_GetDescriptor                       0x08004109   Thumb Code   252  usbd_ctlreq.o(i.USBD_GetDescriptor)
    i.USBD_GetString                         0x08004204   Section        0  usbd_ctlreq.o(i.USBD_GetString)
    i.USBD_Init                              0x0800424c   Section        0  usbd_core.o(i.USBD_Init)
    i.USBD_LL_ClearStallEP                   0x08004276   Section        0  usbd_conf.o(i.USBD_LL_ClearStallEP)
    i.USBD_LL_CloseEP                        0x08004296   Section        0  usbd_conf.o(i.USBD_LL_CloseEP)
    i.USBD_LL_DataInStage                    0x080042b6   Section        0  usbd_core.o(i.USBD_LL_DataInStage)
    i.USBD_LL_DataOutStage                   0x0800437c   Section        0  usbd_core.o(i.USBD_LL_DataOutStage)
    i.USBD_LL_GetRxDataSize                  0x080043fe   Section        0  usbd_conf.o(i.USBD_LL_GetRxDataSize)
    i.USBD_LL_Init                           0x08004408   Section        0  usbd_conf.o(i.USBD_LL_Init)
    i.USBD_LL_IsStallEP                      0x08004490   Section        0  usbd_conf.o(i.USBD_LL_IsStallEP)
    i.USBD_LL_OpenEP                         0x080044ac   Section        0  usbd_conf.o(i.USBD_LL_OpenEP)
    i.USBD_LL_PrepareReceive                 0x080044d2   Section        0  usbd_conf.o(i.USBD_LL_PrepareReceive)
    i.USBD_LL_Reset                          0x080044f2   Section        0  usbd_core.o(i.USBD_LL_Reset)
    i.USBD_LL_Resume                         0x08004542   Section        0  usbd_core.o(i.USBD_LL_Resume)
    i.USBD_LL_SOF                            0x08004556   Section        0  usbd_core.o(i.USBD_LL_SOF)
    i.USBD_LL_SetSpeed                       0x0800456e   Section        0  usbd_core.o(i.USBD_LL_SetSpeed)
    i.USBD_LL_SetUSBAddress                  0x08004574   Section        0  usbd_conf.o(i.USBD_LL_SetUSBAddress)
    i.USBD_LL_SetupStage                     0x08004594   Section        0  usbd_core.o(i.USBD_LL_SetupStage)
    i.USBD_LL_StallEP                        0x080045ee   Section        0  usbd_conf.o(i.USBD_LL_StallEP)
    i.USBD_LL_Start                          0x0800460e   Section        0  usbd_conf.o(i.USBD_LL_Start)
    i.USBD_LL_Suspend                        0x0800462e   Section        0  usbd_core.o(i.USBD_LL_Suspend)
    i.USBD_LL_Transmit                       0x08004640   Section        0  usbd_conf.o(i.USBD_LL_Transmit)
    i.USBD_ParseSetupRequest                 0x08004660   Section        0  usbd_ctlreq.o(i.USBD_ParseSetupRequest)
    i.USBD_RegisterClass                     0x08004688   Section        0  usbd_core.o(i.USBD_RegisterClass)
    i.USBD_SetClassConfig                    0x08004698   Section        0  usbd_core.o(i.USBD_SetClassConfig)
    i.USBD_SetConfig                         0x080046b0   Section        0  usbd_ctlreq.o(i.USBD_SetConfig)
    USBD_SetConfig                           0x080046b1   Thumb Code   128  usbd_ctlreq.o(i.USBD_SetConfig)
    i.USBD_Start                             0x08004734   Section        0  usbd_core.o(i.USBD_Start)
    i.USBD_StdDevReq                         0x0800473e   Section        0  usbd_ctlreq.o(i.USBD_StdDevReq)
    i.USBD_StdEPReq                          0x08004850   Section        0  usbd_ctlreq.o(i.USBD_StdEPReq)
    i.USBD_StdItfReq                         0x080049a0   Section        0  usbd_ctlreq.o(i.USBD_StdItfReq)
    i.USBD_static_free                       0x080049ee   Section        0  usbd_conf.o(i.USBD_static_free)
    i.USBD_static_malloc                     0x080049f0   Section        0  usbd_conf.o(i.USBD_static_malloc)
    i.USB_ActivateEndpoint                   0x080049f8   Section        0  stm32l4xx_ll_usb.o(i.USB_ActivateEndpoint)
    i.USB_CoreInit                           0x08004c5e   Section        0  stm32l4xx_ll_usb.o(i.USB_CoreInit)
    i.USB_DeactivateEndpoint                 0x08004c62   Section        0  stm32l4xx_ll_usb.o(i.USB_DeactivateEndpoint)
    i.USB_DevConnect                         0x08004d70   Section        0  stm32l4xx_ll_usb.o(i.USB_DevConnect)
    i.USB_DevDisconnect                      0x08004d7e   Section        0  stm32l4xx_ll_usb.o(i.USB_DevDisconnect)
    i.USB_DevInit                            0x08004d8c   Section        0  stm32l4xx_ll_usb.o(i.USB_DevInit)
    i.USB_DisableGlobalInt                   0x08004daa   Section        0  stm32l4xx_ll_usb.o(i.USB_DisableGlobalInt)
    i.USB_EP0_OutStart                       0x08004dba   Section        0  stm32l4xx_ll_usb.o(i.USB_EP0_OutStart)
    i.USB_EPClearStall                       0x08004dbe   Section        0  stm32l4xx_ll_usb.o(i.USB_EPClearStall)
    i.USB_EPSetStall                         0x08004e36   Section        0  stm32l4xx_ll_usb.o(i.USB_EPSetStall)
    i.USB_EPStartXfer                        0x08004e68   Section        0  stm32l4xx_ll_usb.o(i.USB_EPStartXfer)
    i.USB_EnableGlobalInt                    0x08005004   Section        0  stm32l4xx_ll_usb.o(i.USB_EnableGlobalInt)
    i.USB_IRQHandler                         0x08005014   Section        0  stm32l4xx_it.o(i.USB_IRQHandler)
    i.USB_ReadInterrupts                     0x08005020   Section        0  stm32l4xx_ll_usb.o(i.USB_ReadInterrupts)
    i.USB_ReadPMA                            0x08005026   Section        0  stm32l4xx_ll_usb.o(i.USB_ReadPMA)
    i.USB_SetCurrentMode                     0x0800504e   Section        0  stm32l4xx_ll_usb.o(i.USB_SetCurrentMode)
    i.USB_SetDevAddress                      0x08005052   Section        0  stm32l4xx_ll_usb.o(i.USB_SetDevAddress)
    i.USB_WritePMA                           0x08005060   Section        0  stm32l4xx_ll_usb.o(i.USB_WritePMA)
    i.UsageFault_Handler                     0x08005086   Section        0  stm32l4xx_it.o(i.UsageFault_Handler)
    i.__NVIC_SetPriority                     0x08005088   Section        0  stm32l4xx_hal_cortex.o(i.__NVIC_SetPriority)
    __NVIC_SetPriority                       0x08005089   Thumb Code    32  stm32l4xx_hal_cortex.o(i.__NVIC_SetPriority)
    i.__scatterload_copy                     0x080050a8   Section       14  handlers.o(i.__scatterload_copy)
    i.__scatterload_null                     0x080050b6   Section        2  handlers.o(i.__scatterload_null)
    i.__scatterload_zeroinit                 0x080050b8   Section       14  handlers.o(i.__scatterload_zeroinit)
    i.assert_failed                          0x080050c6   Section        0  main.o(i.assert_failed)
    i.free                                   0x080050c8   Section        0  malloc.o(i.free)
    i.main                                   0x08005118   Section        0  main.o(i.main)
    i.queue_get_front                        0x080051c0   Section        0  queue.o(i.queue_get_front)
    i.queue_get_frontl                       0x080051e0   Section        0  queue.o(i.queue_get_frontl)
    i.queue_init                             0x080051e6   Section        0  queue.o(i.queue_init)
    i.queue_pop                              0x080051f0   Section        0  queue.o(i.queue_pop)
    .constdata                               0x08005204   Section       64  system_stm32l4xx.o(.constdata)
    .constdata                               0x08005244   Section        8  system_stm32l4xx.o(.constdata)
    .data                                    0x20000000   Section        2  main.o(.data)
    .data                                    0x20000004   Section       32  usbd_desc.o(.data)
    .data                                    0x20000024   Section       62  usbd_desc.o(.data)
    .data                                    0x20000064   Section       16  usbd_cdc_if.o(.data)
    .data                                    0x20000074   Section       12  stm32l4xx_hal.o(.data)
    .data                                    0x20000080   Section        4  system_stm32l4xx.o(.data)
    .data                                    0x20000084   Section        1  usbd_ctlreq.o(.data)
    cfgidx                                   0x20000084   Data           1  usbd_ctlreq.o(.data)
    .data                                    0x20000088   Section      215  usbd_cdc.o(.data)
    USBD_CDC_DeviceQualifierDesc             0x20000088   Data          10  usbd_cdc.o(.data)
    .data                                    0x20000160   Section       56  usbd_cdc.o(.data)
    .data                                    0x20000198   Section        4  mvars.o(.data)
    .bss                                     0x2000019c   Section      508  main.o(.bss)
    .bss                                     0x20000398   Section       72  main.o(.bss)
    .bss                                     0x200003e0   Section       72  main.o(.bss)
    .bss                                     0x20000428   Section      708  usb_device.o(.bss)
    .bss                                     0x200006ec   Section     1172  usbd_conf.o(.bss)
    mem                                      0x200006ec   Data         544  usbd_conf.o(.bss)
    .bss                                     0x20000b80   Section      512  usbd_desc.o(.bss)
    .bss                                     0x20000d80   Section     4096  usbd_cdc_if.o(.bss)
    STACK                                    0x20001d80   Section     1024  startup_stm32l452xx.o(STACK)

    Global Symbols

    Symbol Name                              Value     Ov Type        Size  Object(Section)

    BuildAttributes$$THM_ISAv4$E$P$D$K$B$S$7EM$VFPi3$EXTD16$VFPS$VFMA$PE$A:L22UL41UL21$X:L11$S22US41US21$IEEE1$IW$USESV6$~STKCKD$USESV7$~SHL$OSPACE$EBA8$MICROLIB$REQ8$PRES8$EABIv2 0x00000000   Number         0  anon$$obj.o ABSOLUTE
    __ARM_use_no_argv                        0x00000000   Number         0  main.o ABSOLUTE
    __cpp_initialize__aeabi_                  - Undefined Weak Reference
    __cxa_finalize                            - Undefined Weak Reference
    _clock_init                               - Undefined Weak Reference
    _microlib_exit                            - Undefined Weak Reference
    __Vectors_Size                           0x00000194   Number         0  startup_stm32l452xx.o ABSOLUTE
    __Vectors                                0x08000000   Data           4  startup_stm32l452xx.o(RESET)
    __Vectors_End                            0x08000194   Data           0  startup_stm32l452xx.o(RESET)
    __main                                   0x08000195   Thumb Code     0  entry.o(.ARM.Collect$$$$00000000)
    _main_stk                                0x08000195   Thumb Code     0  entry2.o(.ARM.Collect$$$$00000001)
    _main_scatterload                        0x08000199   Thumb Code     0  entry5.o(.ARM.Collect$$$$00000004)
    __main_after_scatterload                 0x0800019d   Thumb Code     0  entry5.o(.ARM.Collect$$$$00000004)
    _main_clock                              0x0800019d   Thumb Code     0  entry7b.o(.ARM.Collect$$$$00000008)
    _main_cpp_init                           0x0800019d   Thumb Code     0  entry8b.o(.ARM.Collect$$$$0000000A)
    _main_init                               0x0800019d   Thumb Code     0  entry9a.o(.ARM.Collect$$$$0000000B)
    __rt_final_cpp                           0x080001a5   Thumb Code     0  entry10a.o(.ARM.Collect$$$$0000000D)
    __rt_final_exit                          0x080001a5   Thumb Code     0  entry11a.o(.ARM.Collect$$$$0000000F)
    Reset_Handler                            0x080001a9   Thumb Code     8  startup_stm32l452xx.o(.text)
    ADC1_IRQHandler                          0x080001c3   Thumb Code     0  startup_stm32l452xx.o(.text)
    CAN1_RX0_IRQHandler                      0x080001c3   Thumb Code     0  startup_stm32l452xx.o(.text)
    CAN1_RX1_IRQHandler                      0x080001c3   Thumb Code     0  startup_stm32l452xx.o(.text)
    CAN1_SCE_IRQHandler                      0x080001c3   Thumb Code     0  startup_stm32l452xx.o(.text)
    CAN1_TX_IRQHandler                       0x080001c3   Thumb Code     0  startup_stm32l452xx.o(.text)
    COMP_IRQHandler                          0x080001c3   Thumb Code     0  startup_stm32l452xx.o(.text)
    CRS_IRQHandler                           0x080001c3   Thumb Code     0  startup_stm32l452xx.o(.text)
    DFSDM1_FLT0_IRQHandler                   0x080001c3   Thumb Code     0  startup_stm32l452xx.o(.text)
    DFSDM1_FLT1_IRQHandler                   0x080001c3   Thumb Code     0  startup_stm32l452xx.o(.text)
    DMA1_Channel1_IRQHandler                 0x080001c3   Thumb Code     0  startup_stm32l452xx.o(.text)
    DMA1_Channel4_IRQHandler                 0x080001c3   Thumb Code     0  startup_stm32l452xx.o(.text)
    DMA1_Channel5_IRQHandler                 0x080001c3   Thumb Code     0  startup_stm32l452xx.o(.text)
    DMA1_Channel6_IRQHandler                 0x080001c3   Thumb Code     0  startup_stm32l452xx.o(.text)
    DMA1_Channel7_IRQHandler                 0x080001c3   Thumb Code     0  startup_stm32l452xx.o(.text)
    DMA2_Channel1_IRQHandler                 0x080001c3   Thumb Code     0  startup_stm32l452xx.o(.text)
    DMA2_Channel2_IRQHandler                 0x080001c3   Thumb Code     0  startup_stm32l452xx.o(.text)
    DMA2_Channel3_IRQHandler                 0x080001c3   Thumb Code     0  startup_stm32l452xx.o(.text)
    DMA2_Channel4_IRQHandler                 0x080001c3   Thumb Code     0  startup_stm32l452xx.o(.text)
    DMA2_Channel5_IRQHandler                 0x080001c3   Thumb Code     0  startup_stm32l452xx.o(.text)
    DMA2_Channel6_IRQHandler                 0x080001c3   Thumb Code     0  startup_stm32l452xx.o(.text)
    DMA2_Channel7_IRQHandler                 0x080001c3   Thumb Code     0  startup_stm32l452xx.o(.text)
    EXTI0_IRQHandler                         0x080001c3   Thumb Code     0  startup_stm32l452xx.o(.text)
    EXTI15_10_IRQHandler                     0x080001c3   Thumb Code     0  startup_stm32l452xx.o(.text)
    EXTI1_IRQHandler                         0x080001c3   Thumb Code     0  startup_stm32l452xx.o(.text)
    EXTI2_IRQHandler                         0x080001c3   Thumb Code     0  startup_stm32l452xx.o(.text)
    EXTI3_IRQHandler                         0x080001c3   Thumb Code     0  startup_stm32l452xx.o(.text)
    EXTI4_IRQHandler                         0x080001c3   Thumb Code     0  startup_stm32l452xx.o(.text)
    EXTI9_5_IRQHandler                       0x080001c3   Thumb Code     0  startup_stm32l452xx.o(.text)
    FLASH_IRQHandler                         0x080001c3   Thumb Code     0  startup_stm32l452xx.o(.text)
    FPU_IRQHandler                           0x080001c3   Thumb Code     0  startup_stm32l452xx.o(.text)
    I2C1_ER_IRQHandler                       0x080001c3   Thumb Code     0  startup_stm32l452xx.o(.text)
    I2C1_EV_IRQHandler                       0x080001c3   Thumb Code     0  startup_stm32l452xx.o(.text)
    I2C2_ER_IRQHandler                       0x080001c3   Thumb Code     0  startup_stm32l452xx.o(.text)
    I2C2_EV_IRQHandler                       0x080001c3   Thumb Code     0  startup_stm32l452xx.o(.text)
    I2C3_ER_IRQHandler                       0x080001c3   Thumb Code     0  startup_stm32l452xx.o(.text)
    I2C3_EV_IRQHandler                       0x080001c3   Thumb Code     0  startup_stm32l452xx.o(.text)
    I2C4_ER_IRQHandler                       0x080001c3   Thumb Code     0  startup_stm32l452xx.o(.text)
    I2C4_EV_IRQHandler                       0x080001c3   Thumb Code     0  startup_stm32l452xx.o(.text)
    LPTIM1_IRQHandler                        0x080001c3   Thumb Code     0  startup_stm32l452xx.o(.text)
    LPTIM2_IRQHandler                        0x080001c3   Thumb Code     0  startup_stm32l452xx.o(.text)
    LPUART1_IRQHandler                       0x080001c3   Thumb Code     0  startup_stm32l452xx.o(.text)
    PVD_PVM_IRQHandler                       0x080001c3   Thumb Code     0  startup_stm32l452xx.o(.text)
    QUADSPI_IRQHandler                       0x080001c3   Thumb Code     0  startup_stm32l452xx.o(.text)
    RCC_IRQHandler                           0x080001c3   Thumb Code     0  startup_stm32l452xx.o(.text)
    RNG_IRQHandler                           0x080001c3   Thumb Code     0  startup_stm32l452xx.o(.text)
    RTC_Alarm_IRQHandler                     0x080001c3   Thumb Code     0  startup_stm32l452xx.o(.text)
    RTC_WKUP_IRQHandler                      0x080001c3   Thumb Code     0  startup_stm32l452xx.o(.text)
    SAI1_IRQHandler                          0x080001c3   Thumb Code     0  startup_stm32l452xx.o(.text)
    SDMMC1_IRQHandler                        0x080001c3   Thumb Code     0  startup_stm32l452xx.o(.text)
    SPI1_IRQHandler                          0x080001c3   Thumb Code     0  startup_stm32l452xx.o(.text)
    SPI2_IRQHandler                          0x080001c3   Thumb Code     0  startup_stm32l452xx.o(.text)
    SPI3_IRQHandler                          0x080001c3   Thumb Code     0  startup_stm32l452xx.o(.text)
    TAMP_STAMP_IRQHandler                    0x080001c3   Thumb Code     0  startup_stm32l452xx.o(.text)
    TIM1_BRK_TIM15_IRQHandler                0x080001c3   Thumb Code     0  startup_stm32l452xx.o(.text)
    TIM1_CC_IRQHandler                       0x080001c3   Thumb Code     0  startup_stm32l452xx.o(.text)
    TIM1_TRG_COM_IRQHandler                  0x080001c3   Thumb Code     0  startup_stm32l452xx.o(.text)
    TIM1_UP_TIM16_IRQHandler                 0x080001c3   Thumb Code     0  startup_stm32l452xx.o(.text)
    TIM2_IRQHandler                          0x080001c3   Thumb Code     0  startup_stm32l452xx.o(.text)
    TIM3_IRQHandler                          0x080001c3   Thumb Code     0  startup_stm32l452xx.o(.text)
    TIM6_DAC_IRQHandler                      0x080001c3   Thumb Code     0  startup_stm32l452xx.o(.text)
    TSC_IRQHandler                           0x080001c3   Thumb Code     0  startup_stm32l452xx.o(.text)
    UART4_IRQHandler                         0x080001c3   Thumb Code     0  startup_stm32l452xx.o(.text)
    USART1_IRQHandler                        0x080001c3   Thumb Code     0  startup_stm32l452xx.o(.text)
    USART2_IRQHandler                        0x080001c3   Thumb Code     0  startup_stm32l452xx.o(.text)
    USART3_IRQHandler                        0x080001c3   Thumb Code     0  startup_stm32l452xx.o(.text)
    WWDG_IRQHandler                          0x080001c3   Thumb Code     0  startup_stm32l452xx.o(.text)
    __aeabi_uldivmod                         0x080001cd   Thumb Code    98  uldiv.o(.text)
    __aeabi_memcpy                           0x0800022f   Thumb Code    36  memcpya.o(.text)
    __aeabi_memcpy4                          0x0800022f   Thumb Code     0  memcpya.o(.text)
    __aeabi_memcpy8                          0x0800022f   Thumb Code     0  memcpya.o(.text)
    __aeabi_memset                           0x08000253   Thumb Code    14  memseta.o(.text)
    __aeabi_memset4                          0x08000253   Thumb Code     0  memseta.o(.text)
    __aeabi_memset8                          0x08000253   Thumb Code     0  memseta.o(.text)
    __aeabi_memclr                           0x08000261   Thumb Code     4  memseta.o(.text)
    __aeabi_memclr4                          0x08000261   Thumb Code     0  memseta.o(.text)
    __aeabi_memclr8                          0x08000261   Thumb Code     0  memseta.o(.text)
    _memset$wrapper                          0x08000265   Thumb Code    18  memseta.o(.text)
    __aeabi_llsl                             0x08000277   Thumb Code    30  llshl.o(.text)
    _ll_shift_l                              0x08000277   Thumb Code     0  llshl.o(.text)
    __aeabi_llsr                             0x08000295   Thumb Code    32  llushr.o(.text)
    _ll_ushift_r                             0x08000295   Thumb Code     0  llushr.o(.text)
    __scatterload                            0x080002b5   Thumb Code    28  init.o(.text)
    __scatterload_rt2                        0x080002b5   Thumb Code     0  init.o(.text)
    __decompress                             0x080002d9   Thumb Code     0  __dczerorl2.o(.text)
    __decompress1                            0x080002d9   Thumb Code    86  __dczerorl2.o(.text)
    BusFault_Handler                         0x0800032f   Thumb Code     2  stm32l4xx_it.o(i.BusFault_Handler)
    CDC_Transmit_FS                          0x08000375   Thumb Code    38  usbd_cdc_if.o(i.CDC_Transmit_FS)
    DMA1_Channel2_IRQHandler                 0x080003a1   Thumb Code     6  stm32l4xx_it.o(i.DMA1_Channel2_IRQHandler)
    DMA1_Channel3_IRQHandler                 0x080003ad   Thumb Code     6  stm32l4xx_it.o(i.DMA1_Channel3_IRQHandler)
    DebugMon_Handler                         0x080003e7   Thumb Code     2  stm32l4xx_it.o(i.DebugMon_Handler)
    Error_Handler                            0x080003e9   Thumb Code     2  main.o(i.Error_Handler)
    HAL_DMA_IRQHandler                       0x080003eb   Thumb Code   186  stm32l4xx_hal_dma.o(i.HAL_DMA_IRQHandler)
    HAL_DMA_Init                             0x080004a5   Thumb Code   494  stm32l4xx_hal_dma.o(i.HAL_DMA_Init)
    HAL_DMA_Start_IT                         0x080006d5   Thumb Code   148  stm32l4xx_hal_dma.o(i.HAL_DMA_Start_IT)
    HAL_GPIO_Init                            0x080007a1   Thumb Code   584  stm32l4xx_hal_gpio.o(i.HAL_GPIO_Init)
    HAL_GPIO_WritePin                        0x08000a5d   Thumb Code    44  stm32l4xx_hal_gpio.o(i.HAL_GPIO_WritePin)
    HAL_GetTick                              0x08000ac5   Thumb Code     6  stm32l4xx_hal.o(i.HAL_GetTick)
    HAL_IncTick                              0x08000ad1   Thumb Code    12  stm32l4xx_hal.o(i.HAL_IncTick)
    HAL_Init                                 0x08000ae1   Thumb Code    40  stm32l4xx_hal.o(i.HAL_Init)
    HAL_InitTick                             0x08000b0d   Thumb Code    58  stm32l4xx_hal.o(i.HAL_InitTick)
    HAL_MspInit                              0x08000b51   Thumb Code    38  stm32l4xx_hal_msp.o(i.HAL_MspInit)
    HAL_NVIC_EnableIRQ                       0x08000b7d   Thumb Code    40  stm32l4xx_hal_cortex.o(i.HAL_NVIC_EnableIRQ)
    HAL_NVIC_SetPriority                     0x08000be1   Thumb Code    94  stm32l4xx_hal_cortex.o(i.HAL_NVIC_SetPriority)
    HAL_NVIC_SetPriorityGrouping             0x08000c81   Thumb Code    58  stm32l4xx_hal_cortex.o(i.HAL_NVIC_SetPriorityGrouping)
    HAL_PCDEx_ActivateLPM                    0x08000d01   Thumb Code    36  stm32l4xx_hal_pcd_ex.o(i.HAL_PCDEx_ActivateLPM)
    HAL_PCDEx_LPM_Callback                   0x08000d25   Thumb Code    64  usbd_conf.o(i.HAL_PCDEx_LPM_Callback)
    HAL_PCDEx_PMAConfig                      0x08000d69   Thumb Code    52  stm32l4xx_hal_pcd_ex.o(i.HAL_PCDEx_PMAConfig)
    HAL_PCD_DataInStageCallback              0x08000d9d   Thumb Code    14  usbd_conf.o(i.HAL_PCD_DataInStageCallback)
    HAL_PCD_DataOutStageCallback             0x08000dab   Thumb Code    16  usbd_conf.o(i.HAL_PCD_DataOutStageCallback)
    HAL_PCD_EP_Close                         0x08000dbb   Thumb Code    72  stm32l4xx_hal_pcd.o(i.HAL_PCD_EP_Close)
    HAL_PCD_EP_ClrStall                      0x08000e03   Thumb Code    88  stm32l4xx_hal_pcd.o(i.HAL_PCD_EP_ClrStall)
    HAL_PCD_EP_GetRxCount                    0x08000e5b   Thumb Code    14  stm32l4xx_hal_pcd.o(i.HAL_PCD_EP_GetRxCount)
    HAL_PCD_EP_Open                          0x08000e69   Thumb Code    92  stm32l4xx_hal_pcd.o(i.HAL_PCD_EP_Open)
    HAL_PCD_EP_Receive                       0x08000ec5   Thumb Code    46  stm32l4xx_hal_pcd.o(i.HAL_PCD_EP_Receive)
    HAL_PCD_EP_SetStall                      0x08000ef3   Thumb Code   106  stm32l4xx_hal_pcd.o(i.HAL_PCD_EP_SetStall)
    HAL_PCD_EP_Transmit                      0x08000f5d   Thumb Code    42  stm32l4xx_hal_pcd.o(i.HAL_PCD_EP_Transmit)
    HAL_PCD_IRQHandler                       0x08000f87   Thumb Code   368  stm32l4xx_hal_pcd.o(i.HAL_PCD_IRQHandler)
    HAL_PCD_Init                             0x080010f9   Thumb Code   238  stm32l4xx_hal_pcd.o(i.HAL_PCD_Init)
    HAL_PCD_MspInit                          0x08001225   Thumb Code   108  usbd_conf.o(i.HAL_PCD_MspInit)
    HAL_PCD_ResetCallback                    0x08001299   Thumb Code    38  usbd_conf.o(i.HAL_PCD_ResetCallback)
    HAL_PCD_ResumeCallback                   0x080012c1   Thumb Code    34  usbd_conf.o(i.HAL_PCD_ResumeCallback)
    HAL_PCD_SOFCallback                      0x080012e9   Thumb Code     8  usbd_conf.o(i.HAL_PCD_SOFCallback)
    HAL_PCD_SetAddress                       0x080012f1   Thumb Code    40  stm32l4xx_hal_pcd.o(i.HAL_PCD_SetAddress)
    HAL_PCD_SetupStageCallback               0x08001319   Thumb Code    14  usbd_conf.o(i.HAL_PCD_SetupStageCallback)
    HAL_PCD_Start                            0x08001327   Thumb Code    42  stm32l4xx_hal_pcd.o(i.HAL_PCD_Start)
    HAL_PCD_SuspendCallback                  0x08001351   Thumb Code    30  usbd_conf.o(i.HAL_PCD_SuspendCallback)
    HAL_PWREx_ControlVoltageScaling          0x08001375   Thumb Code   112  stm32l4xx_hal_pwr_ex.o(i.HAL_PWREx_ControlVoltageScaling)
    HAL_PWREx_EnableVddUSB                   0x0800142d   Thumb Code    12  stm32l4xx_hal_pwr_ex.o(i.HAL_PWREx_EnableVddUSB)
    HAL_PWREx_GetVoltageRange                0x0800143d   Thumb Code    10  stm32l4xx_hal_pwr_ex.o(i.HAL_PWREx_GetVoltageRange)
    HAL_RCCEx_PeriphCLKConfig                0x0800144d   Thumb Code  1424  stm32l4xx_hal_rcc_ex.o(i.HAL_RCCEx_PeriphCLKConfig)
    HAL_RCC_CSSCallback                      0x080019dd   Thumb Code     2  stm32l4xx_hal_rcc.o(i.HAL_RCC_CSSCallback)
    HAL_RCC_ClockConfig                      0x080019e1   Thumb Code   468  stm32l4xx_hal_rcc.o(i.HAL_RCC_ClockConfig)
    HAL_RCC_EnableCSS                        0x08001c01   Thumb Code    12  stm32l4xx_hal_rcc.o(i.HAL_RCC_EnableCSS)
    HAL_RCC_GetPCLK1Freq                     0x08001c11   Thumb Code    24  stm32l4xx_hal_rcc.o(i.HAL_RCC_GetPCLK1Freq)
    HAL_RCC_GetPCLK2Freq                     0x08001c35   Thumb Code    24  stm32l4xx_hal_rcc.o(i.HAL_RCC_GetPCLK2Freq)
    HAL_RCC_GetSysClockFreq                  0x08001c59   Thumb Code   150  stm32l4xx_hal_rcc.o(i.HAL_RCC_GetSysClockFreq)
    HAL_RCC_NMI_IRQHandler                   0x08001cfd   Thumb Code    20  stm32l4xx_hal_rcc.o(i.HAL_RCC_NMI_IRQHandler)
    HAL_RCC_OscConfig                        0x08001d15   Thumb Code  1868  stm32l4xx_hal_rcc.o(i.HAL_RCC_OscConfig)
    HAL_SPI_ErrorCallback                    0x08002469   Thumb Code     2  main.o(i.HAL_SPI_ErrorCallback)
    HAL_SPI_Init                             0x0800246d   Thumb Code   502  stm32l4xx_hal_spi.o(i.HAL_SPI_Init)
    HAL_SPI_MspInit                          0x080026a9   Thumb Code   216  stm32l4xx_hal_msp.o(i.HAL_SPI_MspInit)
    HAL_SPI_RxCpltCallback                   0x08002799   Thumb Code     2  stm32l4xx_hal_spi.o(i.HAL_SPI_RxCpltCallback)
    HAL_SPI_RxHalfCpltCallback               0x0800279b   Thumb Code     2  stm32l4xx_hal_spi.o(i.HAL_SPI_RxHalfCpltCallback)
    HAL_SPI_TransmitReceive_DMA              0x0800279d   Thumb Code   484  stm32l4xx_hal_spi.o(i.HAL_SPI_TransmitReceive_DMA)
    HAL_SPI_TxRxCpltCallback                 0x080029cd   Thumb Code     2  main.o(i.HAL_SPI_TxRxCpltCallback)
    HAL_SPI_TxRxHalfCpltCallback             0x080029cf   Thumb Code     2  stm32l4xx_hal_spi.o(i.HAL_SPI_TxRxHalfCpltCallback)
    HAL_SYSTICK_Config                       0x080029d1   Thumb Code    40  stm32l4xx_hal_cortex.o(i.HAL_SYSTICK_Config)
    HAL_UART_Init                            0x080029f9   Thumb Code   174  stm32l4xx_hal_uart.o(i.HAL_UART_Init)
    HAL_UART_MspInit                         0x08002af9   Thumb Code    90  stm32l4xx_hal_msp.o(i.HAL_UART_MspInit)
    HardFault_Handler                        0x08002b5d   Thumb Code     2  stm32l4xx_it.o(i.HardFault_Handler)
    MX_USB_DEVICE_Init                       0x08002cd1   Thumb Code    66  usb_device.o(i.MX_USB_DEVICE_Init)
    MemManage_Handler                        0x08002d25   Thumb Code     2  stm32l4xx_it.o(i.MemManage_Handler)
    NMI_Handler                              0x08002d27   Thumb Code     4  stm32l4xx_it.o(i.NMI_Handler)
    PendSV_Handler                           0x08002fcd   Thumb Code     2  stm32l4xx_it.o(i.PendSV_Handler)
    SVC_Handler                              0x0800352b   Thumb Code     2  stm32l4xx_it.o(i.SVC_Handler)
    SysTick_Handler                          0x0800352d   Thumb Code     4  stm32l4xx_it.o(i.SysTick_Handler)
    SystemClock_Config                       0x08003531   Thumb Code   144  main.o(i.SystemClock_Config)
    SystemInit                               0x080035c1   Thumb Code    56  system_stm32l4xx.o(i.SystemInit)
    UART_AdvFeatureConfig                    0x08003605   Thumb Code   448  stm32l4xx_hal_uart.o(i.UART_AdvFeatureConfig)
    UART_CheckIdleState                      0x08003811   Thumb Code    88  stm32l4xx_hal_uart.o(i.UART_CheckIdleState)
    UART_SetConfig                           0x08003869   Thumb Code   794  stm32l4xx_hal_uart.o(i.UART_SetConfig)
    UART_WaitOnFlagUntilTimeout              0x08003bf1   Thumb Code   164  stm32l4xx_hal_uart.o(i.UART_WaitOnFlagUntilTimeout)
    USBD_CDC_GetDeviceQualifierDescriptor    0x08003d71   Thumb Code     8  usbd_cdc.o(i.USBD_CDC_GetDeviceQualifierDescriptor)
    USBD_CDC_ReceivePacket                   0x08003e35   Thumb Code    40  usbd_cdc.o(i.USBD_CDC_ReceivePacket)
    USBD_CDC_RegisterInterface               0x08003e5d   Thumb Code    16  usbd_cdc.o(i.USBD_CDC_RegisterInterface)
    USBD_CDC_SetRxBuffer                     0x08003e6d   Thumb Code    12  usbd_cdc.o(i.USBD_CDC_SetRxBuffer)
    USBD_CDC_SetTxBuffer                     0x08003e79   Thumb Code    16  usbd_cdc.o(i.USBD_CDC_SetTxBuffer)
    USBD_CDC_TransmitPacket                  0x08003f35   Thumb Code    54  usbd_cdc.o(i.USBD_CDC_TransmitPacket)
    USBD_ClrClassConfig                      0x08003f6b   Thumb Code    14  usbd_core.o(i.USBD_ClrClassConfig)
    USBD_CtlContinueRx                       0x08003f79   Thumb Code    16  usbd_ioreq.o(i.USBD_CtlContinueRx)
    USBD_CtlContinueSendData                 0x08003f89   Thumb Code    16  usbd_ioreq.o(i.USBD_CtlContinueSendData)
    USBD_CtlError                            0x08003f99   Thumb Code    22  usbd_ctlreq.o(i.USBD_CtlError)
    USBD_CtlPrepareRx                        0x08003faf   Thumb Code    30  usbd_ioreq.o(i.USBD_CtlPrepareRx)
    USBD_CtlReceiveStatus                    0x08003fcd   Thumb Code    22  usbd_ioreq.o(i.USBD_CtlReceiveStatus)
    USBD_CtlSendData                         0x08003fe3   Thumb Code    26  usbd_ioreq.o(i.USBD_CtlSendData)
    USBD_CtlSendStatus                       0x08003ffd   Thumb Code    22  usbd_ioreq.o(i.USBD_CtlSendStatus)
    USBD_FS_ConfigStrDescriptor              0x08004015   Thumb Code    16  usbd_desc.o(i.USBD_FS_ConfigStrDescriptor)
    USBD_FS_DeviceDescriptor                 0x08004035   Thumb Code     8  usbd_desc.o(i.USBD_FS_DeviceDescriptor)
    USBD_FS_InterfaceStrDescriptor           0x08004041   Thumb Code    16  usbd_desc.o(i.USBD_FS_InterfaceStrDescriptor)
    USBD_FS_LangIDStrDescriptor              0x08004065   Thumb Code     8  usbd_desc.o(i.USBD_FS_LangIDStrDescriptor)
    USBD_FS_ManufacturerStrDescriptor        0x08004071   Thumb Code    16  usbd_desc.o(i.USBD_FS_ManufacturerStrDescriptor)
    USBD_FS_ProductStrDescriptor             0x08004099   Thumb Code    16  usbd_desc.o(i.USBD_FS_ProductStrDescriptor)
    USBD_FS_SerialStrDescriptor              0x080040c5   Thumb Code    48  usbd_desc.o(i.USBD_FS_SerialStrDescriptor)
    USBD_FS_USR_BOSDescriptor                0x080040fd   Thumb Code     8  usbd_desc.o(i.USBD_FS_USR_BOSDescriptor)
    USBD_GetString                           0x08004205   Thumb Code    72  usbd_ctlreq.o(i.USBD_GetString)
    USBD_Init                                0x0800424d   Thumb Code    42  usbd_core.o(i.USBD_Init)
    USBD_LL_ClearStallEP                     0x08004277   Thumb Code    32  usbd_conf.o(i.USBD_LL_ClearStallEP)
    USBD_LL_CloseEP                          0x08004297   Thumb Code    32  usbd_conf.o(i.USBD_LL_CloseEP)
    USBD_LL_DataInStage                      0x080042b7   Thumb Code   198  usbd_core.o(i.USBD_LL_DataInStage)
    USBD_LL_DataOutStage                     0x0800437d   Thumb Code   130  usbd_core.o(i.USBD_LL_DataOutStage)
    USBD_LL_GetRxDataSize                    0x080043ff   Thumb Code     8  usbd_conf.o(i.USBD_LL_GetRxDataSize)
    USBD_LL_Init                             0x08004409   Thumb Code   128  usbd_conf.o(i.USBD_LL_Init)
    USBD_LL_IsStallEP                        0x08004491   Thumb Code    28  usbd_conf.o(i.USBD_LL_IsStallEP)
    USBD_LL_OpenEP                           0x080044ad   Thumb Code    38  usbd_conf.o(i.USBD_LL_OpenEP)
    USBD_LL_PrepareReceive                   0x080044d3   Thumb Code    32  usbd_conf.o(i.USBD_LL_PrepareReceive)
    USBD_LL_Reset                            0x080044f3   Thumb Code    80  usbd_core.o(i.USBD_LL_Reset)
    USBD_LL_Resume                           0x08004543   Thumb Code    20  usbd_core.o(i.USBD_LL_Resume)
    USBD_LL_SOF                              0x08004557   Thumb Code    24  usbd_core.o(i.USBD_LL_SOF)
    USBD_LL_SetSpeed                         0x0800456f   Thumb Code     6  usbd_core.o(i.USBD_LL_SetSpeed)
    USBD_LL_SetUSBAddress                    0x08004575   Thumb Code    32  usbd_conf.o(i.USBD_LL_SetUSBAddress)
    USBD_LL_SetupStage                       0x08004595   Thumb Code    90  usbd_core.o(i.USBD_LL_SetupStage)
    USBD_LL_StallEP                          0x080045ef   Thumb Code    32  usbd_conf.o(i.USBD_LL_StallEP)
    USBD_LL_Start                            0x0800460f   Thumb Code    32  usbd_conf.o(i.USBD_LL_Start)
    USBD_LL_Suspend                          0x0800462f   Thumb Code    18  usbd_core.o(i.USBD_LL_Suspend)
    USBD_LL_Transmit                         0x08004641   Thumb Code    32  usbd_conf.o(i.USBD_LL_Transmit)
    USBD_ParseSetupRequest                   0x08004661   Thumb Code    40  usbd_ctlreq.o(i.USBD_ParseSetupRequest)
    USBD_RegisterClass                       0x08004689   Thumb Code    16  usbd_core.o(i.USBD_RegisterClass)
    USBD_SetClassConfig                      0x08004699   Thumb Code    22  usbd_core.o(i.USBD_SetClassConfig)
    USBD_Start                               0x08004735   Thumb Code    10  usbd_core.o(i.USBD_Start)
    USBD_StdDevReq                           0x0800473f   Thumb Code   274  usbd_ctlreq.o(i.USBD_StdDevReq)
    USBD_StdEPReq                            0x08004851   Thumb Code   336  usbd_ctlreq.o(i.USBD_StdEPReq)
    USBD_StdItfReq                           0x080049a1   Thumb Code    78  usbd_ctlreq.o(i.USBD_StdItfReq)
    USBD_static_free                         0x080049ef   Thumb Code     2  usbd_conf.o(i.USBD_static_free)
    USBD_static_malloc                       0x080049f1   Thumb Code     4  usbd_conf.o(i.USBD_static_malloc)
    USB_ActivateEndpoint                     0x080049f9   Thumb Code   614  stm32l4xx_ll_usb.o(i.USB_ActivateEndpoint)
    USB_CoreInit                             0x08004c5f   Thumb Code     4  stm32l4xx_ll_usb.o(i.USB_CoreInit)
    USB_DeactivateEndpoint                   0x08004c63   Thumb Code   270  stm32l4xx_ll_usb.o(i.USB_DeactivateEndpoint)
    USB_DevConnect                           0x08004d71   Thumb Code    14  stm32l4xx_ll_usb.o(i.USB_DevConnect)
    USB_DevDisconnect                        0x08004d7f   Thumb Code    14  stm32l4xx_ll_usb.o(i.USB_DevDisconnect)
    USB_DevInit                              0x08004d8d   Thumb Code    30  stm32l4xx_ll_usb.o(i.USB_DevInit)
    USB_DisableGlobalInt                     0x08004dab   Thumb Code    16  stm32l4xx_ll_usb.o(i.USB_DisableGlobalInt)
    USB_EP0_OutStart                         0x08004dbb   Thumb Code     4  stm32l4xx_ll_usb.o(i.USB_EP0_OutStart)
    USB_EPClearStall                         0x08004dbf   Thumb Code   120  stm32l4xx_ll_usb.o(i.USB_EPClearStall)
    USB_EPSetStall                           0x08004e37   Thumb Code    50  stm32l4xx_ll_usb.o(i.USB_EPSetStall)
    USB_EPStartXfer                          0x08004e69   Thumb Code   412  stm32l4xx_ll_usb.o(i.USB_EPStartXfer)
    USB_EnableGlobalInt                      0x08005005   Thumb Code    16  stm32l4xx_ll_usb.o(i.USB_EnableGlobalInt)
    USB_IRQHandler                           0x08005015   Thumb Code     6  stm32l4xx_it.o(i.USB_IRQHandler)
    USB_ReadInterrupts                       0x08005021   Thumb Code     6  stm32l4xx_ll_usb.o(i.USB_ReadInterrupts)
    USB_ReadPMA                              0x08005027   Thumb Code    40  stm32l4xx_ll_usb.o(i.USB_ReadPMA)
    USB_SetCurrentMode                       0x0800504f   Thumb Code     4  stm32l4xx_ll_usb.o(i.USB_SetCurrentMode)
    USB_SetDevAddress                        0x08005053   Thumb Code    12  stm32l4xx_ll_usb.o(i.USB_SetDevAddress)
    USB_WritePMA                             0x08005061   Thumb Code    38  stm32l4xx_ll_usb.o(i.USB_WritePMA)
    UsageFault_Handler                       0x08005087   Thumb Code     2  stm32l4xx_it.o(i.UsageFault_Handler)
    __scatterload_copy                       0x080050a9   Thumb Code    14  handlers.o(i.__scatterload_copy)
    __scatterload_null                       0x080050b7   Thumb Code     2  handlers.o(i.__scatterload_null)
    __scatterload_zeroinit                   0x080050b9   Thumb Code    14  handlers.o(i.__scatterload_zeroinit)
    assert_failed                            0x080050c7   Thumb Code     2  main.o(i.assert_failed)
    free                                     0x080050c9   Thumb Code    76  malloc.o(i.free)
    main                                     0x08005119   Thumb Code   156  main.o(i.main)
    queue_get_front                          0x080051c1   Thumb Code    32  queue.o(i.queue_get_front)
    queue_get_frontl                         0x080051e1   Thumb Code     6  queue.o(i.queue_get_frontl)
    queue_init                               0x080051e7   Thumb Code    10  queue.o(i.queue_init)
    queue_pop                                0x080051f1   Thumb Code    18  queue.o(i.queue_pop)
    AHBPrescTable                            0x08005204   Data          16  system_stm32l4xx.o(.constdata)
    MSIRangeTable                            0x08005214   Data          48  system_stm32l4xx.o(.constdata)
    APBPrescTable                            0x08005244   Data           8  system_stm32l4xx.o(.constdata)
    Region$$Table$$Base                      0x0800524c   Number         0  anon$$obj.o(Region$$Table)
    Region$$Table$$Limit                     0x0800526c   Number         0  anon$$obj.o(Region$$Table)
    transmit_len                             0x20000000   Data           2  main.o(.data)
    FS_Desc                                  0x20000004   Data          32  usbd_desc.o(.data)
    USBD_LangIDDesc                          0x20000024   Data           4  usbd_desc.o(.data)
    USBD_FS_DeviceDesc                       0x20000028   Data          18  usbd_desc.o(.data)
    USBD_FS_BOSDesc                          0x2000003c   Data          12  usbd_desc.o(.data)
    USBD_StringSerial                        0x20000048   Data          26  usbd_desc.o(.data)
    USBD_Interface_fops_FS                   0x20000064   Data          16  usbd_cdc_if.o(.data)
    uwTickPrio                               0x20000074   Data           4  stm32l4xx_hal.o(.data)
    uwTickFreq                               0x20000078   Data           4  stm32l4xx_hal.o(.data)
    uwTick                                   0x2000007c   Data           4  stm32l4xx_hal.o(.data)
    SystemCoreClock                          0x20000080   Data           4  system_stm32l4xx.o(.data)
    USBD_CDC_CfgHSDesc                       0x20000094   Data          67  usbd_cdc.o(.data)
    USBD_CDC_CfgFSDesc                       0x200000d8   Data          67  usbd_cdc.o(.data)
    USBD_CDC_OtherSpeedCfgDesc               0x2000011c   Data          67  usbd_cdc.o(.data)
    USBD_CDC                                 0x20000160   Data          56  usbd_cdc.o(.data)
    __microlib_freelist                      0x20000198   Data           4  mvars.o(.data)
    hspi1                                    0x2000019c   Data         100  main.o(.bss)
    huart2                                   0x20000200   Data         128  main.o(.bss)
    q_from_tx                                0x20000280   Data          12  main.o(.bss)
    q_from_rx                                0x2000028c   Data          12  main.o(.bss)
    transmit_buff                            0x20000298   Data         128  main.o(.bss)
    receive_buff                             0x20000318   Data         128  main.o(.bss)
    hdma_spi1_rx                             0x20000398   Data          72  main.o(.bss)
    hdma_spi1_tx                             0x200003e0   Data          72  main.o(.bss)
    hUsbDeviceFS                             0x20000428   Data         708  usb_device.o(.bss)
    hpcd_USB_FS                              0x2000090c   Data         628  usbd_conf.o(.bss)
    USBD_StrDesc                             0x20000b80   Data         512  usbd_desc.o(.bss)
    UserRxBufferFS                           0x20000d80   Data        2048  usbd_cdc_if.o(.bss)
    UserTxBufferFS                           0x20001580   Data        2048  usbd_cdc_if.o(.bss)
    __initial_sp                             0x20002180   Data           0  startup_stm32l452xx.o(STACK)



==============================================================================

Memory Map of the image

  Image Entry point : 0x08000195

  Load Region LR_IROM1 (Base: 0x08000000, Size: 0x00005408, Max: 0x00080000, ABSOLUTE, COMPRESSED[0x0000533c])

    Execution Region ER_IROM1 (Base: 0x08000000, Size: 0x0000526c, Max: 0x00080000, ABSOLUTE)

    Base Addr    Size         Type   Attr      Idx    E Section Name        Object

    0x08000000   0x00000194   Data   RO            3    RESET               startup_stm32l452xx.o
    0x08000194   0x00000000   Code   RO         4512  * .ARM.Collect$$$$00000000  mc_w.l(entry.o)
    0x08000194   0x00000004   Code   RO         4551    .ARM.Collect$$$$00000001  mc_w.l(entry2.o)
    0x08000198   0x00000004   Code   RO         4554    .ARM.Collect$$$$00000004  mc_w.l(entry5.o)
    0x0800019c   0x00000000   Code   RO         4556    .ARM.Collect$$$$00000008  mc_w.l(entry7b.o)
    0x0800019c   0x00000000   Code   RO         4558    .ARM.Collect$$$$0000000A  mc_w.l(entry8b.o)
    0x0800019c   0x00000008   Code   RO         4559    .ARM.Collect$$$$0000000B  mc_w.l(entry9a.o)
    0x080001a4   0x00000000   Code   RO         4561    .ARM.Collect$$$$0000000D  mc_w.l(entry10a.o)
    0x080001a4   0x00000000   Code   RO         4563    .ARM.Collect$$$$0000000F  mc_w.l(entry11a.o)
    0x080001a4   0x00000004   Code   RO         4552    .ARM.Collect$$$$00002712  mc_w.l(entry2.o)
    0x080001a8   0x00000024   Code   RO            4    .text               startup_stm32l452xx.o
    0x080001cc   0x00000062   Code   RO         4515    .text               mc_w.l(uldiv.o)
    0x0800022e   0x00000024   Code   RO         4517    .text               mc_w.l(memcpya.o)
    0x08000252   0x00000024   Code   RO         4519    .text               mc_w.l(memseta.o)
    0x08000276   0x0000001e   Code   RO         4565    .text               mc_w.l(llshl.o)
    0x08000294   0x00000020   Code   RO         4567    .text               mc_w.l(llushr.o)
    0x080002b4   0x00000024   Code   RO         4571    .text               mc_w.l(init.o)
    0x080002d8   0x00000056   Code   RO         4581    .text               mc_w.l(__dczerorl2.o)
    0x0800032e   0x00000002   Code   RO          696    i.BusFault_Handler  stm32l4xx_it.o
    0x08000330   0x00000004   Code   RO          644    i.CDC_Control_FS    usbd_cdc_if.o
    0x08000334   0x00000004   Code   RO          645    i.CDC_DeInit_FS     usbd_cdc_if.o
    0x08000338   0x00000024   Code   RO          646    i.CDC_Init_FS       usbd_cdc_if.o
    0x0800035c   0x00000018   Code   RO          647    i.CDC_Receive_FS    usbd_cdc_if.o
    0x08000374   0x0000002c   Code   RO          648    i.CDC_Transmit_FS   usbd_cdc_if.o
    0x080003a0   0x0000000c   Code   RO          697    i.DMA1_Channel2_IRQHandler  stm32l4xx_it.o
    0x080003ac   0x0000000c   Code   RO          698    i.DMA1_Channel3_IRQHandler  stm32l4xx_it.o
    0x080003b8   0x0000002e   Code   RO         2625    i.DMA_SetConfig     stm32l4xx_hal_dma.o
    0x080003e6   0x00000002   Code   RO          699    i.DebugMon_Handler  stm32l4xx_it.o
    0x080003e8   0x00000002   Code   RO           88    i.Error_Handler     main.o
    0x080003ea   0x000000ba   Code   RO         2631    i.HAL_DMA_IRQHandler  stm32l4xx_hal_dma.o
    0x080004a4   0x00000230   Code   RO         2632    i.HAL_DMA_Init      stm32l4xx_hal_dma.o
    0x080006d4   0x000000cc   Code   RO         2636    i.HAL_DMA_Start_IT  stm32l4xx_hal_dma.o
    0x080007a0   0x000002bc   Code   RO         2562    i.HAL_GPIO_Init     stm32l4xx_hal_gpio.o
    0x08000a5c   0x00000068   Code   RO         2566    i.HAL_GPIO_WritePin  stm32l4xx_hal_gpio.o
    0x08000ac4   0x0000000c   Code   RO         1328    i.HAL_GetTick       stm32l4xx_hal.o
    0x08000ad0   0x00000010   Code   RO         1334    i.HAL_IncTick       stm32l4xx_hal.o
    0x08000ae0   0x0000002c   Code   RO         1335    i.HAL_Init          stm32l4xx_hal.o
    0x08000b0c   0x00000044   Code   RO         1336    i.HAL_InitTick      stm32l4xx_hal.o
    0x08000b50   0x0000002c   Code   RO          790    i.HAL_MspInit       stm32l4xx_hal_msp.o
    0x08000b7c   0x00000064   Code   RO         3079    i.HAL_NVIC_EnableIRQ  stm32l4xx_hal_cortex.o
    0x08000be0   0x000000a0   Code   RO         3085    i.HAL_NVIC_SetPriority  stm32l4xx_hal_cortex.o
    0x08000c80   0x00000080   Code   RO         3086    i.HAL_NVIC_SetPriorityGrouping  stm32l4xx_hal_cortex.o
    0x08000d00   0x00000024   Code   RO         1055    i.HAL_PCDEx_ActivateLPM  stm32l4xx_hal_pcd_ex.o
    0x08000d24   0x00000044   Code   RO          345    i.HAL_PCDEx_LPM_Callback  usbd_conf.o
    0x08000d68   0x00000034   Code   RO         1061    i.HAL_PCDEx_PMAConfig  stm32l4xx_hal_pcd_ex.o
    0x08000d9c   0x0000000e   Code   RO          347    i.HAL_PCD_DataInStageCallback  usbd_conf.o
    0x08000daa   0x00000010   Code   RO          348    i.HAL_PCD_DataOutStageCallback  usbd_conf.o
    0x08000dba   0x00000048   Code   RO          848    i.HAL_PCD_EP_Close  stm32l4xx_hal_pcd.o
    0x08000e02   0x00000058   Code   RO          849    i.HAL_PCD_EP_ClrStall  stm32l4xx_hal_pcd.o
    0x08000e5a   0x0000000e   Code   RO          851    i.HAL_PCD_EP_GetRxCount  stm32l4xx_hal_pcd.o
    0x08000e68   0x0000005c   Code   RO          852    i.HAL_PCD_EP_Open   stm32l4xx_hal_pcd.o
    0x08000ec4   0x0000002e   Code   RO          853    i.HAL_PCD_EP_Receive  stm32l4xx_hal_pcd.o
    0x08000ef2   0x0000006a   Code   RO          854    i.HAL_PCD_EP_SetStall  stm32l4xx_hal_pcd.o
    0x08000f5c   0x0000002a   Code   RO          855    i.HAL_PCD_EP_Transmit  stm32l4xx_hal_pcd.o
    0x08000f86   0x00000170   Code   RO          857    i.HAL_PCD_IRQHandler  stm32l4xx_hal_pcd.o
    0x080010f6   0x00000002   PAD
    0x080010f8   0x0000012c   Code   RO          860    i.HAL_PCD_Init      stm32l4xx_hal_pcd.o
    0x08001224   0x00000074   Code   RO          353    i.HAL_PCD_MspInit   usbd_conf.o
    0x08001298   0x00000026   Code   RO          354    i.HAL_PCD_ResetCallback  usbd_conf.o
    0x080012be   0x00000002   PAD
    0x080012c0   0x00000028   Code   RO          355    i.HAL_PCD_ResumeCallback  usbd_conf.o
    0x080012e8   0x00000008   Code   RO          356    i.HAL_PCD_SOFCallback  usbd_conf.o
    0x080012f0   0x00000028   Code   RO          866    i.HAL_PCD_SetAddress  stm32l4xx_hal_pcd.o
    0x08001318   0x0000000e   Code   RO          357    i.HAL_PCD_SetupStageCallback  usbd_conf.o
    0x08001326   0x0000002a   Code   RO          868    i.HAL_PCD_Start     stm32l4xx_hal_pcd.o
    0x08001350   0x00000024   Code   RO          358    i.HAL_PCD_SuspendCallback  usbd_conf.o
    0x08001374   0x000000b8   Code   RO         2853    i.HAL_PWREx_ControlVoltageScaling  stm32l4xx_hal_pwr_ex.o
    0x0800142c   0x00000010   Code   RO         2875    i.HAL_PWREx_EnableVddUSB  stm32l4xx_hal_pwr_ex.o
    0x0800143c   0x00000010   Code   RO         2880    i.HAL_PWREx_GetVoltageRange  stm32l4xx_hal_pwr_ex.o
    0x0800144c   0x00000590   Code   RO         2185    i.HAL_RCCEx_PeriphCLKConfig  stm32l4xx_hal_rcc_ex.o
    0x080019dc   0x00000002   Code   RO         2062    i.HAL_RCC_CSSCallback  stm32l4xx_hal_rcc.o
    0x080019de   0x00000002   PAD
    0x080019e0   0x00000220   Code   RO         2063    i.HAL_RCC_ClockConfig  stm32l4xx_hal_rcc.o
    0x08001c00   0x00000010   Code   RO         2065    i.HAL_RCC_EnableCSS  stm32l4xx_hal_rcc.o
    0x08001c10   0x00000024   Code   RO         2069    i.HAL_RCC_GetPCLK1Freq  stm32l4xx_hal_rcc.o
    0x08001c34   0x00000024   Code   RO         2070    i.HAL_RCC_GetPCLK2Freq  stm32l4xx_hal_rcc.o
    0x08001c58   0x000000a4   Code   RO         2071    i.HAL_RCC_GetSysClockFreq  stm32l4xx_hal_rcc.o
    0x08001cfc   0x00000018   Code   RO         2073    i.HAL_RCC_NMI_IRQHandler  stm32l4xx_hal_rcc.o
    0x08001d14   0x00000754   Code   RO         2074    i.HAL_RCC_OscConfig  stm32l4xx_hal_rcc.o
    0x08002468   0x00000002   Code   RO           89    i.HAL_SPI_ErrorCallback  main.o
    0x0800246a   0x00000002   PAD
    0x0800246c   0x0000023c   Code   RO         3292    i.HAL_SPI_Init      stm32l4xx_hal_spi.o
    0x080026a8   0x000000f0   Code   RO          792    i.HAL_SPI_MspInit   stm32l4xx_hal_msp.o
    0x08002798   0x00000002   Code   RO         3298    i.HAL_SPI_RxCpltCallback  stm32l4xx_hal_spi.o
    0x0800279a   0x00000002   Code   RO         3299    i.HAL_SPI_RxHalfCpltCallback  stm32l4xx_hal_spi.o
    0x0800279c   0x00000230   Code   RO         3302    i.HAL_SPI_TransmitReceive_DMA  stm32l4xx_hal_spi.o
    0x080029cc   0x00000002   Code   RO           90    i.HAL_SPI_TxRxCpltCallback  main.o
    0x080029ce   0x00000002   Code   RO         3309    i.HAL_SPI_TxRxHalfCpltCallback  stm32l4xx_hal_spi.o
    0x080029d0   0x00000028   Code   RO         3090    i.HAL_SYSTICK_Config  stm32l4xx_hal_cortex.o
    0x080029f8   0x00000100   Code   RO         3696    i.HAL_UART_Init     stm32l4xx_hal_uart.o
    0x08002af8   0x00000064   Code   RO          794    i.HAL_UART_MspInit  stm32l4xx_hal_msp.o
    0x08002b5c   0x00000002   Code   RO          700    i.HardFault_Handler  stm32l4xx_it.o
    0x08002b5e   0x00000002   PAD
    0x08002b60   0x00000038   Code   RO          552    i.IntToUnicode      usbd_desc.o
    0x08002b98   0x000000cc   Code   RO           91    i.MX_GPIO_Init      main.o
    0x08002c64   0x00000040   Code   RO           92    i.MX_SPI1_Init      main.o
    0x08002ca4   0x0000002c   Code   RO           93    i.MX_USART2_UART_Init  main.o
    0x08002cd0   0x00000054   Code   RO          314    i.MX_USB_DEVICE_Init  usb_device.o
    0x08002d24   0x00000002   Code   RO          701    i.MemManage_Handler  stm32l4xx_it.o
    0x08002d26   0x00000004   Code   RO          702    i.NMI_Handler       stm32l4xx_it.o
    0x08002d2a   0x000002a2   Code   RO          871    i.PCD_EP_ISR_Handler  stm32l4xx_hal_pcd.o
    0x08002fcc   0x00000002   Code   RO          703    i.PendSV_Handler    stm32l4xx_it.o
    0x08002fce   0x00000002   PAD
    0x08002fd0   0x00000210   Code   RO         2189    i.RCCEx_PLLSAI1_Config  stm32l4xx_hal_rcc_ex.o
    0x080031e0   0x0000007c   Code   RO         2075    i.RCC_SetFlashLatencyFromMSIRange  stm32l4xx_hal_rcc.o
    0x0800325c   0x00000022   Code   RO         3320    i.SPI_DMAError      stm32l4xx_hal_spi.o
    0x0800327e   0x0000000a   Code   RO         3321    i.SPI_DMAHalfReceiveCplt  stm32l4xx_hal_spi.o
    0x08003288   0x0000000a   Code   RO         3323    i.SPI_DMAHalfTransmitReceiveCplt  stm32l4xx_hal_spi.o
    0x08003292   0x00000056   Code   RO         3324    i.SPI_DMAReceiveCplt  stm32l4xx_hal_spi.o
    0x080032e8   0x0000005c   Code   RO         3327    i.SPI_DMATransmitReceiveCplt  stm32l4xx_hal_spi.o
    0x08003344   0x00000074   Code   RO         3329    i.SPI_EndRxTransaction  stm32l4xx_hal_spi.o
    0x080033b8   0x00000048   Code   RO         3330    i.SPI_EndRxTxTransaction  stm32l4xx_hal_spi.o
    0x08003400   0x00000096   Code   RO         3335    i.SPI_WaitFifoStateUntilTimeout  stm32l4xx_hal_spi.o
    0x08003496   0x00000094   Code   RO         3336    i.SPI_WaitFlagStateUntilTimeout  stm32l4xx_hal_spi.o
    0x0800352a   0x00000002   Code   RO          704    i.SVC_Handler       stm32l4xx_it.o
    0x0800352c   0x00000004   Code   RO          705    i.SysTick_Handler   stm32l4xx_it.o
    0x08003530   0x00000090   Code   RO           94    i.SystemClock_Config  main.o
    0x080035c0   0x00000044   Code   RO         4109    i.SystemInit        system_stm32l4xx.o
    0x08003604   0x0000020c   Code   RO         3710    i.UART_AdvFeatureConfig  stm32l4xx_hal_uart.o
    0x08003810   0x00000058   Code   RO         3711    i.UART_CheckIdleState  stm32l4xx_hal_uart.o
    0x08003868   0x00000388   Code   RO         3726    i.UART_SetConfig    stm32l4xx_hal_uart.o
    0x08003bf0   0x000000a4   Code   RO         3729    i.UART_WaitOnFlagUntilTimeout  stm32l4xx_hal_uart.o
    0x08003c94   0x00000046   Code   RO         4409    i.USBD_CDC_DataIn   usbd_cdc.o
    0x08003cda   0x0000002e   Code   RO         4410    i.USBD_CDC_DataOut  usbd_cdc.o
    0x08003d08   0x00000044   Code   RO         4411    i.USBD_CDC_DeInit   usbd_cdc.o
    0x08003d4c   0x00000024   Code   RO         4412    i.USBD_CDC_EP0_RxReady  usbd_cdc.o
    0x08003d70   0x0000000c   Code   RO         4413    i.USBD_CDC_GetDeviceQualifierDescriptor  usbd_cdc.o
    0x08003d7c   0x0000000c   Code   RO         4414    i.USBD_CDC_GetFSCfgDesc  usbd_cdc.o
    0x08003d88   0x0000000c   Code   RO         4415    i.USBD_CDC_GetHSCfgDesc  usbd_cdc.o
    0x08003d94   0x0000000c   Code   RO         4416    i.USBD_CDC_GetOtherSpeedCfgDesc  usbd_cdc.o
    0x08003da0   0x00000094   Code   RO         4417    i.USBD_CDC_Init     usbd_cdc.o
    0x08003e34   0x00000028   Code   RO         4418    i.USBD_CDC_ReceivePacket  usbd_cdc.o
    0x08003e5c   0x00000010   Code   RO         4419    i.USBD_CDC_RegisterInterface  usbd_cdc.o
    0x08003e6c   0x0000000c   Code   RO         4420    i.USBD_CDC_SetRxBuffer  usbd_cdc.o
    0x08003e78   0x00000010   Code   RO         4421    i.USBD_CDC_SetTxBuffer  usbd_cdc.o
    0x08003e88   0x000000ac   Code   RO         4422    i.USBD_CDC_Setup    usbd_cdc.o
    0x08003f34   0x00000036   Code   RO         4423    i.USBD_CDC_TransmitPacket  usbd_cdc.o
    0x08003f6a   0x0000000e   Code   RO         4146    i.USBD_ClrClassConfig  usbd_core.o
    0x08003f78   0x00000010   Code   RO         4349    i.USBD_CtlContinueRx  usbd_ioreq.o
    0x08003f88   0x00000010   Code   RO         4350    i.USBD_CtlContinueSendData  usbd_ioreq.o
    0x08003f98   0x00000016   Code   RO         4284    i.USBD_CtlError     usbd_ctlreq.o
    0x08003fae   0x0000001e   Code   RO         4351    i.USBD_CtlPrepareRx  usbd_ioreq.o
    0x08003fcc   0x00000016   Code   RO         4352    i.USBD_CtlReceiveStatus  usbd_ioreq.o
    0x08003fe2   0x0000001a   Code   RO         4353    i.USBD_CtlSendData  usbd_ioreq.o
    0x08003ffc   0x00000016   Code   RO         4354    i.USBD_CtlSendStatus  usbd_ioreq.o
    0x08004012   0x00000002   PAD
    0x08004014   0x00000020   Code   RO          553    i.USBD_FS_ConfigStrDescriptor  usbd_desc.o
    0x08004034   0x0000000c   Code   RO          554    i.USBD_FS_DeviceDescriptor  usbd_desc.o
    0x08004040   0x00000024   Code   RO          555    i.USBD_FS_InterfaceStrDescriptor  usbd_desc.o
    0x08004064   0x0000000c   Code   RO          556    i.USBD_FS_LangIDStrDescriptor  usbd_desc.o
    0x08004070   0x00000028   Code   RO          557    i.USBD_FS_ManufacturerStrDescriptor  usbd_desc.o
    0x08004098   0x0000002c   Code   RO          558    i.USBD_FS_ProductStrDescriptor  usbd_desc.o
    0x080040c4   0x00000038   Code   RO          559    i.USBD_FS_SerialStrDescriptor  usbd_desc.o
    0x080040fc   0x0000000c   Code   RO          560    i.USBD_FS_USR_BOSDescriptor  usbd_desc.o
    0x08004108   0x000000fc   Code   RO         4285    i.USBD_GetDescriptor  usbd_ctlreq.o
    0x08004204   0x00000048   Code   RO         4286    i.USBD_GetString    usbd_ctlreq.o
    0x0800424c   0x0000002a   Code   RO         4148    i.USBD_Init         usbd_core.o
    0x08004276   0x00000020   Code   RO          359    i.USBD_LL_ClearStallEP  usbd_conf.o
    0x08004296   0x00000020   Code   RO          360    i.USBD_LL_CloseEP   usbd_conf.o
    0x080042b6   0x000000c6   Code   RO         4149    i.USBD_LL_DataInStage  usbd_core.o
    0x0800437c   0x00000082   Code   RO         4150    i.USBD_LL_DataOutStage  usbd_core.o
    0x080043fe   0x00000008   Code   RO          364    i.USBD_LL_GetRxDataSize  usbd_conf.o
    0x08004406   0x00000002   PAD
    0x08004408   0x00000088   Code   RO          365    i.USBD_LL_Init      usbd_conf.o
    0x08004490   0x0000001c   Code   RO          366    i.USBD_LL_IsStallEP  usbd_conf.o
    0x080044ac   0x00000026   Code   RO          367    i.USBD_LL_OpenEP    usbd_conf.o
    0x080044d2   0x00000020   Code   RO          368    i.USBD_LL_PrepareReceive  usbd_conf.o
    0x080044f2   0x00000050   Code   RO         4155    i.USBD_LL_Reset     usbd_core.o
    0x08004542   0x00000014   Code   RO         4156    i.USBD_LL_Resume    usbd_core.o
    0x08004556   0x00000018   Code   RO         4157    i.USBD_LL_SOF       usbd_core.o
    0x0800456e   0x00000006   Code   RO         4158    i.USBD_LL_SetSpeed  usbd_core.o
    0x08004574   0x00000020   Code   RO          369    i.USBD_LL_SetUSBAddress  usbd_conf.o
    0x08004594   0x0000005a   Code   RO         4159    i.USBD_LL_SetupStage  usbd_core.o
    0x080045ee   0x00000020   Code   RO          370    i.USBD_LL_StallEP   usbd_conf.o
    0x0800460e   0x00000020   Code   RO          371    i.USBD_LL_Start     usbd_conf.o
    0x0800462e   0x00000012   Code   RO         4160    i.USBD_LL_Suspend   usbd_core.o
    0x08004640   0x00000020   Code   RO          373    i.USBD_LL_Transmit  usbd_conf.o
    0x08004660   0x00000028   Code   RO         4287    i.USBD_ParseSetupRequest  usbd_ctlreq.o
    0x08004688   0x00000010   Code   RO         4161    i.USBD_RegisterClass  usbd_core.o
    0x08004698   0x00000016   Code   RO         4163    i.USBD_SetClassConfig  usbd_core.o
    0x080046ae   0x00000002   PAD
    0x080046b0   0x00000084   Code   RO         4288    i.USBD_SetConfig    usbd_ctlreq.o
    0x08004734   0x0000000a   Code   RO         4164    i.USBD_Start        usbd_core.o
    0x0800473e   0x00000112   Code   RO         4289    i.USBD_StdDevReq    usbd_ctlreq.o
    0x08004850   0x00000150   Code   RO         4290    i.USBD_StdEPReq     usbd_ctlreq.o
    0x080049a0   0x0000004e   Code   RO         4291    i.USBD_StdItfReq    usbd_ctlreq.o
    0x080049ee   0x00000002   Code   RO          374    i.USBD_static_free  usbd_conf.o
    0x080049f0   0x00000008   Code   RO          375    i.USBD_static_malloc  usbd_conf.o
    0x080049f8   0x00000266   Code   RO         1120    i.USB_ActivateEndpoint  stm32l4xx_ll_usb.o
    0x08004c5e   0x00000004   Code   RO         1123    i.USB_CoreInit      stm32l4xx_ll_usb.o
    0x08004c62   0x0000010e   Code   RO         1125    i.USB_DeactivateEndpoint  stm32l4xx_ll_usb.o
    0x08004d70   0x0000000e   Code   RO         1126    i.USB_DevConnect    stm32l4xx_ll_usb.o
    0x08004d7e   0x0000000e   Code   RO         1127    i.USB_DevDisconnect  stm32l4xx_ll_usb.o
    0x08004d8c   0x0000001e   Code   RO         1128    i.USB_DevInit       stm32l4xx_ll_usb.o
    0x08004daa   0x00000010   Code   RO         1129    i.USB_DisableGlobalInt  stm32l4xx_ll_usb.o
    0x08004dba   0x00000004   Code   RO         1130    i.USB_EP0_OutStart  stm32l4xx_ll_usb.o
    0x08004dbe   0x00000078   Code   RO         1131    i.USB_EPClearStall  stm32l4xx_ll_usb.o
    0x08004e36   0x00000032   Code   RO         1132    i.USB_EPSetStall    stm32l4xx_ll_usb.o
    0x08004e68   0x0000019c   Code   RO         1133    i.USB_EPStartXfer   stm32l4xx_ll_usb.o
    0x08005004   0x00000010   Code   RO         1134    i.USB_EnableGlobalInt  stm32l4xx_ll_usb.o
    0x08005014   0x0000000c   Code   RO          706    i.USB_IRQHandler    stm32l4xx_it.o
    0x08005020   0x00000006   Code   RO         1141    i.USB_ReadInterrupts  stm32l4xx_ll_usb.o
    0x08005026   0x00000028   Code   RO         1142    i.USB_ReadPMA       stm32l4xx_ll_usb.o
    0x0800504e   0x00000004   Code   RO         1144    i.USB_SetCurrentMode  stm32l4xx_ll_usb.o
    0x08005052   0x0000000c   Code   RO         1145    i.USB_SetDevAddress  stm32l4xx_ll_usb.o
    0x0800505e   0x00000002   PAD
    0x08005060   0x00000026   Code   RO         1148    i.USB_WritePMA      stm32l4xx_ll_usb.o
    0x08005086   0x00000002   Code   RO          707    i.UsageFault_Handler  stm32l4xx_it.o
    0x08005088   0x00000020   Code   RO         3092    i.__NVIC_SetPriority  stm32l4xx_hal_cortex.o
    0x080050a8   0x0000000e   Code   RO         4575    i.__scatterload_copy  mc_w.l(handlers.o)
    0x080050b6   0x00000002   Code   RO         4576    i.__scatterload_null  mc_w.l(handlers.o)
    0x080050b8   0x0000000e   Code   RO         4577    i.__scatterload_zeroinit  mc_w.l(handlers.o)
    0x080050c6   0x00000002   Code   RO           95    i.assert_failed     main.o
    0x080050c8   0x00000050   Code   RO         4523    i.free              mc_w.l(malloc.o)
    0x08005118   0x000000a8   Code   RO           96    i.main              main.o
    0x080051c0   0x00000020   Code   RO           12    i.queue_get_front   queue.o
    0x080051e0   0x00000006   Code   RO           13    i.queue_get_frontl  queue.o
    0x080051e6   0x0000000a   Code   RO           14    i.queue_init        queue.o
    0x080051f0   0x00000012   Code   RO           16    i.queue_pop         queue.o
    0x08005202   0x00000002   PAD
    0x08005204   0x00000040   Data   RO         4110    .constdata          system_stm32l4xx.o
    0x08005244   0x00000008   Data   RO         4111    .constdata          system_stm32l4xx.o
    0x0800524c   0x00000020   Data   RO         4573    Region$$Table       anon$$obj.o


    Execution Region RW_IRAM1 (Base: 0x20000000, Size: 0x00002180, Max: 0x00020000, ABSOLUTE, COMPRESSED[0x000000d0])

    Base Addr    Size         Type   Attr      Idx    E Section Name        Object

    0x20000000   0x00000002   Data   RW          100    .data               main.o
    0x20000002   0x00000002   PAD
    0x20000004   0x00000020   Data   RW          562    .data               usbd_desc.o
    0x20000024   0x0000003e   Data   RW          563    .data               usbd_desc.o
    0x20000062   0x00000002   PAD
    0x20000064   0x00000010   Data   RW          650    .data               usbd_cdc_if.o
    0x20000074   0x0000000c   Data   RW         1352    .data               stm32l4xx_hal.o
    0x20000080   0x00000004   Data   RW         4112    .data               system_stm32l4xx.o
    0x20000084   0x00000001   Data   RW         4292    .data               usbd_ctlreq.o
    0x20000085   0x00000003   PAD
    0x20000088   0x000000d7   Data   RW         4424    .data               usbd_cdc.o
    0x2000015f   0x00000001   PAD
    0x20000160   0x00000038   Data   RW         4425    .data               usbd_cdc.o
    0x20000198   0x00000004   Data   RW         4569    .data               mc_w.l(mvars.o)
    0x2000019c   0x000001fc   Zero   RW           97    .bss                main.o
    0x20000398   0x00000048   Zero   RW           98    .bss                main.o
    0x200003e0   0x00000048   Zero   RW           99    .bss                main.o
    0x20000428   0x000002c4   Zero   RW          315    .bss                usb_device.o
    0x200006ec   0x00000494   Zero   RW          376    .bss                usbd_conf.o
    0x20000b80   0x00000200   Zero   RW          561    .bss                usbd_desc.o
    0x20000d80   0x00001000   Zero   RW          649    .bss                usbd_cdc_if.o
    0x20001d80   0x00000400   Zero   RW            1    STACK               startup_stm32l452xx.o


==============================================================================

Image component sizes


      Code (inc. data)   RO Data    RW Data    ZI Data      Debug   Object Name

       632         46          0          2        652     708339   main.o
        66          0          0          0          0       4702   queue.o
        36          8        404          0       1024        868   startup_stm32l452xx.o
       140         24          0         12          0       3845   stm32l4xx_hal.o
       460        196          0          0          0      34279   stm32l4xx_hal_cortex.o
       996        122          0          0          0       4091   stm32l4xx_hal_dma.o
       804        176          0          0          0       2668   stm32l4xx_hal_gpio.o
       384         40          0          0          0       2607   stm32l4xx_hal_msp.o
      1884         62          0          0          0      11205   stm32l4xx_hal_pcd.o
        88          0          0          0          0       2044   stm32l4xx_hal_pcd_ex.o
       216         82          0          0          0       2039   stm32l4xx_hal_pwr_ex.o
      2822        214          0          0          0       9135   stm32l4xx_hal_rcc.o
      1952        156          0          0          0       3392   stm32l4xx_hal_rcc_ex.o
      1856        146          0          0          0      11514   stm32l4xx_hal_spi.o
      1936        288          0          0          0       5921   stm32l4xx_hal_uart.o
        58         18          0          0          0       5861   stm32l4xx_it.o
      1664          0          0          0          0      15757   stm32l4xx_ll_usb.o
        68         12         72          4          0       1301   system_stm32l4xx.o
        84         18          0          0        708        836   usb_device.o
       726         16          0        271          0      14046   usbd_cdc.o
       112         22          0         16       4096       3508   usbd_cdc_if.o
       794         36          0          0       1172      15055   usbd_conf.o
       670          0          0          0          0      10311   usbd_core.o
      1206         20          0          1          0       8436   usbd_ctlreq.o
       300        108          0         94        512       6869   usbd_desc.o
       132          0          0          0          0       4724   usbd_ioreq.o

    ----------------------------------------------------------------------
     20108       1810        508        408       8164     893353   Object Totals
         0          0         32          0          0          0   (incl. Generated)
        22          0          0          8          0          0   (incl. Padding)

    ----------------------------------------------------------------------

      Code (inc. data)   RO Data    RW Data    ZI Data      Debug   Library Member Name

        86          0          0          0          0          0   __dczerorl2.o
         0          0          0          0          0          0   entry.o
         0          0          0          0          0          0   entry10a.o
         0          0          0          0          0          0   entry11a.o
         8          4          0          0          0          0   entry2.o
         4          0          0          0          0          0   entry5.o
         0          0          0          0          0          0   entry7b.o
         0          0          0          0          0          0   entry8b.o
         8          4          0          0          0          0   entry9a.o
        30          0          0          0          0          0   handlers.o
        36          8          0          0          0         68   init.o
        30          0          0          0          0         68   llshl.o
        32          0          0          0          0         68   llushr.o
        80          4          0          0          0         76   malloc.o
        36          0          0          0          0         68   memcpya.o
        36          0          0          0          0        108   memseta.o
         0          0          0          4          0          0   mvars.o
        98          0          0          0          0         92   uldiv.o

    ----------------------------------------------------------------------
       484         20          0          4          0        548   Library Totals
         0          0          0          0          0          0   (incl. Padding)

    ----------------------------------------------------------------------

      Code (inc. data)   RO Data    RW Data    ZI Data      Debug   Library Name

       484         20          0          4          0        548   mc_w.l

    ----------------------------------------------------------------------
       484         20          0          4          0        548   Library Totals

    ----------------------------------------------------------------------

==============================================================================


      Code (inc. data)   RO Data    RW Data    ZI Data      Debug   

     20592       1830        508        412       8164     876077   Grand Totals
     20592       1830        508        208       8164     876077   ELF Image Totals (compressed)
     20592       1830        508        208          0          0   ROM Totals

==============================================================================

    Total RO  Size (Code + RO Data)                21100 (  20.61kB)
    Total RW  Size (RW Data + ZI Data)              8576 (   8.38kB)
    Total ROM Size (Code + RO Data + RW Data)      21308 (  20.81kB)

==============================================================================

